18:57:39 [FILTRADOR] === FILTRADOR DE SALDOS ===
18:57:39 [FILTRADOR] *** MODO SOLO FILTRO 3: Descarga de liquidaciones ***
18:57:39 [FILTRADOR] *** Workers: 5 procesos paralelos ***
18:57:39 [FILTRADOR] === PASO 0: Merge de Reportes ===
18:57:39 [FILTRADOR] Excel madre cargado: 168 causas existentes
18:57:39 [FILTRADOR]   Saltando Reporte_2026-03-07.xlsx (ya importado)
18:57:39 [FILTRADOR]   Saltando Reporte_2026-03-13.xlsx (ya importado)
18:57:39 [FILTRADOR]   Saltando Reporte_2026-03-20.1.xlsx (ya importado)
18:57:39 [FILTRADOR]   Saltando Reporte_2026-03-20.xlsx (ya importado)
18:57:39 [FILTRADOR]   Saltando Reporte_2026-03-21.xlsx (ya importado)
18:57:39 [FILTRADOR]   Saltando Reporte_2026-03-26.xlsx (ya importado)
18:57:39 [FILTRADOR] Total causas nuevas importadas: 0
18:57:39 [FILTRADOR] Total causas en Excel madre: 168
18:57:39 [FILTRADOR] [F3] Procesando 9 causas con liquidacion en tabla
  -> Cargando OJV...
  ✓ Formulario listo
18:57:46 [FILTRADOR] [F3] C-1381-2025 (2º Juzgado Civil de Talcahuano)...
  -> Buscando C-1381-2025...
    Buscando '2º Juzgado Civil de Talcahuano' en #conCorte....................... ✗ no encontrado (mejor score: 45.7%, umbral: 80%)
  ✗ Corte no encontrada
18:57:59 [FILTRADOR]   [F3] C-1381-2025: No encontrada en OJV
18:57:59 [FILTRADOR] [F3] C-3535-2025 (2º Juzgado de Letras Civil de Antofagasta)...
  -> Buscando C-3535-2025...
    Buscando '2º Juzgado de Letras Civil de Antofagasta' en #conCorte... ✓ 'C.A. de Antofagasta' (84.6%)
    Buscando 'C.A. de Antofagasta' en #conTribunal... ✓ '1º Juzgado de Letras Civil de Antofagasta' (84.6%)
  ✗ Sin resultados (OJV: causa no encontrada)
18:58:09 [FILTRADOR]   [F3] C-3535-2025: No encontrada en OJV
18:58:09 [FILTRADOR] [F3] C-4836-2022 (2º Juzgado Civil de Rancagua)...
  -> Buscando C-4836-2022...
    Buscando '2º Juzgado Civil de Rancagua' en #conCorte... ✓ 'C.A. de Rancagua' (80.0%)
    Buscando 'C.A. de Rancagua' en #conTribunal... ✓ '1º Juzgado Civil de Rancagua' (80.0%)
  ✓ 2 resultado(s)
  ✓ Detalle abierto
    Buscando 'Apremio' en #selCuaderno... ✓ '2 - Apremio Ejecutivo Obligación de Dar' (100.0%)
18:58:22 [FILTRADOR]   [F3] C-4836-2022: Buscando fila de liquidacion en tabla...
18:58:22 [FILTRADOR]   [F3] C-4836-2022: Fila de liquidacion no encontrada en tabla
18:58:23 [FILTRADOR] [F3] C-862-2021 (3º Juzgado de Letras de la Serena)...
  -> Buscando C-862-2021...
    Buscando '3º Juzgado de Letras de la Serena' en #conCorte... ✓ 'C.A. de La Serena' (81.8%)
    Buscando 'C.A. de La Serena' en #conTribunal... ✓ '1º Juzgado de Letras de la Serena' (81.8%)
  ✗ Sin resultados (OJV: causa no encontrada)
18:58:32 [FILTRADOR]   [F3] C-862-2021: No encontrada en OJV
18:58:32 [FILTRADOR] [F3] C-7366-2024 (2º Juzgado Civil de Rancagua)...
  -> Buscando C-7366-2024...
    Buscando '2º Juzgado Civil de Rancagua' en #conCorte... ✓ 'C.A. de Rancagua' (80.0%)
    Buscando 'C.A. de Rancagua' en #conTribunal... ✓ '1º Juzgado Civil de Rancagua' (80.0%)
  ✗ Sin resultados (OJV: causa no encontrada)
18:58:39 [FILTRADOR]   [F3] C-7366-2024: No encontrada en OJV
18:58:39 [FILTRADOR] [F3] C-867-2024 (Juzgado de Letras de Villarrica)...
  -> Buscando C-867-2024...
    Buscando 'Juzgado de Letras de Villarrica' en #conCorte....................... ✗ no encontrado (mejor score: 41.2%, umbral: 80%)
  ✗ Corte no encontrada
18:58:52 [FILTRADOR]   [F3] C-867-2024: No encontrada en OJV
18:58:52 [FILTRADOR] [F3] C-755-2024 (1º Juzgado de Letras de Quilpue)...
  -> Buscando C-755-2024...
    Buscando '1º Juzgado de Letras de Quilpue' en #conCorte....................... ✗ no encontrado (mejor score: 45.7%, umbral: 80%)
  ✗ Corte no encontrada
18:59:05 [FILTRADOR]   [F3] C-755-2024: No encontrada en OJV
18:59:05 [FILTRADOR] [F3] C-817-2023 (3º Juzgado de Letras de Calama)...
  -> Buscando C-817-2023...
    Buscando '3º Juzgado de Letras de Calama' en #conCorte....................... ✗ no encontrado (mejor score: 44.4%, umbral: 80%)
  ✗ Corte no encontrada
18:59:18 [FILTRADOR]   [F3] C-817-2023: No encontrada en OJV
18:59:18 [FILTRADOR] [F3] C-1138-2024 (2º Juzgado de Letras Civil de Antofagasta)...
  -> Buscando C-1138-2024...
    Buscando '2º Juzgado de Letras Civil de Antofagasta' en #conCorte... ✓ 'C.A. de Antofagasta' (84.6%)
    Buscando 'C.A. de Antofagasta' en #conTribunal... ✓ '1º Juzgado de Letras Civil de Antofagasta' (84.6%)
Traceback (most recent call last):
  File [35m"D:\Remates\filtrador_saldos.py"[0m, line [35m3851[0m, in [35m<module>[0m
    [31mmain[0m[1;31m()[0m
    [31m~~~~[0m[1;31m^^[0m
  File [35m"D:\Remates\filtrador_saldos.py"[0m, line [35m3550[0m, in [35mmain[0m
    found = buscar_causa(page, rol, anio, tribunal, corte)
  File [35m"D:\Remates\ojv_remates.py"[0m, line [35m257[0m, in [35mbuscar_causa[0m
    [31mtime.sleep[0m[1;31m(1.5)[0m   # dar tiempo al AJAX antes de tocar ROL/año
    [31m~~~~~~~~~~[0m[1;31m^^^^^[0m
[1;35mKeyboardInterrupt[0m
