20:48:43 [FILTRADOR] === FILTRADOR DE SALDOS ===
20:48:43 [FILTRADOR] *** MODO SOLO FILTRO 3: Descarga de liquidaciones ***
20:48:43 [FILTRADOR] *** Workers: 5 procesos paralelos ***
20:48:43 [FILTRADOR] === PASO 0: Merge de Reportes ===
20:48:43 [FILTRADOR] Excel madre cargado: 168 causas existentes
20:48:43 [FILTRADOR]   Saltando Reporte_2026-03-07.xlsx (ya importado)
20:48:43 [FILTRADOR]   Saltando Reporte_2026-03-13.xlsx (ya importado)
20:48:43 [FILTRADOR]   Saltando Reporte_2026-03-20.1.xlsx (ya importado)
20:48:43 [FILTRADOR]   Saltando Reporte_2026-03-20.xlsx (ya importado)
20:48:43 [FILTRADOR]   Saltando Reporte_2026-03-21.xlsx (ya importado)
20:48:43 [FILTRADOR]   Saltando Reporte_2026-03-26.xlsx (ya importado)
20:48:43 [FILTRADOR] Total causas nuevas importadas: 0
20:48:43 [FILTRADOR] Total causas en Excel madre: 168
20:48:43 [FILTRADOR] [F3] Procesando 2 causas con liquidacion en tabla
  -> Cargando OJV...
  ✓ Formulario listo
20:48:48 [FILTRADOR] [F3] C-1381-2025 (2º Juzgado Civil de Talcahuano)...
  -> Buscando C-1381-2025...
    Buscando 'C.A. de Concepción' en #conCorte... ✓ 'C.A. de Concepción' (100.0%)
    Buscando '2º Juzgado Civil de Talcahuano' en #conTribunal... ✓ '2º Juzgado Civil de Talcahuano' (100.0%)
  ✓ 2 resultado(s)
  ✓ Detalle abierto
    Buscando 'Apremio' en #selCuaderno... ✓ '2 - Apremio Ejecutivo Obligación de Dar' (100.0%)
20:49:01 [FILTRADOR]   [F3] C-1381-2025: Buscando Liquidacion (Credito) en tabla...
20:49:03 [FILTRADOR]   [F3] C-1381-2025: Liquidacion (Credito) no encontrada en tabla. Pendiente.
20:49:04 [FILTRADOR] [F3] C-5950-2020 (3º Juzgado Civil de Concepción)...
  -> Buscando C-5950-2020...
    Buscando 'C.A. de Concepción' en #conCorte... ✓ 'C.A. de Concepción' (100.0%)
    Buscando '3º Juzgado Civil de Concepción' en #conTribunal... ✓ '3º Juzgado Civil de Concepción' (100.0%)
  ✓ 116 resultado(s)
  ✓ Detalle abierto
    Buscando 'Apremio' en #selCuaderno... ✓ '2 - Apremio Ejecutivo Obligación de Dar' (100.0%)
20:49:18 [FILTRADOR]   [F3] C-5950-2020: Buscando Liquidacion (Credito) en tabla...
20:49:20 [FILTRADOR]   [F3] C-5950-2020: Liquidacion (Credito) no encontrada en tabla. Pendiente.
20:49:21 [FILTRADOR] Generando Excel formateado...
20:49:21 [FILTRADOR]   Pestana 'Revision Manual': 11 causas
20:49:21 [FILTRADOR] Excel madre guardado: D:\Remates\Causas con liq\Causas_posible_saldo.xlsx
20:49:21 [FILTRADOR] [F3] No hay excedentes confirmados para exportar
20:49:21 [FILTRADOR] 
20:49:21 [FILTRADOR] ====================================================
20:49:21 [FILTRADOR]   RESUMEN FILTRO 3
20:49:21 [FILTRADOR] ====================================================
20:49:21 [FILTRADOR]   Causas procesadas:          2
20:49:21 [FILTRADOR]   Excedentes confirmados:     0
20:49:21 [FILTRADOR]   Eliminadas (sin excedente): 0
20:49:21 [FILTRADOR]   Revision manual:            0
20:49:21 [FILTRADOR]   Pendientes (sin cambio):    2
20:49:21 [FILTRADOR] ====================================================
20:49:21 [FILTRADOR] Excel madre guardado: D:\Remates\Causas con liq\Causas_posible_saldo.xlsx
