17:37:07 [FILTRADOR] === FILTRADOR DE SALDOS ===
17:37:07 [FILTRADOR] *** Workers: 5 procesos paralelos ***
17:37:07 [FILTRADOR] === PASO 0: Merge de Reportes ===
17:37:07 [FILTRADOR] Excel madre cargado: 168 causas existentes
17:37:07 [FILTRADOR]   Saltando Reporte_2026-03-07.xlsx (ya importado)
17:37:07 [FILTRADOR]   Saltando Reporte_2026-03-13.xlsx (ya importado)
17:37:07 [FILTRADOR]   Saltando Reporte_2026-03-20.1.xlsx (ya importado)
17:37:07 [FILTRADOR]   Saltando Reporte_2026-03-20.xlsx (ya importado)
17:37:07 [FILTRADOR]   Saltando Reporte_2026-03-21.xlsx (ya importado)
17:37:07 [FILTRADOR]   Saltando Reporte_2026-03-26.xlsx (ya importado)
17:37:07 [FILTRADOR]   Reporte_2026-04-02.xlsx: 74 causas nuevas importadas
17:37:07 [FILTRADOR] Total causas nuevas importadas: 74
17:37:07 [FILTRADOR] Total causas en Excel madre: 242
17:37:07 [FILTRADOR] Procesando 59 causas elegibles (dias >= 2)...
17:37:07 [FILTRADOR]   (160 causas con < 2 dias, no elegibles aun)
17:37:07 [FILTRADOR]   Grupo: C.A. de Antofagasta / 1º Juzgado de Letras Civil de Antofagasta (1 causas)
17:37:07 [FILTRADOR]   Grupo: C.A. de Antofagasta / 2º Juzgado de Letras Civil de Antofagasta (1 causas)
17:37:07 [FILTRADOR]   Grupo: C.A. de Antofagasta / 3º Juzgado de Letras Civil de Antofagasta (2 causas)
17:37:07 [FILTRADOR]   Grupo: C.A. de Antofagasta / 3º Juzgado de Letras de Calama (1 causas)
17:37:07 [FILTRADOR]   Grupo: C.A. de Antofagasta / 4° Juzgado de Letras Civil de Antofagasta (1 causas)
17:37:07 [FILTRADOR]   Grupo: C.A. de Chillán / 1º Juzgado Civil de Chillán (2 causas)
17:37:07 [FILTRADOR]   Grupo: C.A. de Chillán / 2º Juzgado Civil de Chillán (1 causas)
17:37:07 [FILTRADOR]   Grupo: C.A. de Concepción / 1º Juzgado Civil de Concepción (3 causas)
17:37:07 [FILTRADOR]   Grupo: C.A. de Concepción / 2º Juzgado Civil de Concepción (1 causas)
17:37:07 [FILTRADOR]   Grupo: C.A. de Concepción / 2º Juzgado Civil de Talcahuano (1 causas)
17:37:07 [FILTRADOR]   Grupo: C.A. de Concepción / 3º Juzgado Civil de Concepción (3 causas)
17:37:07 [FILTRADOR]   Grupo: C.A. de Coyhaique / 1º Juzgado de Letras de Coyhaique (1 causas)
17:37:07 [FILTRADOR]   Grupo: C.A. de Iquique / 1º Juzgado de Letras de Iquique (3 causas)
17:37:07 [FILTRADOR]   Grupo: C.A. de Iquique / 3º Juzgado de Letras de Iquique (1 causas)
17:37:07 [FILTRADOR]   Grupo: C.A. de La Serena / 1º Juzgado de Letras de la Serena (5 causas)
17:37:07 [FILTRADOR]   Grupo: C.A. de La Serena / 2º Juzgado de Letras de Coquimbo (2 causas)
17:37:07 [FILTRADOR]   Grupo: C.A. de La Serena / 2º Juzgado de Letras de Ovalle (1 causas)
17:37:07 [FILTRADOR]   Grupo: C.A. de La Serena / 2º Juzgado de Letras de la Serena (2 causas)
17:37:07 [FILTRADOR]   Grupo: C.A. de La Serena / 3º Juzgado de Letras de Coquimbo (1 causas)
17:37:07 [FILTRADOR]   Grupo: C.A. de La Serena / 3º Juzgado de Letras de la Serena (3 causas)
17:37:07 [FILTRADOR]   Grupo: C.A. de None / 3° Antofa (1 causas)
17:37:07 [FILTRADOR]   Grupo: C.A. de Rancagua / 1º Juzgado de Letras de Santa Cruz (2 causas)
17:37:07 [FILTRADOR]   Grupo: C.A. de Rancagua / 2º Juzgado Civil de Rancagua (3 causas)
17:37:07 [FILTRADOR]   Grupo: C.A. de Temuco / 1º Juzgado Civil de Temuco (1 causas)
17:37:07 [FILTRADOR]   Grupo: C.A. de Temuco / Juzgado de Letras de Villarrica (1 causas)
17:37:07 [FILTRADOR]   Grupo: C.A. de Temuco / Juzgado de Letras y Gar.de Carahue (1 causas)
17:37:07 [FILTRADOR]   Grupo: C.A. de Valparaíso / 1º Juzgado Civil de Viña del Mar (3 causas)
17:37:07 [FILTRADOR]   Grupo: C.A. de Valparaíso / 1º Juzgado de Letras de Los Andes (2 causas)
17:37:07 [FILTRADOR]   Grupo: C.A. de Valparaíso / 1º Juzgado de Letras de Quilpue (1 causas)
17:37:07 [FILTRADOR]   Grupo: C.A. de Valparaíso / 1º Juzgado de Letras de San Felipe (1 causas)
17:37:07 [FILTRADOR]   Grupo: C.A. de Valparaíso / 2º Juzgado Civil de Valparaíso (2 causas)
17:37:07 [FILTRADOR]   Grupo: C.A. de Valparaíso / 2º Juzgado Civil de Viña del Mar (1 causas)
17:37:07 [FILTRADOR]   Grupo: C.A. de Valparaíso / 3º Juzgado Civil de Valparaíso (1 causas)
17:37:07 [FILTRADOR]   Grupo: C.A. de Valparaíso / 3º Juzgado Civil de Viña del Mar (1 causas)
17:37:07 [FILTRADOR]   Grupo: C.A. de Valparaíso / 4º Juzgado Civil de Valparaíso (2 causas)
17:37:07 [FILTRADOR] Lanzando 5 workers activos de 5 configurados
17:37:07 [FILTRADOR]   Worker 1: 14 causas
17:37:07 [FILTRADOR]   Worker 2: 14 causas
17:37:07 [FILTRADOR]   Worker 3: 12 causas
17:37:07 [FILTRADOR]   Worker 4: 12 causas
17:37:07 [FILTRADOR]   Worker 5: 7 causas
17:37:07 [FILTRADOR] Lanzando Worker 1 (14 causas)...
17:37:07 [FILTRADOR] Lanzando Worker 2 (14 causas)...
17:37:07 [FILTRADOR] Lanzando Worker 3 (12 causas)...
17:37:07 [FILTRADOR] Lanzando Worker 4 (12 causas)...
17:37:07 [FILTRADOR] Lanzando Worker 5 (7 causas)...
17:37:07 [FILTRADOR] [W5] Iniciando worker (PID 22252)...
17:37:07 [FILTRADOR] [W2] Iniciando worker (PID 5620)...
17:37:07 [FILTRADOR] [W3] Iniciando worker (PID 19752)...
17:37:07 [FILTRADOR] [W4] Iniciando worker (PID 19788)...
17:37:07 [FILTRADOR] [W1] Iniciando worker (PID 9880)...
17:37:07 [FILTRADOR] [W5] 7 causas a procesar
17:37:07 [FILTRADOR] [W3] 12 causas a procesar
17:37:07 [FILTRADOR] [W2] 14 causas a procesar
17:37:07 [FILTRADOR] [W4] 12 causas a procesar
17:37:07 [FILTRADOR] [W1] 14 causas a procesar
  -> Cargando OJV...
  -> Cargando OJV...
  -> Cargando OJV...
  -> Cargando OJV...
  -> Cargando OJV...
  ✓ Formulario listo
  ✓ Formulario listo
17:37:16 [FILTRADOR]   [W5] Grupo: C.A. de Iquique / 1º Juzgado de Letras de Iquique
  ✓ Formulario listo
17:37:16 [FILTRADOR]   [W2] Grupo: C.A. de Valparaíso / 1º Juzgado Civil de Viña del Mar
  ✓ Formulario listo
17:37:16 [FILTRADOR]   [W4] Grupo: C.A. de Antofagasta / 1º Juzgado de Letras Civil de Antofagasta
    Buscando 'C.A. de Iquique' en #conCorte... ✓ 'C.A. de Iquique' (100.0%)
17:37:17 [FILTRADOR]   [W3] Grupo: C.A. de Chillán / 1º Juzgado Civil de Chillán
    Buscando 'C.A. de Valparaíso' en #conCorte... ✓ 'C.A. de Valparaíso' (100.0%)
    Buscando 'C.A. de Antofagasta' en #conCorte... ✓ 'C.A. de Antofagasta' (100.0%)
    Buscando 'C.A. de Chillán' en #conCorte...    Buscando '1º Juzgado de Letras de Iquique' en #conTribunal... ✓ '1º Juzgado de Letras de Iquique' (100.0%)
 ✓ 'C.A. de Chillan' (100.0%)
    Buscando '1º Juzgado Civil de Viña del Mar' en #conTribunal... ✓ '1º Juzgado Civil de Viña del Mar' (100.0%)
  ✓ Formulario listo
    Buscando '1º Juzgado de Letras Civil de Antofagasta' en #conTribunal... ✓ '1º Juzgado de Letras Civil de Antofagasta' (100.0%)
    Buscando '1º Juzgado Civil de Chillán' en #conTribunal...17:37:19 [FILTRADOR]   [W1] Grupo: C.A. de La Serena / 1º Juzgado de Letras de la Serena
 ✓ '1º Juzgado Civil de Chillán' (100.0%)
    Buscando 'C.A. de La Serena' en #conCorte...17:37:20 [FILTRADOR]   [W5] Causa 1/7: 2543-2025 [PENDIENTE_LIQUIDACION]
17:37:20 [FILTRADOR]   W5 Buscando 2543-2025 en OJV...
  -> Buscando C-2543-2025...
 ✓ 'C.A. de La Serena' (100.0%)
17:37:20 [FILTRADOR]   [W2] Causa 1/14: 2881-2021 [PENDIENTE_ACTA]
17:37:20 [FILTRADOR]   W2 Buscando 2881-2021 en OJV...
  -> Buscando C-2881-2021...
17:37:21 [FILTRADOR]   [W4] Causa 1/12: 2255-2025 [PENDIENTE_FILTRO1]
17:37:21 [FILTRADOR]   W4 Buscando 2255-2025 en OJV...
  -> Buscando C-2255-2025...
    Buscando 'C.A. de Iquique' en #conCorte...    Buscando '1º Juzgado de Letras de la Serena' en #conTribunal... ✓ 'C.A. de Iquique' (100.0%)
17:37:21 [FILTRADOR]   [W3] Causa 1/12: 752-2021 [PENDIENTE_FILTRO1]
17:37:21 [FILTRADOR]   W3 Buscando 752-2021 en OJV...
  -> Buscando C-752-2021...
 ✓ '1º Juzgado de Letras de la Serena' (100.0%)
    Buscando 'C.A. de Valparaíso' en #conCorte... ✓ 'C.A. de Valparaíso' (100.0%)
    Buscando 'C.A. de Antofagasta' en #conCorte... ✓ 'C.A. de Antofagasta' (100.0%)
    Buscando 'C.A. de Chillán' en #conCorte...    Buscando '1º Juzgado de Letras de Iquique' en #conTribunal... ✓ '1º Juzgado de Letras de Iquique' (100.0%)
 ✓ 'C.A. de Chillan' (100.0%)
    Buscando '1º Juzgado Civil de Viña del Mar' en #conTribunal... ✓ '1º Juzgado Civil de Viña del Mar' (100.0%)
    Buscando '1º Juzgado de Letras Civil de Antofagasta' en #conTribunal... ✓ '1º Juzgado de Letras Civil de Antofagasta' (100.0%)
    Buscando '1º Juzgado Civil de Chillán' en #conTribunal...17:37:23 [FILTRADOR]   [W1] Causa 1/14: 3117-2025 [PENDIENTE_FILTRO1]
17:37:23 [FILTRADOR]   W1 Buscando 3117-2025 en OJV...
  -> Buscando C-3117-2025...
 ✓ '1º Juzgado Civil de Chillán' (100.0%)
    Buscando 'C.A. de La Serena' en #conCorte... ✓ 'C.A. de La Serena' (100.0%)
    Buscando '1º Juzgado de Letras de la Serena' en #conTribunal... ✓ '1º Juzgado de Letras de la Serena' (100.0%)
  ✓ 2 resultado(s)
  ✓ 2 resultado(s)
  ✓ 2 resultado(s)
  ✗ Sin resultados (OJV: causa no encontrada)
  -> Buscando C-752-2021...
    Buscando 'C.A. de Chillán' en #conCorte... ✓ 'C.A. de Chillan' (100.0%)
  ✓ Detalle abierto
    Buscando 'Apremio' en #selCuaderno... ✓ '2 - Apremio Ejecutivo Obligación de Dar' (100.0%)
  ✓ Detalle abierto
    Buscando 'Apremio' en #selCuaderno...    Buscando '1º Juzgado Civil de Chillán' en #conTribunal... ✓ '3 - Apremio de desposeimiento' (100.0%)
  ✗ Sin resultados (OJV: causa no encontrada)
  -> Buscando C-3117-2025...
 ✓ '1º Juzgado Civil de Chillán' (100.0%)
  ✓ Detalle abierto
    Buscando 'Apremio' en #selCuaderno... ✓ '2 - Apremio Ejecutivo Obligación de Dar' (100.0%)
    Buscando 'C.A. de La Serena' en #conCorte... ✓ 'C.A. de La Serena' (100.0%)
    Buscando '1º Juzgado de Letras de la Serena' en #conTribunal... ✓ '1º Juzgado de Letras de la Serena' (100.0%)
17:37:35 [FILTRADOR]   #historiaCiv: 2 filas leidas (de 31 totales, filtro fecha >= 2026-03-20)
17:37:35 [FILTRADOR]   [FILTRO1-W4] 2255 (1º Juzgado de Letras Civil de Antofagasta) -> PENDIENTE_ACTA: Sin senales de suspension o no postores -> paso a Filtro 2
17:37:35 [FILTRADOR]   W4 HTML guardado: PENDIENTE_ACTA_C-2255-2025_1º_Juzgado_de_Letras_Civil_de_.html
    Tabla modal: #modalDetalleCivil .table-responsive table tbody tr (64 filas)
    Tabla modal: #modalDetalleCivil .table-responsive table tbody tr (62 filas)
17:37:36 [FILTRADOR]   W5 2543: 57 filas en tabla de tramitacion
17:37:36 [FILTRADOR]   2543: Liquidacion encontrada en folio 47
17:37:37 [FILTRADOR]   W2 2881: 55 filas en tabla de tramitacion
  ✗ Sin resultados (OJV: causa no encontrada)
  -> Buscando C-752-2021...
17:37:37 [FILTRADOR]   PDF descargado: 2543-2025_liquidacion.pdf (402546 bytes)
    Buscando 'C.A. de Chillán' en #conCorte... ✓ 'C.A. de Chillan' (100.0%)
    Buscando '1º Juzgado Civil de Chillán' en #conTribunal...  ✗ Sin resultados (OJV: causa no encontrada)
  -> Buscando C-3117-2025...
 ✓ '1º Juzgado Civil de Chillán' (100.0%)
17:37:39 [FILTRADOR]   [W2] Causa 2/14: 3338-2024 [PENDIENTE_FILTRO1] (mismo tribunal)
17:37:39 [FILTRADOR]   W2 Buscando 3338-2024 en OJV...
17:37:40 [FILTRADOR]   [W5] Causa 2/7: 2305-2025 [PENDIENTE_FILTRO1] (mismo tribunal)
17:37:40 [FILTRADOR]   W5 Buscando 2305-2025 en OJV...
    Buscando 'C.A. de La Serena' en #conCorte... ✓ 'C.A. de La Serena' (100.0%)
    Buscando '1º Juzgado de Letras de la Serena' en #conTribunal... ✓ '1º Juzgado de Letras de la Serena' (100.0%)
  ✗ Error cuaderno: Page.wait_for_selector: Timeout 8000ms exceeded.
Call log:
  - waiting for locator("#selCuaderno") to be visible
    21 × locator resolved to hidden <select id="selCuaderno" class="form-control form-control-sm">…</select>

  ✗ Sin resultados (OJV: causa no encontrada)
17:37:45 [FILTRADOR]   W3 752: No encontrada en '1º Juzgado Civil de Chillán'. Reintentando con Todos...
  ✓ Detalle abierto
    Buscando 'Apremio' en #selCuaderno... ✓ '2 - Apremio Ejecutivo Obligación de Dar' (100.0%)
    Buscando 'C.A. de Chillán' en #conCorte... ✓ 'C.A. de Chillan' (100.0%)
  ✓ Detalle abierto
    Buscando 'Apremio' en #selCuaderno... ✓ '2 - Apremio Ejecutivo Obligación de Dar' (100.0%)
  ✗ Sin resultados (OJV: causa no encontrada)
17:37:47 [FILTRADOR]   W1 3117: No encontrada en '1º Juzgado de Letras de la Serena'. Reintentando con Todos...
    Buscando 'C.A. de La Serena' en #conCorte... ✓ 'C.A. de La Serena' (100.0%)
17:37:50 [FILTRADOR]   #historiaCiv: 2 filas leidas (de 37 totales, filtro fecha >= 2026-03-25)
17:37:50 [FILTRADOR]   [FILTRO1-W5] 2305 (1º Juzgado de Letras de Iquique) -> PENDIENTE_ACTA: Sin senales de suspension o no postores -> paso a Filtro 2
17:37:50 [FILTRADOR]   W5 HTML guardado: PENDIENTE_ACTA_C-2305-2025_1º_Juzgado_de_Letras_de_Iquiqu.html
17:37:50 [FILTRADOR]   #historiaCiv: 20 filas leidas (de 64 totales, filtro fecha >= 2026-03-26)
17:37:50 [FILTRADOR]   [FILTRO1-W2] 3338 (1º Juzgado Civil de Viña del Mar) -> NECESITA_PDF_ACTA: Acta de remate detectada en tabla (folio 66, 2026-03-31)
17:37:50 [FILTRADOR]   W2 HTML guardado: PENDIENTE_ACTA_C-3338-2024_1º_Juzgado_Civil_de_Viña_del_M.html
17:37:51 [FILTRADOR]   W2 3338: F2 hibrido - descargando PDF acta folio 66...
17:37:53 [FILTRADOR]   Fallback Todos: 2 resultados, buscando por caratulado (dte='BANCO DE CRÉDITO E INVERSIONES', ddo='')...
17:37:53 [FILTRADOR]   Fallback Todos: Encontrada via caratulado 06/04/2021 (tribunal real: 2º Juzgado Civil de Chillán)
    ⚠ Tabla del modal no encontrada
17:37:55 [FILTRADOR]   Fallback Todos: 2 resultados, buscando por caratulado (dte='SCOTIABANK CHILE', ddo='ZAMORANO')...
17:37:55 [FILTRADOR]   Fallback Todos: Encontrada via caratulado 21/10/2025 (tribunal real: 3º Juzgado de Letras de la Serena)
17:37:57 [FILTRADOR]   [W4] Grupo: C.A. de Antofagasta / 2º Juzgado de Letras Civil de Antofagasta
    Buscando 'C.A. de Antofagasta' en #conCorte... ✓ 'C.A. de Antofagasta' (100.0%)
  ✗ Error cuaderno: Page.wait_for_selector: Timeout 8000ms exceeded.
Call log:
  - waiting for locator("#selCuaderno") to be visible
    21 × locator resolved to hidden <select id="selCuaderno" class="form-control form-control-sm">…</select>

    Buscando '2º Juzgado de Letras Civil de Antofagasta' en #conTribunal... ✓ '2º Juzgado de Letras Civil de Antofagasta' (100.0%)
17:38:01 [FILTRADOR]   [W4] Causa 2/12: 3504-2022 [PENDIENTE_FILTRO1]
17:38:01 [FILTRADOR]   W4 Buscando 3504-2022 en OJV...
  -> Buscando C-3504-2022...
    Buscando 'C.A. de Antofagasta' en #conCorte... ✓ 'C.A. de Antofagasta' (100.0%)
    Buscando '2º Juzgado de Letras Civil de Antofagasta' en #conTribunal... ✓ '2º Juzgado de Letras Civil de Antofagasta' (100.0%)
17:38:06 [FILTRADOR]   Popup PDF no capturado: ElementHandle.click: Timeout 15000ms exceeded.
Call log:
  - attempting click action
    2 × waiting for element to be visible, enabled and stable
      - element is not visible
    - retrying click action
    - waiting 20ms
    2 × waiting for element to be visible, enabled and stable
      - element is not visible
    - retrying click action
      - waiting 100ms
    29 × waiting for element to be visible, enabled and stable
       - element is not visible
     - retrying click action
       - waiting 500ms
. Intentando expect_download...
    ⚠ Tabla del modal no encontrada
  ✓ 58 resultado(s)
17:38:10 [FILTRADOR]   [W5] Causa 3/7: 1328-2025 [PENDIENTE_FILTRO1] (mismo tribunal)
17:38:10 [FILTRADOR]   W5 Buscando 1328-2025 en OJV...
  ✗ Error abriendo detalle: ElementHandle.click: Timeout 15000ms exceeded.
Call log:
  - attempting click action
    2 × waiting for element to be visible, enabled and stable
      - element is visible, enabled and stable
      - scrolling into view if needed
      - done scrolling
      - <td>Terminada                               </td> from <div tabindex="-1" class="modal in" id="modalDetalleCivil">…</div> subtree intercepts pointer events
    - retrying click action
    - waiting 20ms
    - waiting for element to be visible, enabled and stable
    - element is visible, enabled and stable
    - scrolling into view if needed
    - done scrolling
    - <select id="selCuaderno" class="form-control form-control-sm">…</select> from <div tabindex="-1" class="modal in" id="modalDetalleCivil">…</div> subtree intercepts pointer events
  2 × retrying click action
      - waiting 100ms
      - waiting for element to be visible, enabled and stable
      - element is visible, enabled and stable
      - scrolling into view if needed
      - done scrolling
      - <td>…</td> from <div tabindex="-1" class="modal in" id="modalDetalleCivil">…</div> subtree intercepts pointer events
  7 × retrying click action
      - waiting 500ms
      - waiting for element to be visible, enabled and stable
      - element is visible, enabled and stable
      - scrolling into view if needed
      - done scrolling
      - <td>Terminada                               </td> from <div tabindex="-1" class="modal in" id="modalDetalleCivil">…</div> subtree intercepts pointer events
    - retrying click action
      - waiting 500ms
      - waiting for element to be visible, enabled and stable
      - element is visible, enabled and stable
      - scrolling into view if needed
      - done scrolling
      - <select id="selCuaderno" class="form-control form-control-sm">…</select> from <div tabindex="-1" class="modal in" id="modalDetalleCivil">…</div> subtree intercepts pointer events
    - retrying click action
      - waiting 500ms
      - waiting for element to be visible, enabled and stable
      - element is visible, enabled and stable
      - scrolling into view if needed
      - done scrolling
      - <td>…</td> from <div tabindex="-1" class="modal in" id="modalDetalleCivil">…</div> subtree intercepts pointer events
    - retrying click action
      - waiting 500ms
      - waiting for element to be visible, enabled and stable
      - element is visible, enabled and stable
      - scrolling into view if needed
      - done scrolling
      - <td>…</td> from <div tabindex="-1" class="modal in" id="modalDetalleCivil">…</div> subtree intercepts pointer events
  - retrying click action
    - waiting 500ms

  ✓ Detalle abierto
    Buscando 'Apremio' en #selCuaderno... ✓ '2 - Apremio Ejecutivo Obligación de Dar' (100.0%)
17:38:12 [FILTRADOR]   [W3] Causa 2/12: 616-2025 [PENDIENTE_FILTRO1] (mismo tribunal)
  ✗ Error abriendo detalle: ElementHandle.click: Timeout 15000ms exceeded.
Call log:
  - attempting click action
    2 × waiting for element to be visible, enabled and stable
      - element is visible, enabled and stable
      - scrolling into view if needed
      - done scrolling
      - <td>Excepciones                             </td> from <div tabindex="-1" class="modal in" id="modalDetalleCivil">…</div> subtree intercepts pointer events
    - retrying click action
    - waiting 20ms
    - waiting for element to be visible, enabled and stable
    - element is visible, enabled and stable
    - scrolling into view if needed
    - done scrolling
    - <select id="selCuaderno" class="form-control form-control-sm">…</select> from <div tabindex="-1" class="modal in" id="modalDetalleCivil">…</div> subtree intercepts pointer events
  2 × retrying click action
      - waiting 100ms
      - waiting for element to be visible, enabled and stable
      - element is visible, enabled and stable
      - scrolling into view if needed
      - done scrolling
      - <td>…</td> from <div tabindex="-1" class="modal in" id="modalDetalleCivil">…</div> subtree intercepts pointer events
  7 × retrying click action
      - waiting 500ms
      - waiting for element to be visible, enabled and stable
      - element is visible, enabled and stable
      - scrolling into view if needed
      - done scrolling
      - <td>Excepciones                             </td> from <div tabindex="-1" class="modal in" id="modalDetalleCivil">…</div> subtree intercepts pointer events
    - retrying click action
      - waiting 500ms
      - waiting for element to be visible, enabled and stable
      - element is visible, enabled and stable
      - scrolling into view if needed
      - done scrolling
      - <select id="selCuaderno" class="form-control form-control-sm">…</select> from <div tabindex="-1" class="modal in" id="modalDetalleCivil">…</div> subtree intercepts pointer events
    - retrying click action
      - waiting 500ms
      - waiting for element to be visible, enabled and stable
      - element is visible, enabled and stable
      - scrolling into view if needed
      - done scrolling
      - <td>…</td> from <div tabindex="-1" class="modal in" id="modalDetalleCivil">…</div> subtree intercepts pointer events
    - retrying click action
      - waiting 500ms
      - waiting for element to be visible, enabled and stable
      - element is visible, enabled and stable
      - scrolling into view if needed
      - done scrolling
      - <td>…</td> from <div tabindex="-1" class="modal in" id="modalDetalleCivil">…</div> subtree intercepts pointer events
  - retrying click action
    - waiting 500ms

17:38:13 [FILTRADOR]   W3 Buscando 616-2025 en OJV...
17:38:15 [FILTRADOR]   [W1] Causa 2/14: 2821-2025 [PENDIENTE_FILTRO1] (mismo tribunal)
17:38:15 [FILTRADOR]   W1 Buscando 2821-2025 en OJV...
17:38:16 [FILTRADOR]   #historiaCiv: 5 filas leidas (de 39 totales, filtro fecha >= 2026-03-26)
17:38:16 [FILTRADOR]   [FILTRO1-W4] 3504 (2º Juzgado de Letras Civil de Antofagasta) -> PENDIENTE_LIQUIDACION: Senal 4: "Ordena liquidar el crédito" (folio 33, 2026-03-31) -> directo a Filtro 3
  ✓ Detalle abierto
    Buscando 'Apremio' en #selCuaderno... ✓ '2 - Apremio Ejecutivo Obligación de Dar' (100.0%)
  ✓ Detalle abierto
    Buscando 'Apremio' en #selCuaderno... ✓ '2 - Apremio Ejecutivo Obligación de Dar' (100.0%)
17:38:20 [FILTRADOR]   #historiaCiv: 10 filas leidas (de 49 totales, filtro fecha >= 2026-03-25)
17:38:20 [FILTRADOR]   [FILTRO1-W5] 1328 (1º Juzgado de Letras de Iquique) -> ELIMINAR: Reprogramado: "Nuevo día y hora" (folio 41, 2026-03-30)
17:38:21 [FILTRADOR]   expect_download fallo: ElementHandle.click: Timeout 15000ms exceeded.
Call log:
  - attempting click action
    2 × waiting for element to be visible, enabled and stable
      - element is not visible
    - retrying click action
    - waiting 20ms
    2 × waiting for element to be visible, enabled and stable
      - element is not visible
    - retrying click action
      - waiting 100ms
    29 × waiting for element to be visible, enabled and stable
       - element is not visible
     - retrying click action
       - waiting 500ms

17:38:21 [FILTRADOR]   W2 3338: PDF acta no descargable -> PENDIENTE_ACTA
  ✓ Detalle abierto
    Buscando 'Apremio' en #selCuaderno... ✓ '2 - Apremio Ejecutivo Obligación de Dar' (100.0%)
17:38:22 [FILTRADOR]   [W5] Grupo: C.A. de Iquique / 3º Juzgado de Letras de Iquique
    Buscando 'C.A. de Iquique' en #conCorte... ✓ 'C.A. de Iquique' (100.0%)
17:38:23 [FILTRADOR]   #historiaCiv: 5 filas leidas (de 54 totales, filtro fecha >= 2026-03-25)
17:38:24 [FILTRADOR]   [FILTRO1-W3] 616 (1º Juzgado Civil de Chillán) -> PENDIENTE_ACTA: Sin senales de suspension o no postores -> paso a Filtro 2. INFO: Liquidacion objetada (folio 44)
17:38:24 [FILTRADOR]   W3 HTML guardado: PENDIENTE_ACTA_C-616-2025_1º_Juzgado_Civil_de_Chillán.html
  ✗ Error cuaderno: Page.wait_for_selector: Timeout 8000ms exceeded.
Call log:
  - waiting for locator("#selCuaderno") to be visible
    21 × locator resolved to hidden <select id="selCuaderno" class="form-control form-control-sm">…</select>

17:38:24 [FILTRADOR]   #historiaCiv: 0 filas leidas (de 5 totales, filtro fecha >= 2026-03-21)
17:38:24 [FILTRADOR]   W1 2821: Tabla historial: 0 filas recientes (5 totales, filtro >= 2026-03-21). Sin actividad reciente en Apremio.
17:38:24 [FILTRADOR]   W1 2821: Sin movimiento en 149 dias -> PENDIENTE_REVISION_MANUAL
    Buscando '3º Juzgado de Letras de Iquique' en #conTribunal... ✓ '3º Juzgado de Letras de Iquique' (100.0%)
17:38:26 [FILTRADOR]   [W1] Causa 3/14: 2264-2024 [PENDIENTE_FILTRO1] (mismo tribunal)
17:38:26 [FILTRADOR]   W1 Buscando 2264-2024 en OJV...
17:38:27 [FILTRADOR]   [W5] Causa 4/7: 4837-2024 [PENDIENTE_LIQUIDACION]
17:38:27 [FILTRADOR]   W5 Buscando 4837-2024 en OJV...
  -> Buscando C-4837-2024...
    Buscando 'C.A. de Iquique' en #conCorte... ✓ 'C.A. de Iquique' (100.0%)
    Buscando '3º Juzgado de Letras de Iquique' en #conTribunal...  ✗ Error cuaderno: Page.wait_for_selector: Timeout 8000ms exceeded.
Call log:
  - waiting for locator("#selCuaderno") to be visible
    21 × locator resolved to hidden <select id="selCuaderno" class="form-control form-control-sm">…</select>

 ✓ '3º Juzgado de Letras de Iquique' (100.0%)
  ✓ Detalle abierto
17:38:32 [FILTRADOR]   W1 2264: Estado OJV = ARCHIVADA -> PENDIENTE_REVISION_MANUAL
  ✗ Error cuaderno: Page.wait_for_selector: Timeout 8000ms exceeded.
Call log:
  - waiting for locator("#selCuaderno") to be visible
    21 × locator resolved to hidden <select id="selCuaderno" class="form-control form-control-sm">…</select>

17:38:34 [FILTRADOR]   [W1] Causa 4/14: 2500-2022 [PENDIENTE_FILTRO1] (mismo tribunal)
17:38:34 [FILTRADOR]   W1 Buscando 2500-2022 en OJV...
    ⚠ Tabla del modal no encontrada
  ✓ 60 resultado(s)
17:38:37 [FILTRADOR]   [W4] Grupo: C.A. de Antofagasta / 3º Juzgado de Letras Civil de Antofagasta
  ✓ Detalle abierto
    Buscando 'Apremio' en #selCuaderno... ✓ '2 - Apremio Ejecutivo Obligación de Dar' (100.0%)
    Buscando 'C.A. de Antofagasta' en #conCorte... ✓ 'C.A. de Antofagasta' (100.0%)
    ⚠ Tabla del modal no encontrada
    Buscando '3º Juzgado de Letras Civil de Antofagasta' en #conTribunal... ✓ '3º Juzgado de Letras Civil de Antofagasta' (100.0%)
  ✓ Detalle abierto
17:38:40 [FILTRADOR]   W1 2500: Estado OJV = ARCHIVADA -> PENDIENTE_REVISION_MANUAL
17:38:40 [FILTRADOR]   [W2] Causa 3/14: 2357-2022 [PENDIENTE_FILTRO1] (mismo tribunal)
17:38:40 [FILTRADOR]   W2 Buscando 2357-2022 en OJV...
17:38:41 [FILTRADOR]   [W1] Causa 5/14: 1400-2025 [PENDIENTE_FILTRO1] (mismo tribunal)
17:38:41 [FILTRADOR]   W1 Buscando 1400-2025 en OJV...
17:38:42 [FILTRADOR]   [W4] Causa 3/12: 3276-2025 [PENDIENTE_LIQUIDACION]
17:38:42 [FILTRADOR]   W4 Buscando 3276-2025 en OJV...
  -> Buscando C-3276-2025...
    Tabla modal: #modalDetalleCivil .table-responsive table tbody tr (148 filas)
    ⚠ Tabla del modal no encontrada
    Buscando 'C.A. de Antofagasta' en #conCorte... ✓ 'C.A. de Antofagasta' (100.0%)
    Buscando '3º Juzgado de Letras Civil de Antofagasta' en #conTribunal... ✓ '3º Juzgado de Letras Civil de Antofagasta' (100.0%)
17:38:44 [FILTRADOR]   [W3] Grupo: C.A. de Chillán / 2º Juzgado Civil de Chillán
17:38:45 [FILTRADOR]   W5 4837: 142 filas en tabla de tramitacion
    Buscando 'C.A. de Chillán' en #conCorte... ✓ 'C.A. de Chillan' (100.0%)
    Buscando '2º Juzgado Civil de Chillán' en #conTribunal... ✓ '2º Juzgado Civil de Chillán' (100.0%)
  ✓ Detalle abierto
    Buscando 'Apremio' en #selCuaderno...  ✓ Detalle abierto
    Buscando 'Apremio' en #selCuaderno... ✓ '2 - Apremio Ejecutivo Obligación de Dar' (100.0%)
17:38:48 [FILTRADOR]   [W5] Grupo: C.A. de Temuco / 1º Juzgado Civil de Temuco
.17:38:49 [FILTRADOR]   [W3] Causa 3/12: 1005-2025 [PENDIENTE_FILTRO1]
17:38:49 [FILTRADOR]   W3 Buscando 1005-2025 en OJV...
  -> Buscando C-1005-2025...
    Buscando 'C.A. de Temuco' en #conCorte.... ✓ 'C.A. de Temuco' (100.0%)
.    Buscando 'C.A. de Chillán' en #conCorte... ✓ 'C.A. de Chillan' (100.0%)
.  ✓ 63 resultado(s)
    Buscando '1º Juzgado Civil de Temuco' en #conTribunal... ✓ '1º Juzgado Civil de Temuco' (100.0%)
.    Buscando '2º Juzgado Civil de Chillán' en #conTribunal.... ✓ '2º Juzgado Civil de Chillán' (100.0%)
..17:38:52 [FILTRADOR]   [W5] Causa 5/7: 5177-2018 [PENDIENTE_FILTRO1]
17:38:52 [FILTRADOR]   W5 Buscando 5177-2018 en OJV...
  -> Buscando C-5177-2018...
17:38:52 [FILTRADOR]   #historiaCiv: 6 filas leidas (de 98 totales, filtro fecha >= 2026-03-25)
17:38:52 [FILTRADOR]   [FILTRO1-W2] 2357 (1º Juzgado Civil de Viña del Mar) -> ELIMINAR: Suspension/Reprograma: "Suspende/Reprograma Remate" (folio 102, 2026-04-01)
.  ✓ Detalle abierto
    Buscando 'Apremio' en #selCuaderno... ✓ '2 - Apremio Ejecutivo Obligación de Dar' (100.0%)
.    Buscando 'C.A. de Temuco' en #conCorte... ✓ 'C.A. de Temuco' (100.0%)
..    Buscando '1º Juzgado Civil de Temuco' en #conTribunal.... ✓ '1º Juzgado Civil de Temuco' (100.0%)
17:38:54 [FILTRADOR]   [W2] Grupo: C.A. de Valparaíso / 1º Juzgado de Letras de Los Andes
.    Buscando 'C.A. de Valparaíso' en #conCorte.... ✓ 'C.A. de Valparaíso' (100.0%)
. ✗ no encontrado (mejor score: 33.3%, umbral: 80%)
    Buscando '1º Juzgado de Letras de Los Andes' en #conTribunal... ✓ '1º Juzgado de Letras de Los Andes' (100.0%)
  ✓ 82 resultado(s)
    Tabla modal: #modalDetalleCivil .table-responsive table tbody tr (41 filas)
17:38:58 [FILTRADOR]   W4 3276: 37 filas en tabla de tramitacion
17:38:59 [FILTRADOR]   [W2] Causa 4/14: 1093-2025 [PENDIENTE_FILTRO1]
17:38:59 [FILTRADOR]   W2 Buscando 1093-2025 en OJV...
  -> Buscando C-1093-2025...
17:38:59 [FILTRADOR]   #historiaCiv: 0 filas leidas (de 41 totales, filtro fecha >= 2026-03-26)
17:38:59 [FILTRADOR]   W1 1400: Tabla historial: 0 filas recientes (41 totales, filtro >= 2026-03-26). Sin actividad reciente en Apremio.
17:38:59 [FILTRADOR]   W1 1400: Sin movimiento en 120 dias -> PENDIENTE_REVISION_MANUAL
  ✓ Detalle abierto
    Buscando 'Apremio' en #selCuaderno... ✓ '2 - Apremio Ejecutivo Obligación de Dar' (100.0%)
    Buscando 'C.A. de Valparaíso' en #conCorte... ✓ 'C.A. de Valparaíso' (100.0%)
17:39:00 [FILTRADOR]   [W4] Causa 4/12: 3746-2024 [PENDIENTE_FILTRO1] (mismo tribunal)
17:39:00 [FILTRADOR]   W4 Buscando 3746-2024 en OJV...
  ✓ 155 resultado(s)
    Buscando '1º Juzgado de Letras de Los Andes' en #conTribunal... ✓ '1º Juzgado de Letras de Los Andes' (100.0%)
17:39:01 [FILTRADOR]   [W1] Grupo: C.A. de La Serena / 2º Juzgado de Letras de Coquimbo
    Buscando 'C.A. de La Serena' en #conCorte... ✓ 'C.A. de La Serena' (100.0%)
17:39:03 [FILTRADOR]   #historiaCiv: 12 filas leidas (de 41 totales, filtro fecha >= 2026-03-22)
17:39:03 [FILTRADOR]   [FILTRO1-W3] 1005 (2º Juzgado Civil de Chillán) -> ELIMINAR: Suspension/Reprograma: "Suspende/Reprograma Remate" (folio 35, 2026-03-27)
    Buscando '2º Juzgado de Letras de Coquimbo' en #conTribunal...  ✓ Detalle abierto
    Buscando 'Apremio' en #selCuaderno... ✓ '2º Juzgado de Letras de Coquimbo' (100.0%)
 ✓ '2 - Apremio Ejecutivo Obligación de Dar' (100.0%)
17:39:06 [FILTRADOR]   [W1] Causa 6/14: 1225-2023 [PENDIENTE_FILTRO1]
17:39:06 [FILTRADOR]   W1 Buscando 1225-2023 en OJV...
  -> Buscando C-1225-2023...
17:39:06 [FILTRADOR]   [W3] Grupo: C.A. de Concepción / 1º Juzgado Civil de Concepción
    Buscando 'C.A. de La Serena' en #conCorte... ✓ 'C.A. de La Serena' (100.0%)
  ✓ Detalle abierto
    Buscando 'Apremio' en #selCuaderno... ✓ '2 - Apremio Ejecutivo Obligación de Dar' (100.0%)
    Buscando 'C.A. de Concepción' en #conCorte...  ✓ 124 resultado(s)
17:39:07 [FILTRADOR]   #historiaCiv: 12 filas leidas (de 42 totales, filtro fecha >= 2026-03-26)
17:39:07 [FILTRADOR]   [FILTRO1-W5] 5177 (1º Juzgado Civil de Temuco) -> ELIMINAR: Suspension/Reprograma: "Suspende/Reprograma Remate" (folio 40, 2026-03-31)
 ✓ 'C.A. de Concepción' (100.0%)
    Buscando '2º Juzgado de Letras de Coquimbo' en #conTribunal... ✓ '2º Juzgado de Letras de Coquimbo' (100.0%)
    Buscando '1º Juzgado Civil de Concepción' en #conTribunal... ✓ '1º Juzgado Civil de Concepción' (100.0%)
  ✓ Detalle abierto
    Buscando 'Apremio' en #selCuaderno... ✓ '2 - Apremio Ejecutivo Obligación de Dar' (100.0%)
17:39:10 [FILTRADOR]   #historiaCiv: 0 filas leidas (de 29 totales, filtro fecha >= 2026-03-15)
17:39:10 [FILTRADOR]   W4 3746: Tabla historial: 0 filas recientes (29 totales, filtro >= 2026-03-15). Sin actividad reciente en Apremio.
17:39:10 [FILTRADOR]   W4 3746: Sin movimiento en 23 dias -> PENDIENTE_REVISION_MANUAL
17:39:10 [FILTRADOR]   [W5] Grupo: C.A. de Temuco / Juzgado de Letras de Villarrica
17:39:11 [FILTRADOR]   [W3] Causa 4/12: 8438-2024 [PENDIENTE_FILTRO1]
17:39:11 [FILTRADOR]   W3 Buscando 8438-2024 en OJV...
  -> Buscando C-8438-2024...
    Buscando 'C.A. de Temuco' en #conCorte... ✓ 'C.A. de Temuco' (100.0%)
    Buscando 'C.A. de Concepción' en #conCorte... ✓ 'C.A. de Concepción' (100.0%)
17:39:12 [FILTRADOR]   [W4] Grupo: C.A. de Antofagasta / 3º Juzgado de Letras de Calama
    Buscando 'Juzgado de Letras de Villarrica' en #conTribunal... ✓ 'Juzgado de Letras de Villarrica' (100.0%)
    Buscando '1º Juzgado Civil de Concepción' en #conTribunal... ✓ '1º Juzgado Civil de Concepción' (100.0%)
    Buscando 'C.A. de Antofagasta' en #conCorte... ✓ 'C.A. de Antofagasta' (100.0%)
17:39:14 [FILTRADOR]   #historiaCiv: 7 filas leidas (de 33 totales, filtro fecha >= 2026-03-26)
17:39:14 [FILTRADOR]   [FILTRO1-W2] 1093 (1º Juzgado de Letras de Los Andes) -> NECESITA_PDF_ACTA: Acta de remate detectada en tabla (folio 30, 2026-04-01)
17:39:14 [FILTRADOR]   W2 HTML guardado: PENDIENTE_ACTA_C-1093-2025_1º_Juzgado_de_Letras_de_Los_An.html
  ✓ 52 resultado(s)
17:39:14 [FILTRADOR]   W2 1093: F2 hibrido - descargando PDF acta folio 30...
    Buscando '3º Juzgado de Letras de Calama' en #conTribunal... ✓ '3º Juzgado de Letras de Calama' (100.0%)
17:39:15 [FILTRADOR]   [W5] Causa 6/7: 509-2025 [PENDIENTE_FILTRO1]
17:39:15 [FILTRADOR]   W5 Buscando 509-2025 en OJV...
  -> Buscando C-509-2025...
    Buscando 'C.A. de Temuco' en #conCorte... ✓ 'C.A. de Temuco' (100.0%)
  ✓ Detalle abierto
    Buscando 'Apremio' en #selCuaderno...17:39:17 [FILTRADOR]   [W4] Causa 5/12: 817-2023 [PENDIENTE_LIQUIDACION]
17:39:17 [FILTRADOR]   W4 Buscando 817-2023 en OJV...
  -> Buscando C-817-2023...
    Buscando 'Juzgado de Letras de Villarrica' en #conTribunal... ✓ 'Juzgado de Letras de Villarrica' (100.0%)
..    Buscando 'C.A. de Antofagasta' en #conCorte... ✓ 'C.A. de Antofagasta' (100.0%)
.  ✓ 53 resultado(s)
.    Buscando '3º Juzgado de Letras de Calama' en #conTribunal... ✓ '3º Juzgado de Letras de Calama' (100.0%)
.....  ✓ Detalle abierto
    Buscando 'Apremio' en #selCuaderno... ✓ '2 - Apremio Ejecutivo Obligación de Dar' (100.0%)
...  ✓ 57 resultado(s)
...  ✓ 51 resultado(s)
. ✗ no encontrado (mejor score: 37.0%, umbral: 80%)
17:39:25 [FILTRADOR]   #historiaCiv: 16 filas leidas (de 43 totales, filtro fecha >= 2026-03-22)
17:39:25 [FILTRADOR]   [FILTRO1-W3] 8438 (1º Juzgado Civil de Concepción) -> PENDIENTE_LIQUIDACION: Senal 4: "Ordena liquidar el crédito" (folio 38, 2026-03-27) -> directo a Filtro 3
  ✓ Detalle abierto
    Buscando 'Apremio' en #selCuaderno... ✓ '2 - Apremio Ejecutivo Obligación de Dar' (100.0%)
  ✓ Detalle abierto
    Buscando 'Apremio' en #selCuaderno... ✓ '2 - Apremio Ejecutivo Obligación de Dar' (100.0%)
17:39:28 [FILTRADOR]   #historiaCiv: 0 filas leidas (de 43 totales, filtro fecha >= 2026-03-13)
17:39:28 [FILTRADOR]   W1 1225: Tabla historial: 0 filas recientes (43 totales, filtro >= 2026-03-13). Sin actividad reciente en Apremio.
17:39:28 [FILTRADOR]   W1 1225: Sin movimiento en 121 dias -> PENDIENTE_REVISION_MANUAL
17:39:29 [FILTRADOR]   #historiaCiv: 6 filas leidas (de 36 totales, filtro fecha >= 2026-03-22)
17:39:29 [FILTRADOR]   [FILTRO1-W5] 509 (Juzgado de Letras de Villarrica) -> NECESITA_PDF_ACTA: Acta de remate detectada en tabla (folio 38, 2026-03-27)
17:39:29 [FILTRADOR]   W5 HTML guardado: PENDIENTE_ACTA_C-509-2025_Juzgado_de_Letras_de_Villarric.html
17:39:29 [FILTRADOR]   Popup PDF no capturado: ElementHandle.click: Timeout 15000ms exceeded.
Call log:
  - attempting click action
    2 × waiting for element to be visible, enabled and stable
      - element is not visible
    - retrying click action
    - waiting 20ms
    2 × waiting for element to be visible, enabled and stable
      - element is not visible
    - retrying click action
      - waiting 100ms
    29 × waiting for element to be visible, enabled and stable
       - element is not visible
     - retrying click action
       - waiting 500ms
. Intentando expect_download...
17:39:30 [FILTRADOR]   W5 509: F2 hibrido - descargando PDF acta folio 38...
17:39:31 [FILTRADOR]   [W1] Causa 7/14: 1809-2025 [PENDIENTE_FILTRO1] (mismo tribunal)
17:39:31 [FILTRADOR]   W1 Buscando 1809-2025 en OJV...
    Tabla modal: #modalDetalleCivil .table-responsive table tbody tr (108 filas)
  ✗ Error cuaderno: Page.wait_for_selector: Timeout 8000ms exceeded.
Call log:
  - waiting for locator("#selCuaderno") to be visible
    21 × locator resolved to hidden <select id="selCuaderno" class="form-control form-control-sm">…</select>

17:39:34 [FILTRADOR]   W4 817: 98 filas en tabla de tramitacion
17:39:37 [FILTRADOR]   [W4] Grupo: C.A. de Antofagasta / 4° Juzgado de Letras Civil de Antofagasta
  ✓ Detalle abierto
    Buscando 'Apremio' en #selCuaderno... ✓ '2 - Apremio Ejecutivo Obligación de Dar' (100.0%)
    Buscando 'C.A. de Antofagasta' en #conCorte... ✓ 'C.A. de Antofagasta' (100.0%)
    Buscando '4° Juzgado de Letras Civil de Antofagasta' en #conTribunal... ✓ '4 ° Juzgado de Letras Civil de Antofagasta' (100.0%)
17:39:41 [FILTRADOR]   #historiaCiv: 0 filas leidas (de 32 totales, filtro fecha >= 2026-03-21)
17:39:41 [FILTRADOR]   W1 1809: Tabla historial: 0 filas recientes (32 totales, filtro >= 2026-03-21). Sin actividad reciente en Apremio.
17:39:41 [FILTRADOR]   W1 1809: Sin movimiento en 20 dias -> PENDIENTE_REVISION_MANUAL
17:39:41 [FILTRADOR]   [W4] Causa 6/12: 463-2025 [PENDIENTE_FILTRO1]
17:39:41 [FILTRADOR]   W4 Buscando 463-2025 en OJV...
  -> Buscando C-463-2025...
    Buscando 'C.A. de Antofagasta' en #conCorte... ✓ 'C.A. de Antofagasta' (100.0%)
17:39:43 [FILTRADOR]   [W1] Grupo: C.A. de La Serena / 2º Juzgado de Letras de Ovalle
    Buscando '4° Juzgado de Letras Civil de Antofagasta' en #conTribunal... ✓ '4 ° Juzgado de Letras Civil de Antofagasta' (100.0%)
    Buscando 'C.A. de La Serena' en #conCorte... ✓ 'C.A. de La Serena' (100.0%)
    ⚠ Tabla del modal no encontrada
17:39:44 [FILTRADOR]   expect_download fallo: ElementHandle.click: Timeout 15000ms exceeded.
Call log:
  - attempting click action
    2 × waiting for element to be visible, enabled and stable
      - element is not visible
    - retrying click action
    - waiting 20ms
    2 × waiting for element to be visible, enabled and stable
      - element is not visible
    - retrying click action
      - waiting 100ms
    29 × waiting for element to be visible, enabled and stable
       - element is not visible
     - retrying click action
       - waiting 500ms

17:39:44 [FILTRADOR]   W2 1093: PDF acta no descargable -> PENDIENTE_ACTA
17:39:45 [FILTRADOR]   Popup PDF no capturado: ElementHandle.click: Timeout 15000ms exceeded.
Call log:
  - attempting click action
    2 × waiting for element to be visible, enabled and stable
      - element is not visible
    - retrying click action
    - waiting 20ms
    2 × waiting for element to be visible, enabled and stable
      - element is not visible
    - retrying click action
      - waiting 100ms
    29 × waiting for element to be visible, enabled and stable
       - element is not visible
     - retrying click action
       - waiting 500ms
. Intentando expect_download...
    Buscando '2º Juzgado de Letras de Ovalle' en #conTribunal... ✓ '2º Juzgado de Letras de Ovalle' (100.0%)
17:39:46 [FILTRADOR]   [W3] Causa 5/12: 6850-2024 [PENDIENTE_FILTRO1] (mismo tribunal)
17:39:46 [FILTRADOR]   W3 Buscando 6850-2024 en OJV...
17:39:47 [FILTRADOR]   [W1] Causa 8/14: 392-2024 [PENDIENTE_FILTRO1]
17:39:47 [FILTRADOR]   W1 Buscando 392-2024 en OJV...
  -> Buscando C-392-2024...
    Buscando 'C.A. de La Serena' en #conCorte... ✓ 'C.A. de La Serena' (100.0%)
    Buscando '2º Juzgado de Letras de Ovalle' en #conTribunal... ✓ '2º Juzgado de Letras de Ovalle' (100.0%)
  ✓ 115 resultado(s)
  ✗ Error cuaderno: Page.wait_for_selector: Timeout 8000ms exceeded.
Call log:
  - waiting for locator("#selCuaderno") to be visible
    21 × locator resolved to hidden <select id="selCuaderno" class="form-control form-control-sm">…</select>

  ✓ Detalle abierto
    Buscando 'Apremio' en #selCuaderno... ✓ '2 - Apremio Ejecutivo Obligación de Dar' (100.0%)
  ✓ Detalle abierto
    Buscando 'Apremio' en #selCuaderno... ✓ '2 - Apremio Ejecutivo Obligación de Dar' (100.0%)
  ✓ 42 resultado(s)
17:39:57 [FILTRADOR]   #historiaCiv: 0 filas leidas (de 64 totales, filtro fecha >= 2026-03-26)
17:39:57 [FILTRADOR]   W4 463: Tabla historial: 0 filas recientes (64 totales, filtro >= 2026-03-26). Sin actividad reciente en Apremio.
17:39:57 [FILTRADOR]   W4 463: Sin movimiento en 21 dias -> PENDIENTE_REVISION_MANUAL
17:39:57 [FILTRADOR]   #historiaCiv: 5 filas leidas (de 81 totales, filtro fecha >= 2026-03-22)
17:39:57 [FILTRADOR]   [FILTRO1-W3] 6850 (1º Juzgado Civil de Concepción) -> NECESITA_PDF_ACTA: Acta de remate detectada en tabla (folio 78, 2026-03-27)
17:39:57 [FILTRADOR]   W3 HTML guardado: PENDIENTE_ACTA_C-6850-2024_1º_Juzgado_Civil_de_Concepción.html
17:39:58 [FILTRADOR]   W3 6850: F2 hibrido - descargando PDF acta folio 78...
  ✓ Detalle abierto
    Buscando 'Apremio' en #selCuaderno... ✓ '2 - Apremio de desposeimiento' (100.0%)
17:40:00 [FILTRADOR]   [W4] Grupo: C.A. de None / 3° Antofa
17:40:00 [FILTRADOR]   expect_download fallo: ElementHandle.click: Timeout 15000ms exceeded.
Call log:
  - attempting click action
    2 × waiting for element to be visible, enabled and stable
      - element is not visible
    - retrying click action
    - waiting 20ms
    2 × waiting for element to be visible, enabled and stable
      - element is not visible
    - retrying click action
      - waiting 100ms
    29 × waiting for element to be visible, enabled and stable
       - element is not visible
     - retrying click action
       - waiting 500ms

17:40:00 [FILTRADOR]   W5 509: PDF acta no descargable -> PENDIENTE_ACTA
    Buscando 'C.A. de None' en #conCorte......17:40:03 [FILTRADOR]   #historiaCiv: 0 filas leidas (de 92 totales, filtro fecha >= 2026-03-14)
17:40:03 [FILTRADOR]   W1 392: Tabla historial: 0 filas recientes (92 totales, filtro >= 2026-03-14). Sin actividad reciente en Apremio.
17:40:03 [FILTRADOR]   W1 392: Sin movimiento en 27 dias -> PENDIENTE_REVISION_MANUAL
.    ⚠ Tabla del modal no encontrada
...17:40:05 [FILTRADOR]   [W2] Causa 5/14: 850-2025 [PENDIENTE_FILTRO1] (mismo tribunal)
17:40:05 [FILTRADOR]   W2 Buscando 850-2025 en OJV...
..17:40:06 [FILTRADOR]   [W1] Grupo: C.A. de La Serena / 2º Juzgado de Letras de la Serena
..    Buscando 'C.A. de La Serena' en #conCorte... ✓ 'C.A. de La Serena' (100.0%)
..    Buscando '2º Juzgado de Letras de la Serena' en #conTribunal...  ✗ Error cuaderno: Page.wait_for_selector: Timeout 8000ms exceeded.
Call log:
  - waiting for locator("#selCuaderno") to be visible
    21 × locator resolved to hidden <select id="selCuaderno" class="form-control form-control-sm">…</select>

 ✓ '2º Juzgado de Letras de la Serena' (100.0%)
....17:40:10 [FILTRADOR]   [W1] Causa 9/14: 2967-2024 [PENDIENTE_FILTRO1]
17:40:10 [FILTRADOR]   W1 Buscando 2967-2024 en OJV...
  -> Buscando C-2967-2024...
.    Buscando 'C.A. de La Serena' en #conCorte.... ✓ 'C.A. de La Serena' (100.0%)
  ✓ Detalle abierto
    Buscando 'Apremio' en #selCuaderno... ✓ '2 - Apremio Ejecutivo Obligación de Dar' (100.0%)
. ✗ no encontrado (mejor score: 63.6%, umbral: 80%)
17:40:12 [FILTRADOR]   Corte no encontrada: C.A. de None
17:40:12 [FILTRADOR]   [W4] No se pudo seleccionar corte/tribunal, usando buscar_causa completa
17:40:12 [FILTRADOR]   [W4] Causa 7/12: 2500-2025 [PENDIENTE_FILTRO1]
17:40:12 [FILTRADOR]   W4 2500-2025: Eliminacion manual: Deudor quedo debiendo post-remate, sin excedente (revision manual 2026-03-28)
    Buscando '2º Juzgado de Letras de la Serena' en #conTribunal... ✓ '2º Juzgado de Letras de la Serena' (100.0%)
17:40:13 [FILTRADOR]   Popup PDF no capturado: ElementHandle.click: Timeout 15000ms exceeded.
Call log:
  - attempting click action
    2 × waiting for element to be visible, enabled and stable
      - element is not visible
    - retrying click action
    - waiting 20ms
    2 × waiting for element to be visible, enabled and stable
      - element is not visible
    - retrying click action
      - waiting 100ms
    29 × waiting for element to be visible, enabled and stable
       - element is not visible
     - retrying click action
       - waiting 500ms
. Intentando expect_download...
17:40:14 [FILTRADOR]   [W4] Grupo: C.A. de Rancagua / 1º Juzgado de Letras de Santa Cruz
    Buscando 'C.A. de Rancagua' en #conCorte... ✓ 'C.A. de Rancagua' (100.0%)
17:40:15 [FILTRADOR]   #historiaCiv: 7 filas leidas (de 57 totales, filtro fecha >= 2026-03-26)
17:40:15 [FILTRADOR]   [FILTRO1-W2] 850 (1º Juzgado de Letras de Los Andes) -> NECESITA_PDF_ACTA: Acta de remate detectada en tabla (folio 55, 2026-04-01)
17:40:15 [FILTRADOR]   W2 HTML guardado: PENDIENTE_ACTA_C-850-2025_1º_Juzgado_de_Letras_de_Los_An.html
17:40:16 [FILTRADOR]   W2 850: F2 hibrido - descargando PDF acta folio 55...
    Buscando '1º Juzgado de Letras de Santa Cruz' en #conTribunal... ✓ '1º Juzgado de Letras de Santa Cruz' (100.0%)
    ⚠ Tabla del modal no encontrada
17:40:19 [FILTRADOR]   [W4] Causa 8/12: 1472-2024 [PENDIENTE_FILTRO1]
17:40:19 [FILTRADOR]   W4 Buscando 1472-2024 en OJV...
  -> Buscando C-1472-2024...
  ✓ 154 resultado(s)
    Buscando 'C.A. de Rancagua' en #conCorte... ✓ 'C.A. de Rancagua' (100.0%)
    Buscando '1º Juzgado de Letras de Santa Cruz' en #conTribunal... ✓ '1º Juzgado de Letras de Santa Cruz' (100.0%)
17:40:21 [FILTRADOR]   [W5] Grupo: C.A. de Temuco / Juzgado de Letras y Gar.de Carahue
  ✓ Detalle abierto
    Buscando 'Apremio' en #selCuaderno... ✓ '2 - Apremio Ejecutivo Obligación de Dar' (100.0%)
    Buscando 'C.A. de Temuco' en #conCorte... ✓ 'C.A. de Temuco' (100.0%)
    Buscando 'Juzgado de Letras y Gar.de Carahue' en #conTribunal... ✓ 'Juzgado de Letras y Gar.de Carahue' (100.0%)
17:40:25 [FILTRADOR]   [W5] Causa 7/7: 102-2025 [PENDIENTE_ACTA]
17:40:25 [FILTRADOR]   W5 Buscando 102-2025 en OJV...
  -> Buscando C-102-2025...
17:40:26 [FILTRADOR]   #historiaCiv: 0 filas leidas (de 59 totales, filtro fecha >= 2026-03-19)
17:40:26 [FILTRADOR]   W1 2967: Tabla historial: 0 filas recientes (59 totales, filtro >= 2026-03-19). Sin actividad reciente en Apremio.
17:40:26 [FILTRADOR]   W1 2967: Sin movimiento en 15 dias -> PENDIENTE_REVISION_MANUAL
    Buscando 'C.A. de Temuco' en #conCorte... ✓ 'C.A. de Temuco' (100.0%)
  ✓ 98 resultado(s)
    Buscando 'Juzgado de Letras y Gar.de Carahue' en #conTribunal... ✓ 'Juzgado de Letras y Gar.de Carahue' (100.0%)
17:40:28 [FILTRADOR]   expect_download fallo: ElementHandle.click: Timeout 15000ms exceeded.
Call log:
  - attempting click action
    2 × waiting for element to be visible, enabled and stable
      - element is not visible
    - retrying click action
    - waiting 20ms
    2 × waiting for element to be visible, enabled and stable
      - element is not visible
    - retrying click action
      - waiting 100ms
    29 × waiting for element to be visible, enabled and stable
       - element is not visible
     - retrying click action
       - waiting 500ms

17:40:28 [FILTRADOR]   W3 6850: PDF acta no descargable -> PENDIENTE_ACTA
17:40:28 [FILTRADOR]   [W1] Causa 10/14: 3308-2025 [PENDIENTE_ACTA] (mismo tribunal)
17:40:28 [FILTRADOR]   W1 Buscando 3308-2025 en OJV...
  ✓ Detalle abierto
    Buscando 'Apremio' en #selCuaderno... ✓ '2 - Apremio Ejecutivo Obligación de Dar' (100.0%)
17:40:31 [FILTRADOR]   Popup PDF no capturado: ElementHandle.click: Timeout 15000ms exceeded.
Call log:
  - attempting click action
    2 × waiting for element to be visible, enabled and stable
      - element is not visible
    - retrying click action
    - waiting 20ms
    2 × waiting for element to be visible, enabled and stable
      - element is not visible
    - retrying click action
      - waiting 100ms
    29 × waiting for element to be visible, enabled and stable
       - element is not visible
     - retrying click action
       - waiting 500ms
. Intentando expect_download...
  ✓ 48 resultado(s)
17:40:34 [FILTRADOR]   #historiaCiv: 8 filas leidas (de 63 totales, filtro fecha >= 2026-03-25)
17:40:34 [FILTRADOR]   [FILTRO1-W4] 1472 (1º Juzgado de Letras de Santa Cruz) -> PENDIENTE_ACTA: Sin senales de suspension o no postores -> paso a Filtro 2
17:40:34 [FILTRADOR]   W4 HTML guardado: PENDIENTE_ACTA_C-1472-2024_1º_Juzgado_de_Letras_de_Santa_.html
  ✓ Detalle abierto
    Buscando 'Apremio' en #selCuaderno... ✓ '2 - Apremio Ejecutivo Obligación de Dar' (100.0%)
  ✗ Error cuaderno: Page.wait_for_selector: Timeout 8000ms exceeded.
Call log:
  - waiting for locator("#selCuaderno") to be visible
    21 × locator resolved to hidden <select id="selCuaderno" class="form-control form-control-sm">…</select>

  ✓ Detalle abierto
    Buscando 'Apremio' en #selCuaderno... ✓ '2 - Apremio Ejecutivo Obligación de Dar' (100.0%)
    Tabla modal: #modalDetalleCivil .table-responsive table tbody tr (30 filas)
17:40:40 [FILTRADOR]   W1 3308: 26 filas en tabla de tramitacion
    Tabla modal: #modalDetalleCivil .table-responsive table tbody tr (63 filas)
    ✓ acta_3308_23.pdf
17:40:42 [FILTRADOR]   W5 102: 52 filas en tabla de tramitacion
  ✗ Error cuaderno: Page.wait_for_selector: Timeout 8000ms exceeded.
Call log:
  - waiting for locator("#selCuaderno") to be visible
    21 × locator resolved to hidden <select id="selCuaderno" class="form-control form-control-sm">…</select>

17:40:43 [FILTRADOR]   [W1] Grupo: C.A. de La Serena / 3º Juzgado de Letras de Coquimbo
    ✓ acta_102_29.pdf
    Buscando 'C.A. de La Serena' en #conCorte... ✓ 'C.A. de La Serena' (100.0%)
    ✓ acta_102_30.pdf
    Buscando '3º Juzgado de Letras de Coquimbo' en #conTribunal... ✓ '3º Juzgado de Letras de Coquimbo' (100.0%)
17:40:46 [FILTRADOR]   expect_download fallo: ElementHandle.click: Timeout 15000ms exceeded.
Call log:
  - attempting click action
    2 × waiting for element to be visible, enabled and stable
      - element is not visible
    - retrying click action
    - waiting 20ms
    2 × waiting for element to be visible, enabled and stable
      - element is not visible
    - retrying click action
      - waiting 100ms
    29 × waiting for element to be visible, enabled and stable
       - element is not visible
     - retrying click action
       - waiting 500ms

17:40:46 [FILTRADOR]   W2 850: PDF acta no descargable -> PENDIENTE_ACTA
    ⚠ Tabla del modal no encontrada
17:40:47 [FILTRADOR]   [W5] Chunk completado: 7 causas en 3 min 32 seg
17:40:48 [FILTRADOR] [W5] Worker finalizado. Resultados escritos en D:\Remates\temp_workers\result_5.json
17:40:48 [FILTRADOR]   [W3] Causa 6/12: 7651-2018 [PENDIENTE_FILTRO1] (mismo tribunal)
17:40:48 [FILTRADOR]   W3 Buscando 7651-2018 en OJV...
17:40:48 [FILTRADOR]   [W1] Causa 11/14: 1716-2024 [PENDIENTE_FILTRO1]
17:40:48 [FILTRADOR]   W1 Buscando 1716-2024 en OJV...
  -> Buscando C-1716-2024...
    Buscando 'C.A. de La Serena' en #conCorte... ✓ 'C.A. de La Serena' (100.0%)
    Buscando '3º Juzgado de Letras de Coquimbo' en #conTribunal... ✓ '3º Juzgado de Letras de Coquimbo' (100.0%)
    ⚠ Tabla del modal no encontrada
  ✗ Error cuaderno: Page.wait_for_selector: Timeout 8000ms exceeded.
Call log:
  - waiting for locator("#selCuaderno") to be visible
    21 × locator resolved to hidden <select id="selCuaderno" class="form-control form-control-sm">…</select>

17:40:55 [FILTRADOR]   [W4] Causa 9/12: 1408-2025 [PENDIENTE_FILTRO1] (mismo tribunal)
17:40:55 [FILTRADOR]   W4 Buscando 1408-2025 en OJV...
  ✓ Detalle abierto
    Buscando 'Apremio' en #selCuaderno... ✓ '2 - Apremio Ejecutivo Obligación de Dar' (100.0%)
  ✓ 37 resultado(s)
  ✓ Detalle abierto
    Buscando 'Apremio' en #selCuaderno... ✓ '2 - Apremio de desposeimiento' (100.0%)
17:41:01 [FILTRADOR]   #historiaCiv: 0 filas leidas (de 1 totales, filtro fecha >= 2026-02-25)
17:41:01 [FILTRADOR]   W1 1716: Tabla historial: 0 filas recientes (1 totales, filtro >= 2026-02-25). Sin actividad reciente en Apremio.
17:41:01 [FILTRADOR]   W1 1716: Sin movimiento en 541 dias -> PENDIENTE_REVISION_MANUAL
  ✓ Detalle abierto
    Buscando 'Apremio' en #selCuaderno... ✓ '2 - Apremio Ejecutivo Obligación de Dar' (100.0%)
17:41:03 [FILTRADOR]   #historiaCiv: 4 filas leidas (de 252 totales, filtro fecha >= 2026-03-22)
17:41:03 [FILTRADOR]   [FILTRO1-W3] 7651 (1º Juzgado Civil de Concepción) -> ELIMINAR: Sin postores: "Certificado de no postores" (folio 238, 2026-03-27)
17:41:04 [FILTRADOR]   [W1] Grupo: C.A. de La Serena / 3º Juzgado de Letras de la Serena
    ⚠ Tabla del modal no encontrada
17:41:05 [FILTRADOR]   [W3] Grupo: C.A. de Concepción / 2º Juzgado Civil de Concepción
17:41:05 [FILTRADOR]   #historiaCiv: 5 filas leidas (de 40 totales, filtro fecha >= 2026-03-26)
17:41:05 [FILTRADOR]   [FILTRO1-W4] 1408 (1º Juzgado de Letras de Santa Cruz) -> PENDIENTE_ACTA: Sin senales de suspension o no postores -> paso a Filtro 2
17:41:05 [FILTRADOR]   W4 HTML guardado: PENDIENTE_ACTA_C-1408-2025_1º_Juzgado_de_Letras_de_Santa_.html
    Buscando 'C.A. de La Serena' en #conCorte... ✓ 'C.A. de La Serena' (100.0%)
    Buscando 'C.A. de Concepción' en #conCorte... ✓ 'C.A. de Concepción' (100.0%)
17:41:06 [FILTRADOR]   [W2] Grupo: C.A. de Valparaíso / 1º Juzgado de Letras de Quilpue
    Buscando '3º Juzgado de Letras de la Serena' en #conTribunal... ✓ '3º Juzgado de Letras de la Serena' (100.0%)
    Buscando 'C.A. de Valparaíso' en #conCorte...    Buscando '2º Juzgado Civil de Concepción' en #conTribunal... ✓ 'C.A. de Valparaíso' (100.0%)
 ✓ '2º Juzgado Civil de Concepción' (100.0%)
    Buscando '1º Juzgado de Letras de Quilpue' en #conTribunal... ✓ '1º Juzgado de Letras de Quilpue' (100.0%)
17:41:09 [FILTRADOR]   [W1] Causa 12/14: 862-2021 [PENDIENTE_LIQUIDACION]
17:41:09 [FILTRADOR]   W1 Buscando 862-2021 en OJV...
  -> Buscando C-862-2021...
17:41:10 [FILTRADOR]   [W3] Causa 7/12: 1773-2023 [PENDIENTE_FILTRO1]
17:41:10 [FILTRADOR]   W3 Buscando 1773-2023 en OJV...
  -> Buscando C-1773-2023...
    Buscando 'C.A. de La Serena' en #conCorte... ✓ 'C.A. de La Serena' (100.0%)
    Buscando 'C.A. de Concepción' en #conCorte... ✓ 'C.A. de Concepción' (100.0%)
17:41:11 [FILTRADOR]   [W2] Causa 6/14: 755-2024 [PENDIENTE_LIQUIDACION]
17:41:11 [FILTRADOR]   W2 Buscando 755-2024 en OJV...
  -> Buscando C-755-2024...
    Buscando '3º Juzgado de Letras de la Serena' en #conTribunal... ✓ '3º Juzgado de Letras de la Serena' (100.0%)
    Buscando 'C.A. de Valparaíso' en #conCorte...    Buscando '2º Juzgado Civil de Concepción' en #conTribunal... ✓ 'C.A. de Valparaíso' (100.0%)
 ✓ '2º Juzgado Civil de Concepción' (100.0%)
    Buscando '1º Juzgado de Letras de Quilpue' en #conTribunal... ✓ '1º Juzgado de Letras de Quilpue' (100.0%)
  ✗ Error cuaderno: Page.wait_for_selector: Timeout 8000ms exceeded.
Call log:
  - waiting for locator("#selCuaderno") to be visible
    21 × locator resolved to hidden <select id="selCuaderno" class="form-control form-control-sm">…</select>

  ✓ 11 resultado(s)
  ✓ 71 resultado(s)
  ✓ 273 resultado(s)
  ✓ Detalle abierto
    Buscando 'Apremio' en #selCuaderno... ✓ '2 - Apremio de desposeimiento' (100.0%)
  ✓ Detalle abierto
    Buscando 'Apremio' en #selCuaderno...  ✓ Detalle abierto
    Buscando 'Apremio' en #selCuaderno... ✓ '2 - Apremio Ejecutivo Obligación de Dar' (100.0%)
 ✓ '2 - Apremio Ejecutivo Obligación de Dar' (100.0%)
    Tabla modal: #modalDetalleCivil .table-responsive table tbody tr (152 filas)
    ⚠ Tabla del modal no encontrada
17:41:25 [FILTRADOR]   #historiaCiv: 2 filas leidas (de 24 totales, filtro fecha >= 2026-03-22)
17:41:25 [FILTRADOR]   [FILTRO1-W3] 1773 (2º Juzgado Civil de Concepción) -> ELIMINAR: Suspension/Reprograma: "Suspende/Reprograma Remate" (folio 25, 2026-03-27)
17:41:26 [FILTRADOR]   [W4] Grupo: C.A. de Rancagua / 2º Juzgado Civil de Rancagua
17:41:26 [FILTRADOR]   W1 862: 141 filas en tabla de tramitacion
    Tabla modal: #modalDetalleCivil .table-responsive table tbody tr (41 filas)
17:41:27 [FILTRADOR]   W2 755: 35 filas en tabla de tramitacion
    Buscando 'C.A. de Rancagua' en #conCorte... ✓ 'C.A. de Rancagua' (100.0%)
    Buscando '2º Juzgado Civil de Rancagua' en #conTribunal...17:41:28 [FILTRADOR]   [W3] Grupo: C.A. de Concepción / 2º Juzgado Civil de Talcahuano
 ✓ '2º Juzgado Civil de Rancagua' (100.0%)
17:41:29 [FILTRADOR]   [W1] Causa 13/14: 2168-2025 [PENDIENTE_ACTA] (mismo tribunal)
17:41:29 [FILTRADOR]   W1 Buscando 2168-2025 en OJV...
    Buscando 'C.A. de Concepción' en #conCorte... ✓ 'C.A. de Concepción' (100.0%)
17:41:30 [FILTRADOR]   [W2] Grupo: C.A. de Valparaíso / 1º Juzgado de Letras de San Felipe
    Buscando '2º Juzgado Civil de Talcahuano' en #conTribunal...17:41:30 [FILTRADOR]   [W4] Causa 10/12: 8867-2018 [PENDIENTE_FILTRO1]
17:41:30 [FILTRADOR]   W4 Buscando 8867-2018 en OJV...
  -> Buscando C-8867-2018...
 ✓ '2º Juzgado Civil de Talcahuano' (100.0%)
    Buscando 'C.A. de Valparaíso' en #conCorte... ✓ 'C.A. de Valparaíso' (100.0%)
    Buscando 'C.A. de Rancagua' en #conCorte... ✓ 'C.A. de Rancagua' (100.0%)
    Buscando '1º Juzgado de Letras de San Felipe' en #conTribunal... ✓ '1º Juzgado de Letras de San Felipe' (100.0%)
    Buscando '2º Juzgado Civil de Rancagua' en #conTribunal...17:41:33 [FILTRADOR]   [W3] Causa 8/12: 1381-2025 [PENDIENTE_LIQUIDACION]
 ✓ '2º Juzgado Civil de Rancagua' (100.0%)
17:41:33 [FILTRADOR]   W3 Buscando 1381-2025 en OJV...
  -> Buscando C-1381-2025...
    Buscando 'C.A. de Concepción' en #conCorte... ✓ 'C.A. de Concepción' (100.0%)
17:41:34 [FILTRADOR]   [W2] Causa 7/14: 1021-2022 [PENDIENTE_FILTRO1]
17:41:34 [FILTRADOR]   W2 Buscando 1021-2022 en OJV...
  -> Buscando C-1021-2022...
    Buscando '2º Juzgado Civil de Talcahuano' en #conTribunal... ✓ '2º Juzgado Civil de Talcahuano' (100.0%)
    Buscando 'C.A. de Valparaíso' en #conCorte... ✓ 'C.A. de Valparaíso' (100.0%)
  ✓ Detalle abierto
    Buscando 'Apremio' en #selCuaderno... ✓ '2 - Apremio Ejecutivo Obligación de Dar' (100.0%)
    Buscando '1º Juzgado de Letras de San Felipe' en #conTribunal... ✓ '1º Juzgado de Letras de San Felipe' (100.0%)
  ✓ 54 resultado(s)
    Tabla modal: #modalDetalleCivil .table-responsive table tbody tr (41 filas)
  ✓ 88 resultado(s)
17:41:41 [FILTRADOR]   W1 2168: 35 filas en tabla de tramitacion
  ✓ Detalle abierto
    Buscando 'Apremio' en #selCuaderno... ✓ '2 - Apremio Ejecutivo Obligación de Dar' (100.0%)
  ✓ 48 resultado(s)
    ✓ acta_2168_29.pdf
  ✓ Detalle abierto
    Buscando 'Apremio' en #selCuaderno... ✓ '2 - Apremio Ejecutivo Obligación de Dar' (100.0%)
17:41:44 [FILTRADOR]   [W1] Causa 14/14: 1209-2022 [PENDIENTE_FILTRO1] (mismo tribunal)
17:41:44 [FILTRADOR]   W1 Buscando 1209-2022 en OJV...
  ✓ Detalle abierto
17:41:45 [FILTRADOR]   W2 1021: Estado OJV = ARCHIVADA -> PENDIENTE_REVISION_MANUAL
17:41:45 [FILTRADOR]   #historiaCiv: 13 filas leidas (de 50 totales, filtro fecha >= 2026-03-25)
17:41:45 [FILTRADOR]   [FILTRO1-W4] 8867 (2º Juzgado Civil de Rancagua) -> PENDIENTE_ACTA: Sin senales de suspension o no postores -> paso a Filtro 2
17:41:45 [FILTRADOR]   W4 HTML guardado: PENDIENTE_ACTA_C-8867-2018_2º_Juzgado_Civil_de_Rancagua.html
17:41:48 [FILTRADOR]   [W2] Grupo: C.A. de Valparaíso / 2º Juzgado Civil de Valparaíso
    Tabla modal: #modalDetalleCivil .table-responsive table tbody tr (112 filas)
    Buscando 'C.A. de Valparaíso' en #conCorte... ✓ 'C.A. de Valparaíso' (100.0%)
17:41:50 [FILTRADOR]   W3 1381: 105 filas en tabla de tramitacion
17:41:50 [FILTRADOR]   1381: Liquidacion encontrada en folio 75
    Buscando '2º Juzgado Civil de Valparaíso' en #conTribunal... ✓ '2º Juzgado Civil de Valparaíso' (100.0%)
  ✓ Detalle abierto
    Buscando 'Apremio' en #selCuaderno... ✓ '2 - Apremio Ejecutivo Obligación de Dar' (100.0%)
17:41:51 [FILTRADOR]   PDF descargado: 1381-2025_liquidacion.pdf (465592 bytes)
17:41:53 [FILTRADOR]   [W2] Causa 8/14: 1467-2025 [PENDIENTE_LIQUIDACION]
17:41:53 [FILTRADOR]   W2 Buscando 1467-2025 en OJV...
  -> Buscando C-1467-2025...
    Buscando 'C.A. de Valparaíso' en #conCorte... ✓ 'C.A. de Valparaíso' (100.0%)
  ✗ Error cuaderno: Page.wait_for_selector: Timeout 8000ms exceeded.
Call log:
  - waiting for locator("#selCuaderno") to be visible
    21 × locator resolved to hidden <select id="selCuaderno" class="form-control form-control-sm">…</select>

17:41:54 [FILTRADOR]   [W3] Grupo: C.A. de Concepción / 3º Juzgado Civil de Concepción
    Buscando '2º Juzgado Civil de Valparaíso' en #conTribunal...    Buscando 'C.A. de Concepción' en #conCorte... ✓ '2º Juzgado Civil de Valparaíso' (100.0%)
 ✓ 'C.A. de Concepción' (100.0%)
17:41:55 [FILTRADOR]   #historiaCiv: 5 filas leidas (de 106 totales, filtro fecha >= 2026-03-25)
17:41:55 [FILTRADOR]   [FILTRO1-W1] 1209 (3º Juzgado de Letras de la Serena) -> ELIMINAR: Sin postores: "Certificado de no postores" (folio 94, 2026-03-30)
    Buscando '3º Juzgado Civil de Concepción' en #conTribunal... ✓ '3º Juzgado Civil de Concepción' (100.0%)
17:41:57 [FILTRADOR]   [W1] Chunk completado: 14 causas en 4 min 38 seg
17:41:57 [FILTRADOR] [W1] Worker finalizado. Resultados escritos en D:\Remates\temp_workers\result_1.json
17:41:58 [FILTRADOR] Worker 1 terminado (exit code: 0)
17:41:58 [FILTRADOR]   [W3] Causa 9/12: 3103-2025 [PENDIENTE_ACTA]
17:41:58 [FILTRADOR]   W3 Buscando 3103-2025 en OJV...
  -> Buscando C-3103-2025...
    Buscando 'C.A. de Concepción' en #conCorte... ✓ 'C.A. de Concepción' (100.0%)
    Buscando '3º Juzgado Civil de Concepción' en #conTribunal... ✓ '3º Juzgado Civil de Concepción' (100.0%)
  ✓ 57 resultado(s)
  ✓ Detalle abierto
    Buscando 'Apremio' en #selCuaderno... ✓ '2 - Apremio Ejecutivo Obligación de Dar' (100.0%)
    ⚠ Tabla del modal no encontrada
17:42:06 [FILTRADOR]   [W4] Causa 11/12: 3994-2023 [PENDIENTE_FILTRO1] (mismo tribunal)
17:42:06 [FILTRADOR]   W4 Buscando 3994-2023 en OJV...
  ✓ 119 resultado(s)
    Tabla modal: #modalDetalleCivil .table-responsive table tbody tr (73 filas)
17:42:09 [FILTRADOR]   W2 1467: 66 filas en tabla de tramitacion
  ✓ Detalle abierto
    Buscando 'Apremio' en #selCuaderno... ✓ '2 - Apremio Ejecutivo Obligación de Dar' (100.0%)
17:42:11 [FILTRADOR]   [W2] Causa 9/14: 749-2025 [PENDIENTE_FILTRO1] (mismo tribunal)
17:42:11 [FILTRADOR]   W2 Buscando 749-2025 en OJV...
  ✓ Detalle abierto
    Buscando 'Apremio' en #selCuaderno... ✓ '2 - Apremio Ejecutivo Obligación de Dar' (100.0%)
    Tabla modal: #modalDetalleCivil .table-responsive table tbody tr (29 filas)
17:42:15 [FILTRADOR]   W3 3103: 26 filas en tabla de tramitacion
    ✓ acta_3103_23.pdf
17:42:18 [FILTRADOR]   #historiaCiv: 15 filas leidas (de 106 totales, filtro fecha >= 2026-03-26)
17:42:18 [FILTRADOR]   [FILTRO1-W4] 3994 (2º Juzgado Civil de Rancagua) -> PENDIENTE_ACTA: Sin senales de suspension o no postores -> paso a Filtro 2
17:42:18 [FILTRADOR]   W4 HTML guardado: PENDIENTE_ACTA_C-3994-2023_2º_Juzgado_Civil_de_Rancagua.html
  ✓ Detalle abierto
    Buscando 'Apremio' en #selCuaderno... ✓ '2 - Apremio Ejecutivo Obligación de Dar' (100.0%)
17:42:19 [FILTRADOR]   [W3] Causa 10/12: 3319-2024 [PENDIENTE_FILTRO1] (mismo tribunal)
17:42:19 [FILTRADOR]   W3 Buscando 3319-2024 en OJV...
17:42:22 [FILTRADOR]   #historiaCiv: 18 filas leidas (de 81 totales, filtro fecha >= 2026-03-25)
17:42:22 [FILTRADOR]   [FILTRO1-W2] 749 (2º Juzgado Civil de Valparaíso) -> NECESITA_PDF_ACTA: Acta de remate detectada en tabla (folio 75, 2026-03-30)
17:42:22 [FILTRADOR]   W2 HTML guardado: PENDIENTE_ACTA_C-749-2025_2º_Juzgado_Civil_de_Valparaíso.html
17:42:23 [FILTRADOR]   W2 749: F2 hibrido - descargando PDF acta folio 75...
  ✓ Detalle abierto
  ✗ Error cuaderno: Page.wait_for_selector: Timeout 8000ms exceeded.
Call log:
  - waiting for locator("#selCuaderno") to be visible
    21 × locator resolved to hidden <select id="selCuaderno" class="form-control form-control-sm">…</select>

  ✗ Error cuaderno: Page.wait_for_selector: Timeout 8000ms exceeded.
Call log:
  - waiting for locator("#selCuaderno") to be visible

    ⚠ Tabla del modal no encontrada
17:42:38 [FILTRADOR]   [W4] Causa 12/12: 3173-2025 [PENDIENTE_FILTRO1] (mismo tribunal)
17:42:38 [FILTRADOR]   W4 Buscando 3173-2025 en OJV...
17:42:38 [FILTRADOR]   Popup PDF no capturado: ElementHandle.click: Timeout 15000ms exceeded.
Call log:
  - attempting click action
    2 × waiting for element to be visible, enabled and stable
      - element is not visible
    - retrying click action
    - waiting 20ms
    2 × waiting for element to be visible, enabled and stable
      - element is not visible
    - retrying click action
      - waiting 100ms
    29 × waiting for element to be visible, enabled and stable
       - element is not visible
     - retrying click action
       - waiting 500ms
. Intentando expect_download...
  ✓ Detalle abierto
    Buscando 'Apremio' en #selCuaderno... ✓ '2 - Apremio Ejecutivo Obligación de Dar' (100.0%)
17:42:49 [FILTRADOR]   #historiaCiv: 5 filas leidas (de 41 totales, filtro fecha >= 2026-03-26)
17:42:49 [FILTRADOR]   [FILTRO1-W4] 3173 (2º Juzgado Civil de Rancagua) -> PENDIENTE_ACTA: Sin senales de suspension o no postores -> paso a Filtro 2
17:42:49 [FILTRADOR]   W4 HTML guardado: PENDIENTE_ACTA_C-3173-2025_2º_Juzgado_Civil_de_Rancagua.html
17:42:53 [FILTRADOR]   expect_download fallo: ElementHandle.click: Timeout 15000ms exceeded.
Call log:
  - attempting click action
    2 × waiting for element to be visible, enabled and stable
      - element is not visible
    - retrying click action
    - waiting 20ms
    2 × waiting for element to be visible, enabled and stable
      - element is not visible
    - retrying click action
      - waiting 100ms
    29 × waiting for element to be visible, enabled and stable
       - element is not visible
     - retrying click action
       - waiting 500ms

17:42:53 [FILTRADOR]   W2 749: PDF acta no descargable -> PENDIENTE_ACTA
17:42:55 [FILTRADOR] Tabla #historiaCiv no encontrada o vacia
17:42:55 [FILTRADOR]   W3 3319: Tabla historial vacia (0 filas totales)
17:42:56 [FILTRADOR]   [W3] Causa 11/12: 4028-2025 [PENDIENTE_FILTRO1] (mismo tribunal)
17:42:56 [FILTRADOR]   W3 Buscando 4028-2025 en OJV...
  ✗ Error cuaderno: Page.wait_for_selector: Timeout 8000ms exceeded.
Call log:
  - waiting for locator("#selCuaderno") to be visible
    21 × locator resolved to hidden <select id="selCuaderno" class="form-control form-control-sm">…</select>

  ✗ Error cuaderno: Page.wait_for_selector: Timeout 8000ms exceeded.
Call log:
  - waiting for locator("#selCuaderno") to be visible
    21 × locator resolved to hidden <select id="selCuaderno" class="form-control form-control-sm">…</select>

  ✓ Detalle abierto
    Buscando 'Apremio' en #selCuaderno... ✓ '2 - Apremio Ejecutivo Obligación de Dar' (100.0%)
17:43:06 [FILTRADOR]   #historiaCiv: 15 filas leidas (de 37 totales, filtro fecha >= 2026-03-22)
17:43:06 [FILTRADOR]   [FILTRO1-W3] 4028 (3º Juzgado Civil de Concepción) -> PENDIENTE_ACTA: Sin senales de suspension o no postores -> paso a Filtro 2
17:43:06 [FILTRADOR]   W3 HTML guardado: PENDIENTE_ACTA_C-4028-2025_3º_Juzgado_Civil_de_Concepción.html
    ⚠ Tabla del modal no encontrada
17:43:09 [FILTRADOR]   [W4] Chunk completado: 12 causas en 5 min 52 seg
17:43:09 [FILTRADOR] [W4] Worker finalizado. Resultados escritos en D:\Remates\temp_workers\result_4.json
    ⚠ Tabla del modal no encontrada
17:43:13 [FILTRADOR]   [W2] Grupo: C.A. de Valparaíso / 2º Juzgado Civil de Viña del Mar
    Buscando 'C.A. de Valparaíso' en #conCorte...  ✗ Error cuaderno: Page.wait_for_selector: Timeout 8000ms exceeded.
Call log:
  - waiting for locator("#selCuaderno") to be visible
    21 × locator resolved to hidden <select id="selCuaderno" class="form-control form-control-sm">…</select>

 ✓ 'C.A. de Valparaíso' (100.0%)
    Buscando '2º Juzgado Civil de Viña del Mar' en #conTribunal... ✓ '2º Juzgado Civil de Viña del Mar' (100.0%)
17:43:18 [FILTRADOR]   [W2] Causa 10/14: 3601-2020 [PENDIENTE_ACTA]
17:43:18 [FILTRADOR]   W2 Buscando 3601-2020 en OJV...
  -> Buscando C-3601-2020...
    Buscando 'C.A. de Valparaíso' en #conCorte... ✓ 'C.A. de Valparaíso' (100.0%)
    Buscando '2º Juzgado Civil de Viña del Mar' en #conTribunal... ✓ '2º Juzgado Civil de Viña del Mar' (100.0%)
    ⚠ Tabla del modal no encontrada
  ✓ 95 resultado(s)
17:43:27 [FILTRADOR]   [W3] Grupo: C.A. de Coyhaique / 1º Juzgado de Letras de Coyhaique
    Buscando 'C.A. de Coyhaique' en #conCorte... ✓ 'C.A. de Coyhaique' (100.0%)
    Buscando '1º Juzgado de Letras de Coyhaique' en #conTribunal... ✓ '1º Juzgado de Letras de Coyhaique' (100.0%)
  ✓ Detalle abierto
    Buscando 'Apremio' en #selCuaderno... ✓ '2 - Apremio Ejecutivo Obligación de Dar' (100.0%)
17:43:31 [FILTRADOR]   [W3] Causa 12/12: 857-2025 [PENDIENTE_LIQUIDACION]
17:43:31 [FILTRADOR]   W3 Buscando 857-2025 en OJV...
  -> Buscando C-857-2025...
    Buscando 'C.A. de Coyhaique' en #conCorte... ✓ 'C.A. de Coyhaique' (100.0%)
    Buscando '1º Juzgado de Letras de Coyhaique' en #conTribunal... ✓ '1º Juzgado de Letras de Coyhaique' (100.0%)
    Tabla modal: #modalDetalleCivil .table-responsive table tbody tr (64 filas)
17:43:34 [FILTRADOR]   W2 3601: 57 filas en tabla de tramitacion
17:43:37 [FILTRADOR]   [W2] Grupo: C.A. de Valparaíso / 3º Juzgado Civil de Valparaíso
    Buscando 'C.A. de Valparaíso' en #conCorte... ✓ 'C.A. de Valparaíso' (100.0%)
  ✓ 49 resultado(s)
    Buscando '3º Juzgado Civil de Valparaíso' en #conTribunal... ✓ '3º Juzgado Civil de Valparaíso' (100.0%)
  ✓ Detalle abierto
    Buscando 'Apremio' en #selCuaderno... ✓ '2 - Apremio Ejecutivo Obligación de Dar' (100.0%)
17:43:42 [FILTRADOR]   [W2] Causa 11/14: 517-2025 [PENDIENTE_FILTRO1]
17:43:42 [FILTRADOR]   W2 Buscando 517-2025 en OJV...
  -> Buscando C-517-2025...
    Buscando 'C.A. de Valparaíso' en #conCorte... ✓ 'C.A. de Valparaíso' (100.0%)
    Buscando '3º Juzgado Civil de Valparaíso' en #conTribunal... ✓ '3º Juzgado Civil de Valparaíso' (100.0%)
    Tabla modal: #modalDetalleCivil .table-responsive table tbody tr (51 filas)
17:43:47 [FILTRADOR]   W3 857: 43 filas en tabla de tramitacion
17:43:50 [FILTRADOR]   [W3] Chunk completado: 12 causas en 6 min 33 seg
17:43:50 [FILTRADOR] [W3] Worker finalizado. Resultados escritos en D:\Remates\temp_workers\result_3.json
  ✓ 71 resultado(s)
  ✓ Detalle abierto
    Buscando 'Apremio' en #selCuaderno... ✓ '2 - Apremio Ejecutivo Obligación de Dar' (100.0%)
17:43:56 [FILTRADOR]   #historiaCiv: 6 filas leidas (de 39 totales, filtro fecha >= 2026-03-26)
17:43:56 [FILTRADOR]   [FILTRO1-W2] 517 (3º Juzgado Civil de Valparaíso) -> NECESITA_PDF_ACTA: Acta de remate detectada en tabla (folio 33, 2026-03-31)
17:43:56 [FILTRADOR]   W2 HTML guardado: PENDIENTE_ACTA_C-517-2025_3º_Juzgado_Civil_de_Valparaíso.html
17:43:57 [FILTRADOR]   W2 517: F2 hibrido - descargando PDF acta folio 33...
17:44:12 [FILTRADOR]   Popup PDF no capturado: ElementHandle.click: Timeout 15000ms exceeded.
Call log:
  - attempting click action
    2 × waiting for element to be visible, enabled and stable
      - element is not visible
    - retrying click action
    - waiting 20ms
    2 × waiting for element to be visible, enabled and stable
      - element is not visible
    - retrying click action
      - waiting 100ms
    29 × waiting for element to be visible, enabled and stable
       - element is not visible
     - retrying click action
       - waiting 500ms
. Intentando expect_download...
17:44:27 [FILTRADOR]   expect_download fallo: ElementHandle.click: Timeout 15000ms exceeded.
Call log:
  - attempting click action
    2 × waiting for element to be visible, enabled and stable
      - element is not visible
    - retrying click action
    - waiting 20ms
    2 × waiting for element to be visible, enabled and stable
      - element is not visible
    - retrying click action
      - waiting 100ms
    29 × waiting for element to be visible, enabled and stable
       - element is not visible
     - retrying click action
       - waiting 500ms

17:44:27 [FILTRADOR]   W2 517: PDF acta no descargable -> PENDIENTE_ACTA
  ✗ Error cuaderno: Page.wait_for_selector: Timeout 8000ms exceeded.
Call log:
  - waiting for locator("#selCuaderno") to be visible
    20 × locator resolved to hidden <select id="selCuaderno" class="form-control form-control-sm">…</select>

    ⚠ Tabla del modal no encontrada
17:44:48 [FILTRADOR]   [W2] Grupo: C.A. de Valparaíso / 3º Juzgado Civil de Viña del Mar
    Buscando 'C.A. de Valparaíso' en #conCorte... ✓ 'C.A. de Valparaíso' (100.0%)
    Buscando '3º Juzgado Civil de Viña del Mar' en #conTribunal... ✓ '3º Juzgado Civil de Viña del Mar' (100.0%)
17:44:53 [FILTRADOR]   [W2] Causa 12/14: 780-2025 [PENDIENTE_FILTRO1]
17:44:53 [FILTRADOR]   W2 Buscando 780-2025 en OJV...
  -> Buscando C-780-2025...
    Buscando 'C.A. de Valparaíso' en #conCorte... ✓ 'C.A. de Valparaíso' (100.0%)
    Buscando '3º Juzgado Civil de Viña del Mar' en #conTribunal... ✓ '3º Juzgado Civil de Viña del Mar' (100.0%)
  ✓ 50 resultado(s)
  ✓ Detalle abierto
    Buscando 'Apremio' en #selCuaderno... ✓ '2 - Apremio Ejecutivo Obligación de Dar' (100.0%)
17:45:07 [FILTRADOR]   #historiaCiv: 8 filas leidas (de 48 totales, filtro fecha >= 2026-03-26)
17:45:07 [FILTRADOR]   [FILTRO1-W2] 780 (3º Juzgado Civil de Viña del Mar) -> NECESITA_PDF_ACTA: Acta de remate detectada en tabla (folio 46, 2026-03-31)
17:45:07 [FILTRADOR]   W2 HTML guardado: PENDIENTE_ACTA_C-780-2025_3º_Juzgado_Civil_de_Viña_del_M.html
17:45:08 [FILTRADOR]   W2 780: F2 hibrido - descargando PDF acta folio 46...
17:45:23 [FILTRADOR]   Popup PDF no capturado: ElementHandle.click: Timeout 15000ms exceeded.
Call log:
  - attempting click action
    2 × waiting for element to be visible, enabled and stable
      - element is not visible
    - retrying click action
    - waiting 20ms
    2 × waiting for element to be visible, enabled and stable
      - element is not visible
    - retrying click action
      - waiting 100ms
    29 × waiting for element to be visible, enabled and stable
       - element is not visible
     - retrying click action
       - waiting 500ms
. Intentando expect_download...
17:45:38 [FILTRADOR]   expect_download fallo: ElementHandle.click: Timeout 15000ms exceeded.
Call log:
  - attempting click action
    2 × waiting for element to be visible, enabled and stable
      - element is not visible
    - retrying click action
    - waiting 20ms
    2 × waiting for element to be visible, enabled and stable
      - element is not visible
    - retrying click action
      - waiting 100ms
    29 × waiting for element to be visible, enabled and stable
       - element is not visible
     - retrying click action
       - waiting 500ms

17:45:38 [FILTRADOR]   W2 780: PDF acta no descargable -> PENDIENTE_ACTA
  ✗ Error cuaderno: Page.wait_for_selector: Timeout 8000ms exceeded.
Call log:
  - waiting for locator("#selCuaderno") to be visible
    21 × locator resolved to hidden <select id="selCuaderno" class="form-control form-control-sm">…</select>

    ⚠ Tabla del modal no encontrada
17:45:59 [FILTRADOR]   [W2] Grupo: C.A. de Valparaíso / 4º Juzgado Civil de Valparaíso
    Buscando 'C.A. de Valparaíso' en #conCorte... ✓ 'C.A. de Valparaíso' (100.0%)
    Buscando '4º Juzgado Civil de Valparaíso' en #conTribunal... ✓ '4º Juzgado Civil de Valparaíso' (100.0%)
17:46:03 [FILTRADOR]   [W2] Causa 13/14: 1563-2025 [PENDIENTE_LIQUIDACION]
17:46:03 [FILTRADOR]   W2 Buscando 1563-2025 en OJV...
  -> Buscando C-1563-2025...
    Buscando 'C.A. de Valparaíso' en #conCorte... ✓ 'C.A. de Valparaíso' (100.0%)
    Buscando '4º Juzgado Civil de Valparaíso' en #conTribunal... ✓ '4º Juzgado Civil de Valparaíso' (100.0%)
  ✓ 61 resultado(s)
  ✓ Detalle abierto
    Buscando 'Apremio' en #selCuaderno... ✓ '2 - Apremio Ejecutivo Obligación de Dar' (100.0%)
    Tabla modal: #modalDetalleCivil .table-responsive table tbody tr (140 filas)
17:46:21 [FILTRADOR]   W2 1563: 129 filas en tabla de tramitacion
17:46:23 [FILTRADOR]   [W2] Causa 14/14: 556-2024 [PENDIENTE_FILTRO1] (mismo tribunal)
17:46:23 [FILTRADOR]   W2 Buscando 556-2024 en OJV...
  ✓ Detalle abierto
    Buscando 'Apremio' en #selCuaderno................... ✗ no encontrado (mejor score: 33.3%, umbral: 80%)
17:46:43 [FILTRADOR]   #historiaCiv: 6 filas leidas (de 104 totales, filtro fecha >= 2026-03-26)
17:46:43 [FILTRADOR]   [FILTRO1-W2] 556 (4º Juzgado Civil de Valparaíso) -> ELIMINAR: Sin postores: "Certificado de no postores" (folio 100, 2026-03-30)
17:46:45 [FILTRADOR]   [W2] Chunk completado: 14 causas en 9 min 29 seg
17:46:45 [FILTRADOR] [W2] Worker finalizado. Resultados escritos en D:\Remates\temp_workers\result_2.json
17:46:45 [FILTRADOR] Worker 2 terminado (exit code: 0)
17:46:45 [FILTRADOR] Worker 3 terminado (exit code: 0)
17:46:45 [FILTRADOR] Worker 4 terminado (exit code: 0)
17:46:45 [FILTRADOR] Worker 5 terminado (exit code: 0)
17:46:45 [FILTRADOR] Worker 1: 14 resultados leidos
17:46:45 [FILTRADOR] Worker 2: 14 resultados leidos
17:46:45 [FILTRADOR] Worker 3: 12 resultados leidos
17:46:45 [FILTRADOR] Worker 4: 12 resultados leidos
17:46:45 [FILTRADOR] Worker 5: 7 resultados leidos
17:46:45 [FILTRADOR] [F3] Procesando 11 causas PENDIENTE_LIQUIDACION
  -> Cargando OJV...
  ✓ Formulario listo
17:46:50 [FILTRADOR] [F3] C-1563-2025 (4º Juzgado Civil de Valparaíso)...
  -> Buscando C-1563-2025...
    Buscando 'C.A. de Valparaíso' en #conCorte... ✓ 'C.A. de Valparaíso' (100.0%)
    Buscando '4º Juzgado Civil de Valparaíso' en #conTribunal... ✓ '4º Juzgado Civil de Valparaíso' (100.0%)
  ✓ 2 resultado(s)
  ✓ Detalle abierto
    Buscando 'Apremio' en #selCuaderno... ✓ '2 - Apremio Ejecutivo Obligación de Dar' (100.0%)
17:47:04 [FILTRADOR]   [F3] C-1563-2025: Buscando Liquidacion (Credito) en tabla...
17:47:06 [FILTRADOR]   [F3] C-1563-2025: Liquidacion (Credito) no encontrada en tabla. Pendiente.
17:47:06 [FILTRADOR] [F3] C-2881-2021 (1º Juzgado Civil de Viña del Mar)...
  -> Buscando C-2881-2021...
    Buscando 'C.A. de Valparaíso' en #conCorte... ✓ 'C.A. de Valparaíso' (100.0%)
    Buscando '1º Juzgado Civil de Viña del Mar' en #conTribunal... ✓ '1º Juzgado Civil de Viña del Mar' (100.0%)
  ✓ 147 resultado(s)
  ✓ Detalle abierto
    Buscando 'Apremio' en #selCuaderno... ✓ '3 - Apremio de desposeimiento' (100.0%)
17:47:20 [FILTRADOR]   [F3] C-2881-2021: Buscando Liquidacion (Credito) en tabla...
17:47:22 [FILTRADOR]   [F3] C-2881-2021: Liquidacion (Credito) no encontrada en tabla. Pendiente.
17:47:22 [FILTRADOR] [F3] C-857-2025 (1º Juzgado de Letras de Coyhaique)...
  -> Buscando C-857-2025...
    Buscando 'C.A. de Coyhaique' en #conCorte... ✓ 'C.A. de Coyhaique' (100.0%)
    Buscando '1º Juzgado de Letras de Coyhaique' en #conTribunal... ✓ '1º Juzgado de Letras de Coyhaique' (100.0%)
  ✓ 69 resultado(s)
  ✓ Detalle abierto
    Buscando 'Apremio' en #selCuaderno... ✓ '2 - Apremio Ejecutivo Obligación de Dar' (100.0%)
17:47:36 [FILTRADOR]   [F3] C-857-2025: Buscando Liquidacion (Credito) en tabla...
17:47:37 [FILTRADOR]   [F3] C-857-2025: Liquidacion (Credito) no encontrada en tabla. Pendiente.
17:47:37 [FILTRADOR] [F3] C-862-2021 (3º Juzgado de Letras de la Serena)...
  -> Buscando C-862-2021...
    Buscando 'C.A. de La Serena' en #conCorte... ✓ 'C.A. de La Serena' (100.0%)
    Buscando '3º Juzgado de Letras de la Serena' en #conTribunal... ✓ '3º Juzgado de Letras de la Serena' (100.0%)
  ✓ 58 resultado(s)
  ✓ Detalle abierto
    Buscando 'Apremio' en #selCuaderno... ✓ '2 - Apremio de desposeimiento' (100.0%)
17:47:51 [FILTRADOR]   [F3] C-862-2021: Buscando Liquidacion (Credito) en tabla...
17:47:53 [FILTRADOR]   [F3] C-862-2021: Liquidacion (Credito) no encontrada en tabla. Pendiente.
17:47:54 [FILTRADOR] [F3] C-4837-2024 (3º Juzgado de Letras de Iquique)...
  -> Buscando C-4837-2024...
    Buscando 'C.A. de Iquique' en #conCorte... ✓ 'C.A. de Iquique' (100.0%)
    Buscando '3º Juzgado de Letras de Iquique' en #conTribunal... ✓ '3º Juzgado de Letras de Iquique' (100.0%)
  ✓ 159 resultado(s)
  ✓ Detalle abierto
    Buscando 'Apremio' en #selCuaderno... ✓ '2 - Apremio Ejecutivo Obligación de Dar' (100.0%)
17:48:13 [FILTRADOR]   [F3] C-4837-2024: Buscando Liquidacion (Credito) en tabla...
17:48:16 [FILTRADOR]   [F3] C-4837-2024: Liquidacion (Credito) no encontrada en tabla. Pendiente.
17:48:16 [FILTRADOR] [F3] C-1467-2025 (2º Juzgado Civil de Valparaíso)...
  -> Buscando C-1467-2025...
    Buscando 'C.A. de Valparaíso' en #conCorte... ✓ 'C.A. de Valparaíso' (100.0%)
    Buscando '2º Juzgado Civil de Valparaíso' en #conTribunal... ✓ '2º Juzgado Civil de Valparaíso' (100.0%)
  ✓ 155 resultado(s)
  ✓ Detalle abierto
    Buscando 'Apremio' en #selCuaderno... ✓ '2 - Apremio Ejecutivo Obligación de Dar' (100.0%)
17:48:37 [FILTRADOR]   [F3] C-1467-2025: Buscando Liquidacion (Credito) en tabla...
17:48:39 [FILTRADOR]   [F3] C-1467-2025: Liquidacion (Credito) no encontrada en tabla. Pendiente.
17:48:40 [FILTRADOR] [F3] C-8438-2024 (1º Juzgado Civil de Concepción)...
  -> Buscando C-8438-2024...
    Buscando 'C.A. de Concepción' en #conCorte... ✓ 'C.A. de Concepción' (100.0%)
    Buscando '1º Juzgado Civil de Concepción' en #conTribunal... ✓ '1º Juzgado Civil de Concepción' (100.0%)
  ✓ 80 resultado(s)
  ✓ Detalle abierto
    Buscando 'Apremio' en #selCuaderno... ✓ '2 - Apremio Ejecutivo Obligación de Dar' (100.0%)
17:49:00 [FILTRADOR]   [F3] C-8438-2024: Buscando Liquidacion (Credito) en tabla...
17:49:01 [FILTRADOR]   [F3] C-8438-2024: Liquidacion (Credito) no encontrada en tabla. Pendiente.
17:49:02 [FILTRADOR] [F3] C-3276-2025 (3º Juzgado de Letras Civil de Antofagasta)...
  -> Buscando C-3276-2025...
    Buscando 'C.A. de Antofagasta' en #conCorte... ✓ 'C.A. de Antofagasta' (100.0%)
    Buscando '3º Juzgado de Letras Civil de Antofagasta' en #conTribunal... ✓ '3º Juzgado de Letras Civil de Antofagasta' (100.0%)
  ✓ 83 resultado(s)
  ✓ Detalle abierto
    Buscando 'Apremio' en #selCuaderno... ✓ '2 - Apremio Ejecutivo Obligación de Dar' (100.0%)
17:49:22 [FILTRADOR]   [F3] C-3276-2025: Buscando Liquidacion (Credito) en tabla...
17:49:23 [FILTRADOR]   [F3] C-3276-2025: Liquidacion (Credito) no encontrada en tabla. Pendiente.
17:49:24 [FILTRADOR] [F3] C-755-2024 (1º Juzgado de Letras de Quilpue)...
  -> Buscando C-755-2024...
    Buscando 'C.A. de Valparaíso' en #conCorte... ✓ 'C.A. de Valparaíso' (100.0%)
    Buscando '1º Juzgado de Letras de Quilpue' en #conTribunal... ✓ '1º Juzgado de Letras de Quilpue' (100.0%)
  ✓ 48 resultado(s)
  ✓ Detalle abierto
    Buscando 'Apremio' en #selCuaderno... ✓ '2 - Apremio Ejecutivo Obligación de Dar' (100.0%)
17:49:43 [FILTRADOR]   [F3] C-755-2024: Buscando Liquidacion (Credito) en tabla...
17:49:44 [FILTRADOR]   [F3] C-755-2024: Liquidacion (Credito) no encontrada en tabla. Pendiente.
17:49:45 [FILTRADOR] [F3] C-817-2023 (3º Juzgado de Letras de Calama)...
  -> Buscando C-817-2023...
    Buscando 'C.A. de Antofagasta' en #conCorte... ✓ 'C.A. de Antofagasta' (100.0%)
    Buscando '3º Juzgado de Letras de Calama' en #conTribunal... ✓ '3º Juzgado de Letras de Calama' (100.0%)
  ✓ 48 resultado(s)
  ✓ Detalle abierto
    Buscando 'Apremio' en #selCuaderno... ✓ '2 - Apremio Ejecutivo Obligación de Dar' (100.0%)
17:50:04 [FILTRADOR]   [F3] C-817-2023: Buscando Liquidacion (Credito) en tabla...
17:50:06 [FILTRADOR]   [F3] C-817-2023: Liquidacion (Credito) no encontrada en tabla. Pendiente.
17:50:07 [FILTRADOR] [F3] C-3504-2022 (2º Juzgado de Letras Civil de Antofagasta)...
  -> Buscando C-3504-2022...
    Buscando 'C.A. de Antofagasta' en #conCorte... ✓ 'C.A. de Antofagasta' (100.0%)
    Buscando '2º Juzgado de Letras Civil de Antofagasta' en #conTribunal... ✓ '2º Juzgado de Letras Civil de Antofagasta' (100.0%)
  ✓ 115 resultado(s)
  ✓ Detalle abierto
    Buscando 'Apremio' en #selCuaderno... ✓ '2 - Apremio Ejecutivo Obligación de Dar' (100.0%)
17:50:28 [FILTRADOR]   [F3] C-3504-2022: Buscando Liquidacion (Credito) en tabla...
17:50:29 [FILTRADOR]   [F3] C-3504-2022: Liquidacion (Credito) no encontrada en tabla. Pendiente.
17:50:29 [FILTRADOR] [F3] Resumen: 0 excedentes, 0 eliminadas, 0 revision, 11 pendientes
17:50:29 [FILTRADOR] Causas eliminadas del Excel: 9
17:50:29 [FILTRADOR] Generando Excel formateado...
17:50:29 [FILTRADOR]   Pestana 'Revision Manual': 19 causas
17:50:30 [FILTRADOR] Excel madre guardado: D:\Remates\Causas con liq\Causas_posible_saldo.xlsx
17:50:30 [FILTRADOR] [LIQ] Pestana 'Excedentes Confirmados': 1 nuevas, 0 secciones previas
17:50:30 [FILTRADOR] [LIQ] Pestana 'Revision Manual': 0 nuevas, 0 secciones previas
17:50:30 [FILTRADOR] [LIQ] Excel de liquidaciones guardado: D:\Remates\Causas con liq\Causas_con_liquidacion.xlsx
17:50:30 [FILTRADOR] 
17:50:30 [FILTRADOR] ====================================================
17:50:30 [FILTRADOR]   RESUMEN DE EJECUCION
17:50:30 [FILTRADOR] ====================================================
17:50:30 [FILTRADOR]   Workers: 5
17:50:30 [FILTRADOR]   Tiempo total: 9 min 38 seg
17:50:30 [FILTRADOR] 
17:50:30 [FILTRADOR]   Resumen Filtro 1:
17:50:30 [FILTRADOR]     Eliminadas (suspension):    4
17:50:30 [FILTRADOR]     Eliminadas (sin postores):  3
17:50:30 [FILTRADOR]     Eliminadas (reprogramado):  1
17:50:30 [FILTRADOR]     Pendientes acta:            22
17:50:30 [FILTRADOR]     Pendientes liquidacion:     11
17:50:30 [FILTRADOR]     Errores OJV:                21
17:50:30 [FILTRADOR]     No elegibles (< 2 dias):    160
17:50:30 [FILTRADOR]   Eliminadas (sin excedente):   1
17:50:30 [FILTRADOR]   Con liquidacion encontrada:   0
17:50:30 [FILTRADOR] 
17:50:30 [FILTRADOR]   Pendientes filtro 1:          163
17:50:30 [FILTRADOR]   Pendientes revision manual:   19
17:50:30 [FILTRADOR]   Total causas en Excel madre:  233
17:50:30 [FILTRADOR]   HTMLs auditoria guardados:    17 (en D:\Remates\audit_html)
17:50:30 [FILTRADOR] ====================================================
17:50:30 [FILTRADOR] Excel madre guardado: D:\Remates\Causas con liq\Causas_posible_saldo.xlsx
