23:10:21 [FILTRADOR] === FILTRADOR DE SALDOS ===
23:10:21 [FILTRADOR] *** Workers: 5 procesos paralelos ***
23:10:21 [FILTRADOR] === PASO 0: Merge de Reportes ===
23:10:21 [FILTRADOR] Excel madre cargado: 168 causas existentes
23:10:21 [FILTRADOR]   Saltando Reporte_2026-03-07.xlsx (ya importado)
23:10:21 [FILTRADOR]   Saltando Reporte_2026-03-13.xlsx (ya importado)
23:10:21 [FILTRADOR]   Saltando Reporte_2026-03-20.1.xlsx (ya importado)
23:10:21 [FILTRADOR]   Saltando Reporte_2026-03-20.xlsx (ya importado)
23:10:21 [FILTRADOR]   Saltando Reporte_2026-03-21.xlsx (ya importado)
23:10:21 [FILTRADOR]   Saltando Reporte_2026-03-26.xlsx (ya importado)
23:10:21 [FILTRADOR] Total causas nuevas importadas: 0
23:10:21 [FILTRADOR] Total causas en Excel madre: 168
23:10:21 [FILTRADOR] [RECHECK-LIQ] Re-analizando PDFs de liquidacion con regex actualizado...
23:10:21 [FILTRADOR]   C-3535-2025: Sin match de regex
23:10:21 [FILTRADOR]   C-4836-2022: Sin match de regex
23:10:21 [FILTRADOR]   C-7366-2024: Sin match de regex
23:10:21 [FILTRADOR]   C-867-2024: Sin match de regex
23:10:22 [FILTRADOR]   C-1138-2024: Sin match de regex
23:10:22 [FILTRADOR] [RECHECK-LIQ] 5 revisadas, 0 cambios
23:10:22 [FILTRADOR] Generando Excel formateado...
23:10:22 [FILTRADOR]   Pestana 'Revision Manual': 6 causas
23:10:22 [FILTRADOR] Excel madre guardado: D:\Remates\Causas con liq\Causas_posible_saldo.xlsx
23:10:22 [FILTRADOR] [F3] Pestana 'Excedentes Confirmados': 4 causas
23:10:22 [FILTRADOR] [F3] Pestana 'Revision Manual': 5 causas Tipo B
23:10:22 [FILTRADOR] [F3] Excel de liquidaciones guardado: D:\Remates\Causas con liq\Causas_con_liquidacion.xlsx
23:10:22 [FILTRADOR] Excel madre guardado: D:\Remates\Causas con liq\Causas_posible_saldo.xlsx
