19:09:11 [FILTRADOR] === FILTRADOR DE SALDOS ===
19:09:11 [FILTRADOR] *** MODO SOLO FILTRO 3: Descarga de liquidaciones ***
19:09:11 [FILTRADOR] *** Workers: 5 procesos paralelos ***
19:09:11 [FILTRADOR] === PASO 0: Merge de Reportes ===
19:09:11 [FILTRADOR] Excel madre cargado: 168 causas existentes
19:09:11 [FILTRADOR]   Saltando Reporte_2026-03-07.xlsx (ya importado)
19:09:11 [FILTRADOR]   Saltando Reporte_2026-03-13.xlsx (ya importado)
19:09:11 [FILTRADOR]   Saltando Reporte_2026-03-20.1.xlsx (ya importado)
19:09:11 [FILTRADOR]   Saltando Reporte_2026-03-20.xlsx (ya importado)
19:09:11 [FILTRADOR]   Saltando Reporte_2026-03-21.xlsx (ya importado)
19:09:11 [FILTRADOR]   Saltando Reporte_2026-03-26.xlsx (ya importado)
19:09:11 [FILTRADOR] Total causas nuevas importadas: 0
19:09:11 [FILTRADOR] Total causas en Excel madre: 168
19:09:11 [FILTRADOR] [F3] Procesando 12 causas con liquidacion en tabla
  -> Cargando OJV...
  ✓ Formulario listo
19:09:16 [FILTRADOR] [F3] C-1381-2025 (2º Juzgado Civil de Talcahuano)...
  -> Buscando C-1381-2025...
    Buscando 'C.A. de Concepción' en #conCorte... ✓ 'C.A. de Concepción' (100.0%)
    Buscando '2º Juzgado Civil de Talcahuano' en #conTribunal... ✓ '2º Juzgado Civil de Talcahuano' (100.0%)
  ✓ 2 resultado(s)
  ✓ Detalle abierto
    Buscando 'Apremio' en #selCuaderno... ✓ '2 - Apremio Ejecutivo Obligación de Dar' (100.0%)
19:09:30 [FILTRADOR]   [F3] C-1381-2025: Buscando fila de liquidacion en tabla...
19:09:30 [FILTRADOR]   [F3] C-1381-2025: Liquidacion encontrada en folio 61. Descargando PDF...
19:09:30 [FILTRADOR]   No se encontro form de descarga en fila
19:09:30 [FILTRADOR]   [F3] C-1381-2025: PDF no descargable (folio 61)
19:09:31 [FILTRADOR] [F3] C-1529-2023 (3º Juzgado Civil de Temuco)...
  -> Buscando C-1529-2023...
    Buscando 'C.A. de Temuco' en #conCorte... ✓ 'C.A. de Temuco' (100.0%)
    Buscando '3º Juzgado Civil de Temuco' en #conTribunal... ✓ '3º Juzgado Civil de Temuco' (100.0%)
  ✓ 116 resultado(s)
  ✓ Detalle abierto
    Buscando 'Apremio' en #selCuaderno... ✓ '2 - Apremio Ejecutivo Obligación de Dar' (100.0%)
19:09:45 [FILTRADOR]   [F3] C-1529-2023: Buscando fila de liquidacion en tabla...
19:09:47 [FILTRADOR]   [F3] C-1529-2023: Liquidacion encontrada en folio 197. Descargando PDF...
19:09:47 [FILTRADOR]   PDF descargado: 1529-2023_liquidacion.pdf (69188 bytes)
19:09:47 [FILTRADOR]   [F3] C-1529-2023: PDF descargado. Analizando...
19:09:47 [FILTRADOR]   [F3] C-1529-2023: Texto extraido (877 chars, nativo)
19:09:47 [FILTRADOR]   [F3] C-1529-2023: -> PENDIENTE_REVISION_MANUAL (saldo no extraido)
19:09:48 [FILTRADOR] [F3] C-3535-2025 (2º Juzgado de Letras Civil de Antofagasta)...
  -> Buscando C-3535-2025...
    Buscando 'C.A. de Antofagasta' en #conCorte... ✓ 'C.A. de Antofagasta' (100.0%)
    Buscando '2º Juzgado de Letras Civil de Antofagasta' en #conTribunal... ✓ '2º Juzgado de Letras Civil de Antofagasta' (100.0%)
  ✓ 225 resultado(s)
  ✓ Detalle abierto
    Buscando 'Apremio' en #selCuaderno... ✓ '2 - Apremio Ejecutivo Obligación de Dar' (100.0%)
19:10:02 [FILTRADOR]   [F3] C-3535-2025: Buscando fila de liquidacion en tabla...
19:10:03 [FILTRADOR]   [F3] C-3535-2025: Liquidacion encontrada en folio 27. Descargando PDF...
19:10:03 [FILTRADOR]   PDF descargado: 3535-2025_liquidacion.pdf (77358 bytes)
19:10:03 [FILTRADOR]   [F3] C-3535-2025: PDF descargado. Analizando...
19:10:03 [FILTRADOR]   [F3] C-3535-2025: Texto extraido (1038 chars, OCR)
19:10:03 [FILTRADOR]   [F3] C-3535-2025: -> PENDIENTE_REVISION_MANUAL (saldo no extraido)
19:10:04 [FILTRADOR] [F3] C-4836-2022 (2º Juzgado Civil de Rancagua)...
  -> Buscando C-4836-2022...
    Buscando 'C.A. de Rancagua' en #conCorte... ✓ 'C.A. de Rancagua' (100.0%)
    Buscando '2º Juzgado Civil de Rancagua' en #conTribunal... ✓ '2º Juzgado Civil de Rancagua' (100.0%)
  ✓ 48 resultado(s)
  ✓ Detalle abierto
    Buscando 'Apremio' en #selCuaderno... ✓ '3 - Apremio Ejecutivo Obligación de Dar' (100.0%)
19:10:17 [FILTRADOR]   [F3] C-4836-2022: Buscando fila de liquidacion en tabla...
19:10:20 [FILTRADOR]   [F3] C-4836-2022: Liquidacion encontrada en folio 254. Descargando PDF...
19:10:21 [FILTRADOR]   PDF descargado: 4836-2022_liquidacion.pdf (65884 bytes)
19:10:21 [FILTRADOR]   [F3] C-4836-2022: PDF descargado. Analizando...
19:10:21 [FILTRADOR]   [F3] C-4836-2022: Texto extraido (824 chars, OCR)
19:10:21 [FILTRADOR]   [F3] C-4836-2022: -> PENDIENTE_REVISION_MANUAL (saldo no extraido)
19:10:21 [FILTRADOR] [F3] C-862-2021 (3º Juzgado de Letras de la Serena)...
  -> Buscando C-862-2021...
    Buscando 'C.A. de La Serena' en #conCorte... ✓ 'C.A. de La Serena' (100.0%)
    Buscando '3º Juzgado de Letras de la Serena' en #conTribunal... ✓ '3º Juzgado de Letras de la Serena' (100.0%)
  ✓ 783 resultado(s)
  ✓ Detalle abierto
    Buscando 'Apremio' en #selCuaderno... ✓ '2 - Apremio de desposeimiento' (100.0%)
19:10:39 [FILTRADOR]   [F3] C-862-2021: Buscando fila de liquidacion en tabla...
19:10:40 [FILTRADOR]   [F3] C-862-2021: Liquidacion encontrada en folio 97. Descargando PDF...
19:10:40 [FILTRADOR]   PDF descargado: 862-2021_liquidacion.pdf (105506 bytes)
19:10:40 [FILTRADOR]   [F3] C-862-2021: PDF descargado. Analizando...
19:10:40 [FILTRADOR]   [F3] C-862-2021: Texto extraido (1481 chars, OCR)
19:10:40 [FILTRADOR]   [F3] C-862-2021: -> PENDIENTE_REVISION_MANUAL (saldo no extraido)
19:10:41 [FILTRADOR] [F3] C-1810-2025 (4° Juzgado de Letras Civil de Antofagasta)...
  -> Buscando C-1810-2025...
    Buscando 'C.A. de Antofagasta' en #conCorte... ✓ 'C.A. de Antofagasta' (100.0%)
    Buscando '4° Juzgado de Letras Civil de Antofagasta' en #conTribunal... ✓ '4 ° Juzgado de Letras Civil de Antofagasta' (100.0%)
  ✓ 158 resultado(s)
  ✓ Detalle abierto
    Buscando 'Apremio' en #selCuaderno... ✓ '2 - Apremio Ejecutivo Obligación de Dar' (100.0%)
19:10:55 [FILTRADOR]   [F3] C-1810-2025: Buscando fila de liquidacion en tabla...
19:10:56 [FILTRADOR]   [F3] C-1810-2025: Liquidacion encontrada en folio 39. Descargando PDF...
19:10:56 [FILTRADOR]   PDF descargado: 1810-2025_liquidacion.pdf (65066 bytes)
19:10:56 [FILTRADOR]   [F3] C-1810-2025: PDF descargado. Analizando...
19:10:56 [FILTRADOR]   [F3] C-1810-2025: Texto extraido (1125 chars, nativo)
19:10:56 [FILTRADOR]   [F3] C-1810-2025: -> PENDIENTE_REVISION_MANUAL (saldo no extraido)
19:10:57 [FILTRADOR] [F3] C-7366-2024 (2º Juzgado Civil de Rancagua)...
  -> Buscando C-7366-2024...
    Buscando 'C.A. de Rancagua' en #conCorte... ✓ 'C.A. de Rancagua' (100.0%)
    Buscando '2º Juzgado Civil de Rancagua' en #conTribunal... ✓ '2º Juzgado Civil de Rancagua' (100.0%)
  ✓ 74 resultado(s)
  ✓ Detalle abierto
    Buscando 'Apremio' en #selCuaderno... ✓ '2 - Apremio Ejecutivo Obligación de Dar' (100.0%)
19:11:10 [FILTRADOR]   [F3] C-7366-2024: Buscando fila de liquidacion en tabla...
19:11:11 [FILTRADOR]   [F3] C-7366-2024: Liquidacion encontrada en folio 69. Descargando PDF...
19:11:12 [FILTRADOR]   PDF descargado: 7366-2024_liquidacion.pdf (64968 bytes)
19:11:12 [FILTRADOR]   [F3] C-7366-2024: PDF descargado. Analizando...
19:11:12 [FILTRADOR]   [F3] C-7366-2024: Texto extraido (718 chars, nativo)
19:11:12 [FILTRADOR]   [F3] C-7366-2024: -> PENDIENTE_REVISION_MANUAL (saldo no extraido)
19:11:12 [FILTRADOR] [F3] C-867-2024 (Juzgado de Letras de Villarrica)...
  -> Buscando C-867-2024...
    Buscando 'C.A. de Temuco' en #conCorte... ✓ 'C.A. de Temuco' (100.0%)
    Buscando 'Juzgado de Letras de Villarrica' en #conTribunal... ✓ 'Juzgado de Letras de Villarrica' (100.0%)
  ✓ 152 resultado(s)
  ✓ Detalle abierto
    Buscando 'Apremio' en #selCuaderno................... ✗ no encontrado (mejor score: 37.0%, umbral: 80%)
19:11:34 [FILTRADOR]   [F3] C-867-2024: Buscando fila de liquidacion en tabla...
19:11:37 [FILTRADOR]   [F3] C-867-2024: Liquidacion encontrada en folio 204. Descargando PDF...
19:11:37 [FILTRADOR]   PDF descargado: 867-2024_liquidacion.pdf (68382 bytes)
19:11:37 [FILTRADOR]   [F3] C-867-2024: PDF descargado. Analizando...
19:11:37 [FILTRADOR]   [F3] C-867-2024: Texto extraido (749 chars, nativo)
19:11:37 [FILTRADOR]   [F3] C-867-2024: -> PENDIENTE_REVISION_MANUAL (saldo no extraido)
19:11:38 [FILTRADOR] [F3] C-5950-2020 (3º Juzgado Civil de Concepción)...
  -> Buscando C-5950-2020...
    Buscando 'C.A. de Concepción' en #conCorte... ✓ 'C.A. de Concepción' (100.0%)
    Buscando '3º Juzgado Civil de Concepción' en #conTribunal... ✓ '3º Juzgado Civil de Concepción' (100.0%)
  ✓ 567 resultado(s)
  ✓ Detalle abierto
    Buscando 'Apremio' en #selCuaderno... ✓ '2 - Apremio Ejecutivo Obligación de Dar' (100.0%)
19:11:55 [FILTRADOR]   [F3] C-5950-2020: Buscando fila de liquidacion en tabla...
19:11:57 [FILTRADOR]   [F3] C-5950-2020: Fila de liquidacion no encontrada en tabla
19:11:57 [FILTRADOR] [F3] C-755-2024 (1º Juzgado de Letras de Quilpue)...
  -> Buscando C-755-2024...
    Buscando 'C.A. de Valparaíso' en #conCorte... ✓ 'C.A. de Valparaíso' (100.0%)
    Buscando '1º Juzgado de Letras de Quilpue' en #conTribunal... ✓ '1º Juzgado de Letras de Quilpue' (100.0%)
  ✓ 122 resultado(s)
  ✓ Detalle abierto
    Buscando 'Apremio' en #selCuaderno... ✓ '2 - Apremio Ejecutivo Obligación de Dar' (100.0%)
19:12:11 [FILTRADOR]   [F3] C-755-2024: Buscando fila de liquidacion en tabla...
19:12:12 [FILTRADOR]   [F3] C-755-2024: Liquidacion encontrada en folio 33. Descargando PDF...
19:12:12 [FILTRADOR]   PDF descargado: 755-2024_liquidacion.pdf (71060 bytes)
19:12:12 [FILTRADOR]   [F3] C-755-2024: PDF descargado. Analizando...
19:12:12 [FILTRADOR]   [F3] C-755-2024: Texto extraido (730 chars, OCR)
19:12:12 [FILTRADOR]   [F3] C-755-2024: -> PENDIENTE_REVISION_MANUAL (saldo no extraido)
19:12:13 [FILTRADOR] [F3] C-817-2023 (3º Juzgado de Letras de Calama)...
  -> Buscando C-817-2023...
    Buscando 'C.A. de Antofagasta' en #conCorte... ✓ 'C.A. de Antofagasta' (100.0%)
    Buscando '3º Juzgado de Letras de Calama' en #conTribunal... ✓ '3º Juzgado de Letras de Calama' (100.0%)
  ✓ 48 resultado(s)
  ✓ Detalle abierto
    Buscando 'Apremio' en #selCuaderno... ✓ '2 - Apremio Ejecutivo Obligación de Dar' (100.0%)
19:12:26 [FILTRADOR]   [F3] C-817-2023: Buscando fila de liquidacion en tabla...
19:12:27 [FILTRADOR]   [F3] C-817-2023: Liquidacion encontrada en folio 59. Descargando PDF...
19:12:27 [FILTRADOR]   PDF descargado: 817-2023_liquidacion.pdf (69614 bytes)
19:12:27 [FILTRADOR]   [F3] C-817-2023: PDF descargado. Analizando...
19:12:27 [FILTRADOR]   [F3] C-817-2023: Texto extraido (909 chars, OCR)
19:12:27 [FILTRADOR]   [F3] C-817-2023: -> PENDIENTE_REVISION_MANUAL (saldo no extraido)
19:12:28 [FILTRADOR] [F3] C-1138-2024 (2º Juzgado de Letras Civil de Antofagasta)...
  -> Buscando C-1138-2024...
    Buscando 'C.A. de Antofagasta' en #conCorte... ✓ 'C.A. de Antofagasta' (100.0%)
    Buscando '2º Juzgado de Letras Civil de Antofagasta' en #conTribunal... ✓ '2º Juzgado de Letras Civil de Antofagasta' (100.0%)
  ✓ 103 resultado(s)
  ✓ Detalle abierto
    Buscando 'Apremio' en #selCuaderno... ✓ '2 - Apremio Ejecutivo Obligación de Dar' (100.0%)
19:12:42 [FILTRADOR]   [F3] C-1138-2024: Buscando fila de liquidacion en tabla...
19:12:43 [FILTRADOR]   [F3] C-1138-2024: Liquidacion encontrada en folio 112. Descargando PDF...
19:12:43 [FILTRADOR]   PDF descargado: 1138-2024_liquidacion.pdf (77142 bytes)
19:12:43 [FILTRADOR]   [F3] C-1138-2024: PDF descargado. Analizando...
19:12:43 [FILTRADOR]   [F3] C-1138-2024: Texto extraido (1140 chars, OCR)
19:12:43 [FILTRADOR]   [F3] C-1138-2024: -> PENDIENTE_REVISION_MANUAL (saldo no extraido)
19:12:44 [FILTRADOR] Generando Excel formateado...
19:12:44 [FILTRADOR]   Pestana 'Revision Manual': 11 causas
19:12:44 [FILTRADOR] Excel madre guardado: D:\Remates\Causas con liq\Causas_posible_saldo.xlsx
19:12:44 [FILTRADOR] [F3] No hay excedentes confirmados para exportar
19:12:44 [FILTRADOR] 
19:12:44 [FILTRADOR] ====================================================
19:12:44 [FILTRADOR]   RESUMEN FILTRO 3
19:12:44 [FILTRADOR] ====================================================
19:12:44 [FILTRADOR]   Causas procesadas:          12
19:12:44 [FILTRADOR]   Excedentes confirmados:     0
19:12:44 [FILTRADOR]   Eliminadas (sin excedente): 0
19:12:44 [FILTRADOR]   Revision manual:            10
19:12:44 [FILTRADOR]   Pendientes (sin cambio):    2
19:12:44 [FILTRADOR] ====================================================
19:12:44 [FILTRADOR] Excel madre guardado: D:\Remates\Causas con liq\Causas_posible_saldo.xlsx
