17:49:22 [FILTRADOR] === FILTRADOR DE SALDOS ===
17:49:22 [FILTRADOR] *** Workers: 5 procesos paralelos ***
17:49:22 [FILTRADOR] === PASO 0: Merge de Reportes ===
17:49:22 [FILTRADOR] Excel madre cargado: 168 causas existentes
17:49:22 [FILTRADOR]   Saltando Reporte_2026-03-07.xlsx (ya importado)
17:49:22 [FILTRADOR]   Saltando Reporte_2026-03-13.xlsx (ya importado)
17:49:22 [FILTRADOR]   Saltando Reporte_2026-03-20.1.xlsx (ya importado)
17:49:22 [FILTRADOR]   Saltando Reporte_2026-03-20.xlsx (ya importado)
17:49:22 [FILTRADOR]   Saltando Reporte_2026-03-21.xlsx (ya importado)
17:49:22 [FILTRADOR]   Saltando Reporte_2026-03-26.xlsx (ya importado)
17:49:22 [FILTRADOR] Total causas nuevas importadas: 0
17:49:22 [FILTRADOR] Total causas en Excel madre: 168
17:49:22 [FILTRADOR] [RECHECK-CARGO] Re-verificando cargo al credito en PDFs existentes...
17:49:22 [FILTRADOR]   C-2601-2023: cargo=False confirmado
17:49:22 [FILTRADOR]   C-1563-2025: cargo=False confirmado
17:49:22 [FILTRADOR]   C-1529-2023: cargo=False confirmado
17:49:22 [FILTRADOR]   C-2543-2025: cargo=False confirmado
17:49:22 [FILTRADOR]     PDF sin contenido de acta en texto nativo. Intentando OCR...
Traceback (most recent call last):
  File "D:\Remates\filtrador_saldos.py", line 3366, in <module>
    main()
    ~~~~^^
  File "D:\Remates\filtrador_saldos.py", line 3108, in main
    analisis = _analizar_pdf_acta(filepath)
  File "D:\Remates\filtrador_saldos.py", line 1358, in _analizar_pdf_acta
    texto_ocr = _ocr_pdf(doc)
  File "D:\Remates\filtrador_saldos.py", line 1303, in _ocr_pdf
    pix = page.get_pixmap(dpi=200)
  File "C:\Users\ndieg\AppData\Local\Python\pythoncore-3.14-64\Lib\site-packages\pymupdf\__init__.py", line 11889, in get_pixmap
    pix = dl.get_pixmap(matrix=matrix, colorspace=colorspace, alpha=alpha, clip=clip)
  File "C:\Users\ndieg\AppData\Local\Python\pythoncore-3.14-64\Lib\site-packages\pymupdf\__init__.py", line 2808, in get_pixmap
    val = JM_pixmap_from_display_list(self.this, matrix, colorspace, alpha, clip, None)
  File "C:\Users\ndieg\AppData\Local\Python\pythoncore-3.14-64\Lib\site-packages\pymupdf\__init__.py", line 21138, in JM_pixmap_from_display_list
    mupdf.fz_run_display_list(list_, dev, mupdf.FzMatrix(), mupdf.FzRect(mupdf.FzRect.Fixed_INFINITE), mupdf.FzCookie())
    ~~~~~~~~~~~~~~~~~~~~~~~~~^^^^^^^^^^^^^^^^^^^^^^^^^^^^^^^^^^^^^^^^^^^^^^^^^^^^^^^^^^^^^^^^^^^^^^^^^^^^^^^^^^^^^^^^^^^
  File "C:\Users\ndieg\AppData\Local\Python\pythoncore-3.14-64\Lib\site-packages\pymupdf\mupdf.py", line 52564, in fz_run_display_list
    return _mupdf.fz_run_display_list(list, dev, ctm, scissor, cookie)
           ~~~~~~~~~~~~~~~~~~~~~~~~~~^^^^^^^^^^^^^^^^^^^^^^^^^^^^^^^^^
KeyboardInterrupt
