17:39:38 [FILTRADOR] === FILTRADOR DE SALDOS ===
17:39:38 [FILTRADOR] *** Workers: 5 procesos paralelos ***
17:39:38 [FILTRADOR] === PASO 0: Merge de Reportes ===
17:39:38 [FILTRADOR] Excel madre cargado: 168 causas existentes
17:39:38 [FILTRADOR]   Saltando Reporte_2026-03-07.xlsx (ya importado)
17:39:38 [FILTRADOR]   Saltando Reporte_2026-03-13.xlsx (ya importado)
17:39:38 [FILTRADOR]   Saltando Reporte_2026-03-20.1.xlsx (ya importado)
17:39:38 [FILTRADOR]   Saltando Reporte_2026-03-20.xlsx (ya importado)
17:39:38 [FILTRADOR]   Saltando Reporte_2026-03-21.xlsx (ya importado)
17:39:38 [FILTRADOR]   Saltando Reporte_2026-03-26.xlsx (ya importado)
17:39:38 [FILTRADOR] Total causas nuevas importadas: 0
17:39:38 [FILTRADOR] Total causas en Excel madre: 168
17:39:38 [FILTRADOR] [RECHECK-CARGO] Re-verificando cargo al credito en PDFs existentes...
17:39:38 [FILTRADOR]   C-2601-2023: cargo=False confirmado
17:39:38 [FILTRADOR]   C-1563-2025: cargo=False confirmado
17:39:38 [FILTRADOR]   C-1529-2023: cargo=False confirmado
17:39:38 [FILTRADOR]   C-2543-2025: cargo=False confirmado
17:39:38 [FILTRADOR]     PDF sin contenido de acta en texto nativo. Intentando OCR...
17:39:46 [FILTRADOR]     OCR exitoso: 10757 chars extraidos
17:39:46 [FILTRADOR]   C-1833-2025: cargo=False confirmado
17:39:46 [FILTRADOR]   C-549-2025: cargo=False confirmado
17:39:46 [FILTRADOR]   C-93-2024: cargo=False confirmado
17:39:46 [FILTRADOR]     PDF sin contenido de acta en texto nativo. Intentando OCR...
17:39:48 [FILTRADOR]     OCR exitoso: 2710 chars extraidos
17:39:48 [FILTRADOR]   C-897-2025: CARGO AL CREDITO detectado -> ELIMINAR
17:39:48 [FILTRADOR]   C-4885-2023: cargo=False confirmado
17:39:48 [FILTRADOR]   C-7205-2024: cargo=False confirmado
17:39:48 [FILTRADOR]     PDF sin contenido de acta en texto nativo. Intentando OCR...
17:39:50 [FILTRADOR]     OCR exitoso: 2034 chars extraidos
17:39:50 [FILTRADOR]   C-2609-2025: cargo=False confirmado
17:39:50 [FILTRADOR]   C-857-2025: cargo=False confirmado
17:39:50 [FILTRADOR]     PDF sin contenido de acta en texto nativo. Intentando OCR...
17:39:54 [FILTRADOR]     OCR exitoso: 5131 chars extraidos
17:39:54 [FILTRADOR]     ALERTA: Monto $10,100,000,000 supera tope razonable. Descartando.
17:39:54 [FILTRADOR]   C-1810-2025: cargo=False confirmado
17:39:54 [FILTRADOR]   C-4837-2024: cargo=False confirmado
17:39:54 [FILTRADOR]   C-5950-2020: cargo=False confirmado
17:39:54 [FILTRADOR]     PDF sin contenido de acta en texto nativo. Intentando OCR...
17:39:57 [FILTRADOR]     OCR exitoso: 4692 chars extraidos
17:39:57 [FILTRADOR]   C-1467-2025: cargo=False confirmado
17:39:57 [FILTRADOR]   C-4776-2024: CARGO AL CREDITO detectado -> ELIMINAR
17:39:57 [FILTRADOR]   C-2540-2025: cargo=False confirmado
17:39:57 [FILTRADOR]   C-3323-2024: cargo=False confirmado
17:39:57 [FILTRADOR]     PDF sin contenido de acta en texto nativo. Intentando OCR...
17:39:58 [FILTRADOR]     OCR exitoso: 1729 chars extraidos
17:39:58 [FILTRADOR]   C-748-2019: CARGO AL CREDITO detectado -> ELIMINAR
17:39:58 [FILTRADOR]     PDF sin contenido de acta en texto nativo. Intentando OCR...
17:40:01 [FILTRADOR]     OCR exitoso: 3397 chars extraidos
17:40:01 [FILTRADOR]   C-3276-2025: cargo=False confirmado
17:40:01 [FILTRADOR]     PDF sin contenido de acta en texto nativo. Intentando OCR...
17:40:05 [FILTRADOR]     OCR exitoso: 6134 chars extraidos
17:40:05 [FILTRADOR]   C-2470-2025: cargo=False confirmado
17:40:05 [FILTRADOR]   C-2431-2024: cargo=False confirmado
17:40:05 [FILTRADOR] [RECHECK-CARGO] 23 causas revisadas, 3 cambiadas a ELIMINAR
17:40:05 [FILTRADOR] Generando Excel formateado...
17:40:05 [FILTRADOR]   Pestana 'Revision Manual': 1 causas
17:40:05 [FILTRADOR] ERROR: No se puede guardar D:\Remates\Causas con liq\Causas_posible_saldo.xlsx. Esta abierto en Excel?
17:40:05 [FILTRADOR]   Cierra el archivo y presiona Enter (1/3)...
>>> Presiona Enter para reintentar: 17:40:16 [FILTRADOR] Excel madre guardado: D:\Remates\Causas con liq\Causas_posible_saldo.xlsx
17:40:16 [FILTRADOR] Excel madre guardado: D:\Remates\Causas con liq\Causas_posible_saldo.xlsx
