21:00:34 [FILTRADOR] === FILTRADOR DE SALDOS ===
21:00:34 [FILTRADOR] *** MODO SOLO FILTRO 3: Descarga de liquidaciones ***
21:00:34 [FILTRADOR] *** Workers: 5 procesos paralelos ***
21:00:34 [FILTRADOR] === PASO 0: Merge de Reportes ===
21:00:34 [FILTRADOR] Excel madre cargado: 168 causas existentes
21:00:34 [FILTRADOR]   Saltando Reporte_2026-03-07.xlsx (ya importado)
21:00:34 [FILTRADOR]   Saltando Reporte_2026-03-13.xlsx (ya importado)
21:00:34 [FILTRADOR]   Saltando Reporte_2026-03-20.1.xlsx (ya importado)
21:00:34 [FILTRADOR]   Saltando Reporte_2026-03-20.xlsx (ya importado)
21:00:34 [FILTRADOR]   Saltando Reporte_2026-03-21.xlsx (ya importado)
21:00:34 [FILTRADOR]   Saltando Reporte_2026-03-26.xlsx (ya importado)
21:00:34 [FILTRADOR] Total causas nuevas importadas: 0
21:00:34 [FILTRADOR] Total causas en Excel madre: 168
21:00:34 [FILTRADOR] [F3] Procesando 12 causas con liquidacion en tabla
  -> Cargando OJV...
  ✓ Formulario listo
21:00:39 [FILTRADOR] [F3] C-1381-2025 (2º Juzgado Civil de Talcahuano)...
  -> Buscando C-1381-2025...
    Buscando 'C.A. de Concepción' en #conCorte... ✓ 'C.A. de Concepción' (100.0%)
    Buscando '2º Juzgado Civil de Talcahuano' en #conTribunal... ✓ '2º Juzgado Civil de Talcahuano' (100.0%)
  ✓ 2 resultado(s)
  ✓ Detalle abierto
    Buscando 'Apremio' en #selCuaderno... ✓ '2 - Apremio Ejecutivo Obligación de Dar' (100.0%)
21:00:52 [FILTRADOR]   [F3] C-1381-2025: Buscando Liquidacion (Credito) en tabla...
21:00:54 [FILTRADOR]   [F3] C-1381-2025: Liquidacion (Credito) no encontrada en tabla. Pendiente.
21:00:55 [FILTRADOR] [F3] C-1529-2023 (3º Juzgado Civil de Temuco)...
  -> Buscando C-1529-2023...
    Buscando 'C.A. de Temuco' en #conCorte... ✓ 'C.A. de Temuco' (100.0%)
    Buscando '3º Juzgado Civil de Temuco' en #conTribunal... ✓ '3º Juzgado Civil de Temuco' (100.0%)
  ✓ 116 resultado(s)
  ✓ Detalle abierto
    Buscando 'Apremio' en #selCuaderno... ✓ '2 - Apremio Ejecutivo Obligación de Dar' (100.0%)
21:01:09 [FILTRADOR]   [F3] C-1529-2023: Buscando Liquidacion (Credito) en tabla...
21:01:11 [FILTRADOR]   [F3] C-1529-2023: Liquidacion (Credito) encontrada en folio 196. Descargando...
21:01:11 [FILTRADOR]   PDF descargado: 1529-2023_liquidacion.pdf (326397 bytes)
21:01:11 [FILTRADOR]   [F3] C-1529-2023: PDF descargado. Analizando...
21:01:11 [FILTRADOR]   [F3] C-1529-2023: Texto extraido (4583 chars, OCR)
21:01:11 [FILTRADOR]   [F3] C-1529-2023: -> EXCEDENTE_CONFIRMADO ($61,986,279, patron: 'saldo a favor del ejecutado')
21:01:12 [FILTRADOR] [F3] C-3535-2025 (2º Juzgado de Letras Civil de Antofagasta)...
  -> Buscando C-3535-2025...
    Buscando 'C.A. de Antofagasta' en #conCorte... ✓ 'C.A. de Antofagasta' (100.0%)
    Buscando '2º Juzgado de Letras Civil de Antofagasta' en #conTribunal... ✓ '2º Juzgado de Letras Civil de Antofagasta' (100.0%)
  ✓ 225 resultado(s)
  ✓ Detalle abierto
    Buscando 'Apremio' en #selCuaderno... ✓ '2 - Apremio Ejecutivo Obligación de Dar' (100.0%)
21:01:26 [FILTRADOR]   [F3] C-3535-2025: Buscando Liquidacion (Credito) en tabla...
21:01:27 [FILTRADOR]   [F3] C-3535-2025: Liquidacion (Credito) encontrada en folio 24. Descargando...
21:01:28 [FILTRADOR]   PDF descargado: 3535-2025_liquidacion.pdf (508370 bytes)
21:01:28 [FILTRADOR]   [F3] C-3535-2025: PDF descargado. Analizando...
21:01:28 [FILTRADOR]   [F3] C-3535-2025: Texto extraido (3935 chars, OCR)
21:01:28 [FILTRADOR]   [F3] C-3535-2025: -> PENDIENTE_REVISION_MANUAL (saldo no extraido)
21:01:28 [FILTRADOR] [F3] C-4836-2022 (2º Juzgado Civil de Rancagua)...
  -> Buscando C-4836-2022...
    Buscando 'C.A. de Rancagua' en #conCorte... ✓ 'C.A. de Rancagua' (100.0%)
    Buscando '2º Juzgado Civil de Rancagua' en #conTribunal... ✓ '2º Juzgado Civil de Rancagua' (100.0%)
  ✓ 48 resultado(s)
  ✓ Detalle abierto
    Buscando 'Apremio' en #selCuaderno... ✓ '3 - Apremio Ejecutivo Obligación de Dar' (100.0%)
21:01:42 [FILTRADOR]   [F3] C-4836-2022: Buscando Liquidacion (Credito) en tabla...
21:01:45 [FILTRADOR]   [F3] C-4836-2022: Liquidacion (Credito) encontrada en folio 53. Descargando...
21:01:45 [FILTRADOR]   PDF descargado: 4836-2022_liquidacion.pdf (117960 bytes)
21:01:45 [FILTRADOR]   [F3] C-4836-2022: PDF descargado. Analizando...
21:01:45 [FILTRADOR]   [F3] C-4836-2022: Texto extraido (1815 chars, nativo)
21:01:45 [FILTRADOR]   [F3] C-4836-2022: -> PENDIENTE_REVISION_MANUAL (saldo no extraido)
21:01:46 [FILTRADOR] [F3] C-862-2021 (3º Juzgado de Letras de la Serena)...
  -> Buscando C-862-2021...
    Buscando 'C.A. de La Serena' en #conCorte... ✓ 'C.A. de La Serena' (100.0%)
    Buscando '3º Juzgado de Letras de la Serena' en #conTribunal... ✓ '3º Juzgado de Letras de la Serena' (100.0%)
  ✓ 783 resultado(s)
  ✓ Detalle abierto
    Buscando 'Apremio' en #selCuaderno... ✓ '2 - Apremio de desposeimiento' (100.0%)
21:02:04 [FILTRADOR]   [F3] C-862-2021: Buscando Liquidacion (Credito) en tabla...
21:02:06 [FILTRADOR]   [F3] C-862-2021: Liquidacion (Credito) no encontrada en tabla. Pendiente.
21:02:07 [FILTRADOR] [F3] C-1810-2025 (4° Juzgado de Letras Civil de Antofagasta)...
  -> Buscando C-1810-2025...
    Buscando 'C.A. de Antofagasta' en #conCorte... ✓ 'C.A. de Antofagasta' (100.0%)
    Buscando '4° Juzgado de Letras Civil de Antofagasta' en #conTribunal... ✓ '4 ° Juzgado de Letras Civil de Antofagasta' (100.0%)
  ✓ 158 resultado(s)
  ✓ Detalle abierto
    Buscando 'Apremio' en #selCuaderno... ✓ '2 - Apremio Ejecutivo Obligación de Dar' (100.0%)
21:02:21 [FILTRADOR]   [F3] C-1810-2025: Buscando Liquidacion (Credito) en tabla...
21:02:22 [FILTRADOR]   [F3] C-1810-2025: Liquidacion (Credito) no encontrada en tabla. Pendiente.
21:02:23 [FILTRADOR] [F3] C-7366-2024 (2º Juzgado Civil de Rancagua)...
  -> Buscando C-7366-2024...
    Buscando 'C.A. de Rancagua' en #conCorte... ✓ 'C.A. de Rancagua' (100.0%)
    Buscando '2º Juzgado Civil de Rancagua' en #conTribunal... ✓ '2º Juzgado Civil de Rancagua' (100.0%)
  ✓ 74 resultado(s)
  ✓ Detalle abierto
    Buscando 'Apremio' en #selCuaderno... ✓ '2 - Apremio Ejecutivo Obligación de Dar' (100.0%)
21:02:36 [FILTRADOR]   [F3] C-7366-2024: Buscando Liquidacion (Credito) en tabla...
21:02:37 [FILTRADOR]   [F3] C-7366-2024: Liquidacion (Credito) encontrada en folio 66. Descargando...
21:02:38 [FILTRADOR]   PDF descargado: 7366-2024_liquidacion.pdf (327469 bytes)
21:02:38 [FILTRADOR]   [F3] C-7366-2024: PDF descargado. Analizando...
21:02:38 [FILTRADOR]   [F3] C-7366-2024: Texto extraido (5902 chars, OCR)
21:02:38 [FILTRADOR]   [F3] C-7366-2024: -> PENDIENTE_REVISION_MANUAL (saldo no extraido)
21:02:39 [FILTRADOR] [F3] C-867-2024 (Juzgado de Letras de Villarrica)...
  -> Buscando C-867-2024...
    Buscando 'C.A. de Temuco' en #conCorte... ✓ 'C.A. de Temuco' (100.0%)
    Buscando 'Juzgado de Letras de Villarrica' en #conTribunal... ✓ 'Juzgado de Letras de Villarrica' (100.0%)
  ✓ 152 resultado(s)
  ✓ Detalle abierto
    Buscando 'Apremio' en #selCuaderno................... ✗ no encontrado (mejor score: 37.0%, umbral: 80%)
21:03:01 [FILTRADOR]   [F3] C-867-2024: Buscando Liquidacion (Credito) en tabla...
21:03:04 [FILTRADOR]   [F3] C-867-2024: Liquidacion (Credito) encontrada en folio 203. Descargando...
21:03:04 [FILTRADOR]   PDF descargado: 867-2024_liquidacion.pdf (292452 bytes)
21:03:04 [FILTRADOR]   [F3] C-867-2024: PDF descargado. Analizando...
21:03:04 [FILTRADOR]   [F3] C-867-2024: Texto extraido (5606 chars, OCR)
21:03:04 [FILTRADOR]   [F3] C-867-2024: -> PENDIENTE_REVISION_MANUAL (saldo no extraido)
21:03:05 [FILTRADOR] [F3] C-5950-2020 (3º Juzgado Civil de Concepción)...
  -> Buscando C-5950-2020...
    Buscando 'C.A. de Concepción' en #conCorte... ✓ 'C.A. de Concepción' (100.0%)
    Buscando '3º Juzgado Civil de Concepción' en #conTribunal... ✓ '3º Juzgado Civil de Concepción' (100.0%)
  ✓ 567 resultado(s)
  ✓ Detalle abierto
    Buscando 'Apremio' en #selCuaderno... ✓ '2 - Apremio Ejecutivo Obligación de Dar' (100.0%)
21:03:22 [FILTRADOR]   [F3] C-5950-2020: Buscando Liquidacion (Credito) en tabla...
21:03:24 [FILTRADOR]   [F3] C-5950-2020: Liquidacion (Credito) no encontrada en tabla. Pendiente.
21:03:25 [FILTRADOR] [F3] C-755-2024 (1º Juzgado de Letras de Quilpue)...
  -> Buscando C-755-2024...
    Buscando 'C.A. de Valparaíso' en #conCorte... ✓ 'C.A. de Valparaíso' (100.0%)
    Buscando '1º Juzgado de Letras de Quilpue' en #conTribunal... ✓ '1º Juzgado de Letras de Quilpue' (100.0%)
  ✓ 122 resultado(s)
  ✓ Detalle abierto
    Buscando 'Apremio' en #selCuaderno... ✓ '2 - Apremio Ejecutivo Obligación de Dar' (100.0%)
21:03:39 [FILTRADOR]   [F3] C-755-2024: Buscando Liquidacion (Credito) en tabla...
21:03:40 [FILTRADOR]   [F3] C-755-2024: Liquidacion (Credito) no encontrada en tabla. Pendiente.
21:03:40 [FILTRADOR] [F3] C-817-2023 (3º Juzgado de Letras de Calama)...
  -> Buscando C-817-2023...
    Buscando 'C.A. de Antofagasta' en #conCorte... ✓ 'C.A. de Antofagasta' (100.0%)
    Buscando '3º Juzgado de Letras de Calama' en #conTribunal... ✓ '3º Juzgado de Letras de Calama' (100.0%)
  ✓ 48 resultado(s)
  ✓ Detalle abierto
    Buscando 'Apremio' en #selCuaderno... ✓ '2 - Apremio Ejecutivo Obligación de Dar' (100.0%)
21:03:54 [FILTRADOR]   [F3] C-817-2023: Buscando Liquidacion (Credito) en tabla...
21:03:55 [FILTRADOR]   [F3] C-817-2023: Liquidacion (Credito) no encontrada en tabla. Pendiente.
21:03:56 [FILTRADOR] [F3] C-1138-2024 (2º Juzgado de Letras Civil de Antofagasta)...
  -> Buscando C-1138-2024...
    Buscando 'C.A. de Antofagasta' en #conCorte... ✓ 'C.A. de Antofagasta' (100.0%)
    Buscando '2º Juzgado de Letras Civil de Antofagasta' en #conTribunal... ✓ '2º Juzgado de Letras Civil de Antofagasta' (100.0%)
  ✓ 103 resultado(s)
  ✓ Detalle abierto
    Buscando 'Apremio' en #selCuaderno... ✓ '2 - Apremio Ejecutivo Obligación de Dar' (100.0%)
21:04:10 [FILTRADOR]   [F3] C-1138-2024: Buscando Liquidacion (Credito) en tabla...
21:04:11 [FILTRADOR]   [F3] C-1138-2024: Liquidacion (Credito) encontrada en folio 86. Descargando...
21:04:12 [FILTRADOR]   PDF descargado: 1138-2024_liquidacion.pdf (324059 bytes)
21:04:12 [FILTRADOR]   [F3] C-1138-2024: PDF descargado. Analizando...
21:04:12 [FILTRADOR]   [F3] C-1138-2024: Texto extraido (3420 chars, OCR)
21:04:12 [FILTRADOR]   [F3] C-1138-2024: -> PENDIENTE_REVISION_MANUAL (saldo no extraido)
21:04:12 [FILTRADOR] Generando Excel formateado...
21:04:12 [FILTRADOR]   Pestana 'Revision Manual': 6 causas
21:04:12 [FILTRADOR] Excel madre guardado: D:\Remates\Causas con liq\Causas_posible_saldo.xlsx
21:04:12 [FILTRADOR] [F3] Excel de liquidaciones guardado: D:\Remates\Causas con liq\Causas_con_liquidacion.xlsx (1 excedentes)
21:04:12 [FILTRADOR] 
21:04:12 [FILTRADOR] ====================================================
21:04:12 [FILTRADOR]   RESUMEN FILTRO 3
21:04:12 [FILTRADOR] ====================================================
21:04:12 [FILTRADOR]   Causas procesadas:          12
21:04:12 [FILTRADOR]   Excedentes confirmados:     1
21:04:12 [FILTRADOR]   Eliminadas (sin excedente): 0
21:04:12 [FILTRADOR]   Revision manual:            5
21:04:12 [FILTRADOR]   Pendientes (sin cambio):    6
21:04:12 [FILTRADOR] ====================================================
21:04:12 [FILTRADOR] Excel madre guardado: D:\Remates\Causas con liq\Causas_posible_saldo.xlsx
