21:32:57 [FILTRADOR] === FILTRADOR DE SALDOS ===
21:32:57 [FILTRADOR] *** Workers: 5 procesos paralelos ***
21:32:57 [FILTRADOR] === PASO 0: Merge de Reportes ===
21:32:57 [FILTRADOR] Excel madre cargado: 168 causas existentes
21:32:57 [FILTRADOR]   Saltando Reporte_2026-03-07.xlsx (ya importado)
21:32:57 [FILTRADOR]   Saltando Reporte_2026-03-13.xlsx (ya importado)
21:32:57 [FILTRADOR]   Saltando Reporte_2026-03-20.1.xlsx (ya importado)
21:32:57 [FILTRADOR]   Saltando Reporte_2026-03-20.xlsx (ya importado)
21:32:57 [FILTRADOR]   Saltando Reporte_2026-03-21.xlsx (ya importado)
21:32:57 [FILTRADOR]   Saltando Reporte_2026-03-26.xlsx (ya importado)
21:32:57 [FILTRADOR] Total causas nuevas importadas: 0
21:32:57 [FILTRADOR] Total causas en Excel madre: 168
21:32:57 [FILTRADOR] [RECHECK-LIQ] Re-analizando PDFs de liquidacion con regex actualizado...
21:32:57 [FILTRADOR]   C-3535-2025: Tipo B sin acta -> REVISION_MANUAL
21:32:57 [FILTRADOR]   C-4836-2022: Tipo B sin acta -> REVISION_MANUAL
21:32:57 [FILTRADOR]   C-7366-2024: Tipo B sin acta -> REVISION_MANUAL
21:32:57 [FILTRADOR]   C-867-2024: Tipo B sin acta -> REVISION_MANUAL
21:32:57 [FILTRADOR]   C-1138-2024: Tipo B sin acta -> REVISION_MANUAL
21:32:57 [FILTRADOR] [RECHECK-LIQ] 5 revisadas, 5 cambios
21:32:57 [FILTRADOR] Generando Excel formateado...
21:32:57 [FILTRADOR]   Pestana 'Revision Manual': 6 causas
21:32:57 [FILTRADOR] Excel madre guardado: D:\Remates\Causas con liq\Causas_posible_saldo.xlsx
21:32:57 [FILTRADOR] [F3] Pestana 'Excedentes Confirmados': 1 causas
21:32:57 [FILTRADOR] [F3] Pestana 'Revision Manual': 5 causas Tipo B
21:32:57 [FILTRADOR] [F3] Excel de liquidaciones guardado: D:\Remates\Causas con liq\Causas_con_liquidacion.xlsx
21:32:57 [FILTRADOR] Excel madre guardado: D:\Remates\Causas con liq\Causas_posible_saldo.xlsx
