17:26:30 [FILTRADOR] [W2] Iniciando worker (PID 19580)...
17:26:30 [FILTRADOR] [W4] Iniciando worker (PID 24276)...
17:26:30 [FILTRADOR] [W3] Iniciando worker (PID 22320)...
17:26:30 [FILTRADOR] [W5] Iniciando worker (PID 10372)...
17:26:30 [FILTRADOR] [W1] Iniciando worker (PID 14620)...
17:26:30 [FILTRADOR] [W2] 9 causas a procesar
17:26:30 [FILTRADOR] [W3] 4 causas a procesar
17:26:30 [FILTRADOR] [W4] 7 causas a procesar
17:26:30 [FILTRADOR] [W5] 8 causas a procesar
17:26:30 [FILTRADOR] [W1] 3 causas a procesar
  -> Cargando OJV...
  -> Cargando OJV...
  -> Cargando OJV...
  -> Cargando OJV...
  -> Cargando OJV...
  ✓ Formulario listo
17:26:38 [FILTRADOR]   [W3] REAUDIT 1/4: 3308-2024
17:26:38 [FILTRADOR]   W3 [REAUDIT] Buscando 3308-2024 en OJV...
  -> Buscando C-3308-2024...
  ✓ Formulario listo
17:26:38 [FILTRADOR]   [W2] REAUDIT 1/9: 93-2024
17:26:38 [FILTRADOR]   W2 [REAUDIT] Buscando 93-2024 en OJV...
  -> Buscando C-93-2024...
  ✓ Formulario listo
17:26:38 [FILTRADOR]   [W5] REAUDIT 1/8: 2543-2025
17:26:38 [FILTRADOR]   W5 [REAUDIT] Buscando 2543-2025 en OJV...
  -> Buscando C-2543-2025...
    Buscando 'C.A. de Concepción' en #conCorte... ✓ 'C.A. de Concepción' (100.0%)
  ✓ Formulario listo
17:26:39 [FILTRADOR]   [W4] REAUDIT 1/7: 1618-2023
17:26:39 [FILTRADOR]   W4 [REAUDIT] Buscando 1618-2023 en OJV...
  -> Buscando C-1618-2023...
    Buscando 'C.A. de Talca' en #conCorte...  ✓ Formulario listo
17:26:39 [FILTRADOR]   [W1] REAUDIT 1/3: 3308-2025
17:26:39 [FILTRADOR]   W1 [REAUDIT] Buscando 3308-2025 en OJV...
  -> Buscando C-3308-2025...
 ✓ 'C.A. de Talca' (100.0%)
    Buscando 'C.A. de Iquique' en #conCorte... ✓ 'C.A. de Iquique' (100.0%)
    Buscando '1º Juzgado Civil de Talcahuano' en #conTribunal...    Buscando 'C.A. de Antofagasta' en #conCorte... ✓ '1º Juzgado Civil de Talcahuano' (100.0%)
    Buscando 'C.A. de La Serena' en #conCorte... ✓ 'C.A. de Antofagasta' (100.0%)
    Buscando 'Juzgado de Letras y Gar. de Chanco' en #conTribunal... ✓ 'C.A. de La Serena' (100.0%)
 ✓ 'Juzgado de Letras y Gar. de Chanco' (100.0%)
    Buscando '1º Juzgado de Letras de Iquique' en #conTribunal... ✓ '1º Juzgado de Letras de Iquique' (100.0%)
    Buscando '1º Juzgado de Letras Civil de Antofagasta' en #conTribunal... ✓ '1º Juzgado de Letras Civil de Antofagasta' (100.0%)
    Buscando '2º Juzgado de Letras de la Serena' en #conTribunal... ✓ '2º Juzgado de Letras de la Serena' (100.0%)
  ✓ 2 resultado(s)
  ✓ 2 resultado(s)
  ✓ 2 resultado(s)
  ✓ 2 resultado(s)
  ✓ 2 resultado(s)
  ✓ Detalle abierto
    Buscando 'Apremio' en #selCuaderno... ✓ '2 - Apremio Ejecutivo Obligación de Dar' (100.0%)
  ✓ Detalle abierto
    Buscando 'Apremio' en #selCuaderno... ✓ '2 - Apremio de desposeimiento' (100.0%)
  ✓ Detalle abierto
    Buscando 'Apremio' en #selCuaderno... ✓ '2 - Apremio Ejecutivo Obligación de Dar' (100.0%)
  ✓ Detalle abierto
    Buscando 'Apremio' en #selCuaderno... ✓ '2 - Apremio Ejecutivo Obligación de Dar' (100.0%)
  ✓ Detalle abierto
    Buscando 'Apremio' en #selCuaderno... ✓ '2 - Apremio Ejecutivo Obligación de Dar' (100.0%)
17:26:53 [FILTRADOR]   #historiaCiv (reaudit): 68 filas leidas (sin filtro fecha)
17:26:53 [FILTRADOR]   W3 HTML guardado: PENDIENTE_ACTA_C-3308-2024_1º_Juzgado_Civil_de_Talcahuano.html
17:26:53 [FILTRADOR]   W3 [REAUDIT] 3308 -> NECESITA_PDF_ACTA: Acta de remate detectada en tabla (folio 55, 2026-03-24)
17:26:53 [FILTRADOR]   W3 3308: Acta detectada folio 55. Descargando PDF...
17:26:53 [FILTRADOR]   #historiaCiv (reaudit): 51 filas leidas (sin filtro fecha)
17:26:53 [FILTRADOR]   W5 HTML guardado: PENDIENTE_ACTA_C-2543-2025_1º_Juzgado_de_Letras_de_Iquiqu.html
17:26:53 [FILTRADOR]   W5 [REAUDIT] 2543 -> NECESITA_PDF_ACTA: Acta de remate detectada en tabla (folio 37, 2026-03-05)
17:26:53 [FILTRADOR]   W5 2543: Acta detectada folio 37. Descargando PDF...
17:26:53 [FILTRADOR]   #historiaCiv (reaudit): 23 filas leidas (sin filtro fecha)
17:26:53 [FILTRADOR]   PDF descargado: acta_3308_2024.pdf (1363970 bytes)
17:26:53 [FILTRADOR]   W1 HTML guardado: PENDIENTE_ACTA_C-3308-2025_2º_Juzgado_de_Letras_de_la_Ser.html
17:26:53 [FILTRADOR]   W1 [REAUDIT] 3308 -> sin senales
17:26:53 [FILTRADOR]     PDF sin contenido de acta en texto nativo. Intentando OCR...
17:26:54 [FILTRADOR]   #historiaCiv (reaudit): 92 filas leidas (sin filtro fecha)
17:26:54 [FILTRADOR]   W2 HTML guardado: PENDIENTE_ACTA_C-93-2024_Juzgado_de_Letras_y_Gar._de_Ch.html
17:26:54 [FILTRADOR]   W2 [REAUDIT] 93 -> NECESITA_PDF_ACTA: Acta de remate detectada en tabla (folio 75, 2026-02-27)
17:26:54 [FILTRADOR]   W2 93: Acta detectada folio 75. Descargando PDF...
17:26:54 [FILTRADOR]   PDF descargado: acta_2543_2025.pdf (155850 bytes)
17:26:54 [FILTRADOR]   W5 2543: PDF analizado: cargo=False, monto=91000000, texto=$91.000.000 
17:26:54 [FILTRADOR]   #historiaCiv (reaudit): 44 filas leidas (sin filtro fecha)
17:26:54 [FILTRADOR]   W4 HTML guardado: PENDIENTE_ACTA_C-1618-2023_1º_Juzgado_de_Letras_Civil_de_.html
17:26:54 [FILTRADOR]   W4 [REAUDIT] 1618 -> NECESITA_PDF_ACTA: Acta de remate detectada en tabla (folio 40, 2026-03-04)
17:26:54 [FILTRADOR]   W4 1618: Acta detectada folio 40. Descargando PDF...
17:26:54 [FILTRADOR]   PDF descargado: acta_93_2024.pdf (318466 bytes)
17:26:54 [FILTRADOR]   PDF descargado: acta_1618_2023.pdf (267434 bytes)
17:26:54 [FILTRADOR]   W2 93: PDF analizado: cargo=False, monto=215000000, texto=$215.000.000 
17:26:54 [FILTRADOR]   W4 1618: PDF analizado: cargo=True, monto=51000000, texto=$51.000.000 
17:26:56 [FILTRADOR]   [W1] REAUDIT 2/3: 862-2021
17:26:56 [FILTRADOR]   W1 [REAUDIT] Buscando 862-2021 en OJV...
  -> Buscando C-862-2021...
17:26:56 [FILTRADOR]   [W5] REAUDIT 2/8: 4837-2024
17:26:56 [FILTRADOR]   W5 [REAUDIT] Buscando 4837-2024 en OJV...
  -> Buscando C-4837-2024...
17:26:57 [FILTRADOR]     OCR exitoso: 3563 chars extraidos
17:26:57 [FILTRADOR]   W3 3308: PDF analizado: cargo=True, monto=55000000, texto=$55.000.000.-
    Buscando 'C.A. de La Serena' en #conCorte...17:26:57 [FILTRADOR]   [W4] REAUDIT 2/7: 3535-2025
17:26:57 [FILTRADOR]   [W2] REAUDIT 2/9: 2881-2021
17:26:57 [FILTRADOR]   W4 [REAUDIT] Buscando 3535-2025 en OJV...
  -> Buscando C-3535-2025...17:26:57 [FILTRADOR]   W2 [REAUDIT] Buscando 2881-2021 en OJV...

  -> Buscando C-2881-2021...
 ✓ 'C.A. de La Serena' (100.0%)
    Buscando 'C.A. de Iquique' en #conCorte... ✓ 'C.A. de Iquique' (100.0%)
    Buscando 'C.A. de Antofagasta' en #conCorte...    Buscando 'C.A. de Valparaíso' en #conCorte... ✓ 'C.A. de Valparaíso' (100.0%) ✓ 'C.A. de Antofagasta' (100.0%)

    Buscando '3º Juzgado de Letras de la Serena' en #conTribunal... ✓ '3º Juzgado de Letras de la Serena' (100.0%)
    Buscando '3º Juzgado de Letras de Iquique' en #conTribunal... ✓ '3º Juzgado de Letras de Iquique' (100.0%)
    Buscando '1º Juzgado Civil de Viña del Mar' en #conTribunal...    Buscando '2º Juzgado de Letras Civil de Antofagasta' en #conTribunal... ✓ '2º Juzgado de Letras Civil de Antofagasta' (100.0%)
 ✓ '1º Juzgado Civil de Viña del Mar' (100.0%)
17:26:59 [FILTRADOR]   [W3] REAUDIT 2/4: 1381-2025
17:26:59 [FILTRADOR]   W3 [REAUDIT] Buscando 1381-2025 en OJV...
  -> Buscando C-1381-2025...
    Buscando 'C.A. de Concepción' en #conCorte... ✓ 'C.A. de Concepción' (100.0%)
    Buscando '2º Juzgado Civil de Talcahuano' en #conTribunal... ✓ '2º Juzgado Civil de Talcahuano' (100.0%)
  ✓ 34 resultado(s)
  ✓ 63 resultado(s)
  ✓ 63 resultado(s)
  ✓ 103 resultado(s)
  ✓ Detalle abierto
    Buscando 'Apremio' en #selCuaderno... ✓ '2 - Apremio de desposeimiento' (100.0%)
  ✓ Detalle abierto
    Buscando 'Apremio' en #selCuaderno... ✓ '2 - Apremio Ejecutivo Obligación de Dar' (100.0%)
  ✓ 79 resultado(s)
  ✓ Detalle abierto
    Buscando 'Apremio' en #selCuaderno... ✓ '2 - Apremio Ejecutivo Obligación de Dar' (100.0%)
  ✓ Detalle abierto
    Buscando 'Apremio' en #selCuaderno... ✓ '3 - Apremio de desposeimiento' (100.0%)
  ✓ Detalle abierto
    Buscando 'Apremio' en #selCuaderno... ✓ '2 - Apremio Ejecutivo Obligación de Dar' (100.0%)
17:27:11 [FILTRADOR]   #historiaCiv (reaudit): 100 filas leidas (sin filtro fecha)
17:27:11 [FILTRADOR]   W1 HTML guardado: PENDIENTE_ACTA_C-862-2021_3º_Juzgado_de_Letras_de_la_Ser.html
17:27:11 [FILTRADOR]   W1 [REAUDIT] 862 -> PENDIENTE_LIQUIDACION: Senal 4: "Ordena liquidar el crédito" (folio 97, 2026-03-26) -> directo a Filtro 3
17:27:11 [FILTRADOR]   #historiaCiv (reaudit): 31 filas leidas (sin filtro fecha)
17:27:11 [FILTRADOR]   W4 HTML guardado: PENDIENTE_ACTA_C-3535-2025_2º_Juzgado_de_Letras_Civil_de_.html
17:27:11 [FILTRADOR]   W4 [REAUDIT] 3535 -> PENDIENTE_LIQUIDACION: Senal 4: "Ordena liquidar el crédito" (folio 27, 2026-03-20) -> directo a Filtro 3
17:27:11 [FILTRADOR]   #historiaCiv (reaudit): 88 filas leidas (sin filtro fecha)
17:27:11 [FILTRADOR]   W5 HTML guardado: PENDIENTE_ACTA_C-4837-2024_3º_Juzgado_de_Letras_de_Iquiqu.html
17:27:11 [FILTRADOR]   W5 [REAUDIT] 4837 -> NECESITA_PDF_ACTA: Acta de remate detectada en tabla (folio 84, 2026-03-26)
17:27:11 [FILTRADOR]   W5 4837: Acta detectada folio 84. Descargando PDF...
17:27:12 [FILTRADOR]   #historiaCiv (reaudit): 49 filas leidas (sin filtro fecha)
17:27:12 [FILTRADOR]   W2 HTML guardado: PENDIENTE_ACTA_C-2881-2021_1º_Juzgado_Civil_de_Viña_del_M.html
17:27:12 [FILTRADOR]   W2 [REAUDIT] 2881 -> sin senales
17:27:12 [FILTRADOR]   PDF descargado: acta_4837_2024.pdf (140321 bytes)
17:27:12 [FILTRADOR]   W5 4837: PDF analizado: cargo=False, monto=12000000, texto=$12.000.000 
17:27:14 [FILTRADOR]   [W1] REAUDIT 3/3: 2168-2025
17:27:14 [FILTRADOR]   W1 [REAUDIT] Buscando 2168-2025 en OJV...
  -> Buscando C-2168-2025...
17:27:14 [FILTRADOR]   [W4] REAUDIT 3/7: 1138-2024
17:27:14 [FILTRADOR]   W4 [REAUDIT] Buscando 1138-2024 en OJV...
  -> Buscando C-1138-2024...
17:27:14 [FILTRADOR]   #historiaCiv (reaudit): 74 filas leidas (sin filtro fecha)
17:27:14 [FILTRADOR]   W3 HTML guardado: PENDIENTE_ACTA_C-1381-2025_2º_Juzgado_Civil_de_Talcahuano.html
17:27:14 [FILTRADOR]   W3 [REAUDIT] 1381 -> PENDIENTE_LIQUIDACION: Senal 4: "Ordena liquidar el crédito" (folio 61, 2026-03-17) -> directo a Filtro 3
17:27:14 [FILTRADOR]   [W2] REAUDIT 3/9: 48-2025
17:27:14 [FILTRADOR]   W2 [REAUDIT] Buscando 48-2025 en OJV...
  -> Buscando C-48-2025...
17:27:14 [FILTRADOR]   [W5] REAUDIT 3/8: 1706-2023
17:27:14 [FILTRADOR]   W5 [REAUDIT] Buscando 1706-2023 en OJV...
  -> Buscando C-1706-2023...
    Buscando 'C.A. de La Serena' en #conCorte...    Buscando 'C.A. de Antofagasta' en #conCorte... ✓ 'C.A. de La Serena' (100.0%)
 ✓ 'C.A. de Antofagasta' (100.0%)
    Buscando 'C.A. de Valparaíso' en #conCorte... ✓ 'C.A. de Valparaíso' (100.0%)
    Buscando 'C.A. de Puerto Montt' en #conCorte... ✓ 'C.A. de Puerto Montt' (100.0%)
    Buscando '3º Juzgado de Letras de la Serena' en #conTribunal...    Buscando '2º Juzgado de Letras Civil de Antofagasta' en #conTribunal... ✓ '3º Juzgado de Letras de la Serena' (100.0%)
 ✓ '2º Juzgado de Letras Civil de Antofagasta' (100.0%)
    Buscando '1º Juzgado de Letras de Los Andes' en #conTribunal... ✓ '1º Juzgado de Letras de Los Andes' (100.0%)
    Buscando '1º Juzgado Civil de Puerto Montt' en #conTribunal...17:27:17 [FILTRADOR]   [W3] REAUDIT 3/4: 3103-2025
17:27:17 [FILTRADOR]   W3 [REAUDIT] Buscando 3103-2025 en OJV...
  -> Buscando C-3103-2025...
 ✓ '1º Juzgado Civil de Puerto Montt' (100.0%)
    Buscando 'C.A. de Concepción' en #conCorte... ✓ 'C.A. de Concepción' (100.0%)
    Buscando '3º Juzgado Civil de Concepción' en #conTribunal... ✓ '3º Juzgado Civil de Concepción' (100.0%)
  ✓ 48 resultado(s)
  ✓ 158 resultado(s)
  ✓ 69 resultado(s)
  ✓ 154 resultado(s)
  ✓ Detalle abierto
    Buscando 'Apremio' en #selCuaderno... ✓ '2 - Apremio Ejecutivo Obligación de Dar' (100.0%)
  ✓ 116 resultado(s)
  ✓ Detalle abierto
    Buscando 'Apremio' en #selCuaderno...  ✓ Detalle abierto
    Buscando 'Apremio' en #selCuaderno... ✓ '2 - Apremio Ejecutivo Obligación de Dar' (100.0%)
 ✓ '2 - Apremio Ejecutivo Obligación de Dar' (100.0%)
  ✓ Detalle abierto
    Buscando 'Apremio' en #selCuaderno... ✓ '2 - Apremio Ejecutivo Obligación de Dar' (100.0%)
  ✓ Detalle abierto
    Buscando 'Apremio' en #selCuaderno... ✓ '2 - Apremio Ejecutivo Obligación de Dar' (100.0%)
17:27:28 [FILTRADOR]   #historiaCiv (reaudit): 32 filas leidas (sin filtro fecha)
17:27:28 [FILTRADOR]   W1 HTML guardado: PENDIENTE_ACTA_C-2168-2025_3º_Juzgado_de_Letras_de_la_Ser.html
17:27:28 [FILTRADOR]   W1 [REAUDIT] 2168 -> sin senales
17:27:29 [FILTRADOR]   #historiaCiv (reaudit): 65 filas leidas (sin filtro fecha)
17:27:29 [FILTRADOR]   W2 HTML guardado: PENDIENTE_ACTA_C-48-2025_1º_Juzgado_de_Letras_de_Los_An.html
17:27:29 [FILTRADOR]   W2 [REAUDIT] 48 -> NECESITA_PDF_ACTA: Acta de remate detectada en tabla (folio 56, 2026-03-18)
17:27:29 [FILTRADOR]   W2 48: Acta detectada folio 56. Descargando PDF...
17:27:29 [FILTRADOR]   #historiaCiv (reaudit): 125 filas leidas (sin filtro fecha)
17:27:29 [FILTRADOR]   W4 HTML guardado: PENDIENTE_ACTA_C-1138-2024_2º_Juzgado_de_Letras_Civil_de_.html
17:27:29 [FILTRADOR]   W4 [REAUDIT] 1138 -> PENDIENTE_LIQUIDACION: Senal 4: "Ordena liquidar el crédito" (folio 112, 2026-03-13) -> directo a Filtro 3
17:27:29 [FILTRADOR]   PDF descargado: acta_48_2025.pdf (503067 bytes)
17:27:29 [FILTRADOR]     PDF sin contenido de acta en texto nativo. Intentando OCR...
17:27:30 [FILTRADOR]   #historiaCiv (reaudit): 96 filas leidas (sin filtro fecha)
17:27:30 [FILTRADOR]   W5 HTML guardado: PENDIENTE_ACTA_C-1706-2023_1º_Juzgado_Civil_de_Puerto_Mon.html
17:27:30 [FILTRADOR]   W5 [REAUDIT] 1706 -> NECESITA_PDF_ACTA: Acta de remate detectada en tabla (folio 83, 2026-03-23)
17:27:30 [FILTRADOR]   W5 1706: Acta detectada folio 83. Descargando PDF...
17:27:31 [FILTRADOR]   PDF descargado: acta_1706_2023.pdf (218550 bytes)
17:27:31 [FILTRADOR]   W5 1706: PDF analizado: cargo=True, monto=63000000, texto=$63.000.000 
17:27:31 [FILTRADOR]   [W1] Reaudit completado: 3 causas en 0 min 51 seg
17:27:31 [FILTRADOR] [W1] Worker finalizado. Resultados escritos en D:\Remates\temp_workers\result_1.json
17:27:31 [FILTRADOR]   #historiaCiv (reaudit): 26 filas leidas (sin filtro fecha)
17:27:31 [FILTRADOR]   W3 HTML guardado: PENDIENTE_ACTA_C-3103-2025_3º_Juzgado_Civil_de_Concepción.html
17:27:31 [FILTRADOR]   W3 [REAUDIT] 3103 -> sin senales
17:27:32 [FILTRADOR]   [W4] REAUDIT 4/7: 3276-2025
17:27:32 [FILTRADOR]   W4 [REAUDIT] Buscando 3276-2025 en OJV...
  -> Buscando C-3276-2025...
17:27:32 [FILTRADOR]     OCR exitoso: 2871 chars extraidos
17:27:32 [FILTRADOR]   W2 48: PDF analizado: cargo=True, monto=78657648, texto=$78.657.648.-
    Buscando 'C.A. de Antofagasta' en #conCorte... ✓ 'C.A. de Antofagasta' (100.0%)
17:27:33 [FILTRADOR]   [W5] REAUDIT 4/8: 1529-2023
17:27:33 [FILTRADOR]   W5 [REAUDIT] Buscando 1529-2023 en OJV...
  -> Buscando C-1529-2023...
17:27:33 [FILTRADOR]   [W3] REAUDIT 4/4: 857-2025
17:27:33 [FILTRADOR]   W3 [REAUDIT] Buscando 857-2025 en OJV...
  -> Buscando C-857-2025...
    Buscando '3º Juzgado de Letras Civil de Antofagasta' en #conTribunal... ✓ '3º Juzgado de Letras Civil de Antofagasta' (100.0%)
    Buscando 'C.A. de Temuco' en #conCorte... ✓ 'C.A. de Temuco' (100.0%)
    Buscando 'C.A. de Coyhaique' en #conCorte...17:27:34 [FILTRADOR]   [W2] REAUDIT 4/9: 755-2024
17:27:34 [FILTRADOR]   W2 [REAUDIT] Buscando 755-2024 en OJV...
  -> Buscando C-755-2024...
 ✓ 'C.A. de Coyhaique' (100.0%)
    Buscando 'C.A. de Valparaíso' en #conCorte...    Buscando '3º Juzgado Civil de Temuco' en #conTribunal... ✓ 'C.A. de Valparaíso' (100.0%)
 ✓ '3º Juzgado Civil de Temuco' (100.0%)
    Buscando '1º Juzgado de Letras de Coyhaique' en #conTribunal... ✓ '1º Juzgado de Letras de Coyhaique' (100.0%)
    Buscando '1º Juzgado de Letras de Quilpue' en #conTribunal... ✓ '1º Juzgado de Letras de Quilpue' (100.0%)
  ✓ 196 resultado(s)
  ✓ 36 resultado(s)
  ✓ 138 resultado(s)
  ✓ 78 resultado(s)
  ✓ Detalle abierto
    Buscando 'Apremio' en #selCuaderno... ✓ '2 - Apremio Ejecutivo Obligación de Dar' (100.0%)
  ✓ Detalle abierto
    Buscando 'Apremio' en #selCuaderno... ✓ '2 - Apremio Ejecutivo Obligación de Dar' (100.0%)
  ✓ Detalle abierto
    Buscando 'Apremio' en #selCuaderno... ✓ '2 - Apremio Ejecutivo Obligación de Dar' (100.0%)
  ✓ Detalle abierto
    Buscando 'Apremio' en #selCuaderno... ✓ '2 - Apremio Ejecutivo Obligación de Dar' (100.0%)
17:27:46 [FILTRADOR]   #historiaCiv (reaudit): 25 filas leidas (sin filtro fecha)
17:27:46 [FILTRADOR]   W4 HTML guardado: PENDIENTE_ACTA_C-3276-2025_3º_Juzgado_de_Letras_Civil_de_.html
17:27:46 [FILTRADOR]   W4 [REAUDIT] 3276 -> NECESITA_PDF_ACTA: Acta de remate detectada en tabla (folio 22, 2026-03-25)
17:27:46 [FILTRADOR]   W4 3276: Acta detectada folio 22. Descargando PDF...
17:27:47 [FILTRADOR]   PDF descargado: acta_3276_2025.pdf (215324 bytes)
17:27:47 [FILTRADOR]     PDF sin contenido de acta en texto nativo. Intentando OCR...
17:27:48 [FILTRADOR]   #historiaCiv (reaudit): 39 filas leidas (sin filtro fecha)
17:27:48 [FILTRADOR]   W3 HTML guardado: PENDIENTE_ACTA_C-857-2025_1º_Juzgado_de_Letras_de_Coyhai.html
17:27:48 [FILTRADOR]   W3 [REAUDIT] 857 -> NECESITA_PDF_ACTA: Acta de remate detectada en tabla (folio 29, 2026-03-17)
17:27:48 [FILTRADOR]   W3 857: Acta detectada folio 29. Descargando PDF...
17:27:48 [FILTRADOR]   PDF descargado: acta_857_2025.pdf (112638 bytes)
17:27:48 [FILTRADOR]   W3 857: PDF analizado: cargo=False, monto=45000000, texto=$45.000.000
17:27:49 [FILTRADOR]   #historiaCiv (reaudit): 35 filas leidas (sin filtro fecha)
17:27:49 [FILTRADOR]   W2 HTML guardado: PENDIENTE_ACTA_C-755-2024_1º_Juzgado_de_Letras_de_Quilpu.html
17:27:49 [FILTRADOR]   W2 [REAUDIT] 755 -> PENDIENTE_LIQUIDACION: Senal 4: "Ordena liquidar el crédito" (folio 33, 2026-03-26) -> directo a Filtro 3
17:27:50 [FILTRADOR]   #historiaCiv (reaudit): 200 filas leidas (sin filtro fecha)
17:27:50 [FILTRADOR]   W5 HTML guardado: PENDIENTE_ACTA_C-1529-2023_3º_Juzgado_Civil_de_Temuco.html
17:27:50 [FILTRADOR]   W5 [REAUDIT] 1529 -> NECESITA_PDF_ACTA: Acta de remate detectada en tabla (folio 190, 2026-03-13)
17:27:50 [FILTRADOR]   W5 1529: Acta detectada folio 190. Descargando PDF...
17:27:51 [FILTRADOR]     OCR exitoso: 3397 chars extraidos
17:27:51 [FILTRADOR]   W4 3276: PDF analizado: cargo=False, monto=68000000, texto=$ 68.000.000 
17:27:51 [FILTRADOR]   [W3] Reaudit completado: 4 causas en 1 min 12 seg
17:27:51 [FILTRADOR] [W3] Worker finalizado. Resultados escritos en D:\Remates\temp_workers\result_3.json
17:27:51 [FILTRADOR]   PDF descargado: acta_1529_2023.pdf (174927 bytes)
17:27:51 [FILTRADOR]   W5 1529: PDF analizado: cargo=False, monto=131700791, texto=$131.700.791
17:27:51 [FILTRADOR]   [W2] REAUDIT 5/9: 1467-2025
17:27:51 [FILTRADOR]   W2 [REAUDIT] Buscando 1467-2025 en OJV...
  -> Buscando C-1467-2025...
    Buscando 'C.A. de Valparaíso' en #conCorte... ✓ 'C.A. de Valparaíso' (100.0%)
17:27:53 [FILTRADOR]   [W4] REAUDIT 5/7: 817-2023
17:27:53 [FILTRADOR]   W4 [REAUDIT] Buscando 817-2023 en OJV...
  -> Buscando C-817-2023...
    Buscando '2º Juzgado Civil de Valparaíso' en #conTribunal... ✓ '2º Juzgado Civil de Valparaíso' (100.0%)
17:27:54 [FILTRADOR]   [W5] REAUDIT 5/8: 1366-2025
17:27:54 [FILTRADOR]   W5 [REAUDIT] Buscando 1366-2025 en OJV...
  -> Buscando C-1366-2025...
    Buscando 'C.A. de Antofagasta' en #conCorte... ✓ 'C.A. de Antofagasta' (100.0%)
    Buscando 'C.A. de Temuco' en #conCorte... ✓ 'C.A. de Temuco' (100.0%)
    Buscando '3º Juzgado de Letras de Calama' en #conTribunal... ✓ '3º Juzgado de Letras de Calama' (100.0%)
    Buscando '3º Juzgado Civil de Temuco' en #conTribunal... ✓ '3º Juzgado Civil de Temuco' (100.0%)
  ✓ 48 resultado(s)
  ✓ 45 resultado(s)
  ✓ Detalle abierto
    Buscando 'Apremio' en #selCuaderno... ✓ '2 - Apremio Ejecutivo Obligación de Dar' (100.0%)
  ✓ 225 resultado(s)
  ✓ Detalle abierto
    Buscando 'Apremio' en #selCuaderno... ✓ '2 - Apremio Ejecutivo Obligación de Dar' (100.0%)
  ✓ Detalle abierto
    Buscando 'Apremio' en #selCuaderno... ✓ '2 - Apremio Ejecutivo Obligación de Dar' (100.0%)
17:28:06 [FILTRADOR]   #historiaCiv (reaudit): 58 filas leidas (sin filtro fecha)
17:28:06 [FILTRADOR]   W2 HTML guardado: PENDIENTE_ACTA_C-1467-2025_2º_Juzgado_Civil_de_Valparaíso.html
17:28:06 [FILTRADOR]   W2 [REAUDIT] 1467 -> NECESITA_PDF_ACTA: Acta de remate detectada en tabla (folio 52, 2026-03-26)
17:28:06 [FILTRADOR]   W2 1467: Acta detectada folio 52. Descargando PDF...
17:28:06 [FILTRADOR]   PDF descargado: acta_1467_2025.pdf (310733 bytes)
17:28:06 [FILTRADOR]     PDF sin contenido de acta en texto nativo. Intentando OCR...
17:28:07 [FILTRADOR]   #historiaCiv (reaudit): 65 filas leidas (sin filtro fecha)
17:28:07 [FILTRADOR]   W4 HTML guardado: PENDIENTE_ACTA_C-817-2023_3º_Juzgado_de_Letras_de_Calama.html
17:28:07 [FILTRADOR]   W4 [REAUDIT] 817 -> PENDIENTE_LIQUIDACION: Senal 4: "Ordena liquidar el crédito" (folio 59, 2026-03-26) -> directo a Filtro 3
17:28:09 [FILTRADOR]     OCR exitoso: 4692 chars extraidos
17:28:09 [FILTRADOR]   W2 1467: PDF analizado: cargo=False, monto=39700000, texto=$39.700.000.-
17:28:09 [FILTRADOR]   #historiaCiv (reaudit): 86 filas leidas (sin filtro fecha)
17:28:09 [FILTRADOR]   W5 HTML guardado: PENDIENTE_ACTA_C-1366-2025_3º_Juzgado_Civil_de_Temuco.html
17:28:09 [FILTRADOR]   W5 [REAUDIT] 1366 -> NECESITA_PDF_ACTA: Acta de remate detectada en tabla (folio 77, 2026-03-20)
17:28:09 [FILTRADOR]   W5 1366: Acta detectada folio 77. Descargando PDF...
17:28:10 [FILTRADOR]   PDF descargado: acta_1366_2025.pdf (181288 bytes)
17:28:10 [FILTRADOR]   W5 1366: PDF analizado: cargo=True, monto=40000000, texto=$40.000.000
17:28:10 [FILTRADOR]   [W4] REAUDIT 6/7: 4836-2022
17:28:10 [FILTRADOR]   W4 [REAUDIT] Buscando 4836-2022 en OJV...
  -> Buscando C-4836-2022...
    Buscando 'C.A. de Rancagua' en #conCorte... ✓ 'C.A. de Rancagua' (100.0%)
17:28:12 [FILTRADOR]   [W2] REAUDIT 6/9: 2470-2025
17:28:12 [FILTRADOR]   W2 [REAUDIT] Buscando 2470-2025 en OJV...
  -> Buscando C-2470-2025...
    Buscando '2º Juzgado Civil de Rancagua' en #conTribunal... ✓ '2º Juzgado Civil de Rancagua' (100.0%)
17:28:12 [FILTRADOR]   [W5] REAUDIT 6/8: 5528-2023
17:28:12 [FILTRADOR]   W5 [REAUDIT] Buscando 5528-2023 en OJV...
  -> Buscando C-5528-2023...
    Buscando 'C.A. de Valparaíso' en #conCorte... ✓ 'C.A. de Valparaíso' (100.0%)
    Buscando 'C.A. de Temuco' en #conCorte... ✓ 'C.A. de Temuco' (100.0%)
    Buscando '2º Juzgado Civil de Valparaíso' en #conTribunal... ✓ '2º Juzgado Civil de Valparaíso' (100.0%)
    Buscando '3º Juzgado Civil de Temuco' en #conTribunal... ✓ '3º Juzgado Civil de Temuco' (100.0%)
  ✓ 103 resultado(s)
  ✓ 69 resultado(s)
  ✓ 102 resultado(s)
  ✓ Detalle abierto
    Buscando 'Apremio' en #selCuaderno... ✓ '3 - Apremio Ejecutivo Obligación de Dar' (100.0%)
  ✓ Detalle abierto
    Buscando 'Apremio' en #selCuaderno... ✓ '2 - Apremio Ejecutivo Obligación de Dar' (100.0%)
  ✓ Detalle abierto
    Buscando 'Apremio' en #selCuaderno... ✓ '2 - Apremio Ejecutivo Obligación de Dar' (100.0%)
17:28:26 [FILTRADOR]   #historiaCiv (reaudit): 30 filas leidas (sin filtro fecha)
17:28:26 [FILTRADOR]   W2 HTML guardado: PENDIENTE_ACTA_C-2470-2025_2º_Juzgado_Civil_de_Valparaíso.html
17:28:26 [FILTRADOR]   W2 [REAUDIT] 2470 -> NECESITA_PDF_ACTA: Acta de remate detectada en tabla (folio 22, 2026-03-24)
17:28:26 [FILTRADOR]   W2 2470: Acta detectada folio 22. Descargando PDF...
17:28:26 [FILTRADOR]   PDF descargado: acta_2470_2025.pdf (360631 bytes)
17:28:26 [FILTRADOR]     PDF sin contenido de acta en texto nativo. Intentando OCR...
17:28:28 [FILTRADOR]   #historiaCiv (reaudit): 269 filas leidas (sin filtro fecha)
17:28:28 [FILTRADOR]   W4 HTML guardado: PENDIENTE_ACTA_C-4836-2022_2º_Juzgado_Civil_de_Rancagua.html
17:28:28 [FILTRADOR]   W4 [REAUDIT] 4836 -> PENDIENTE_LIQUIDACION: Senal 4: "Ordena liquidar el crédito" (folio 254, 2026-03-24) -> directo a Filtro 3
17:28:28 [FILTRADOR]   #historiaCiv (reaudit): 123 filas leidas (sin filtro fecha)
17:28:28 [FILTRADOR]   W5 HTML guardado: PENDIENTE_ACTA_C-5528-2023_3º_Juzgado_Civil_de_Temuco.html
17:28:28 [FILTRADOR]   W5 [REAUDIT] 5528 -> NECESITA_PDF_ACTA: Acta de remate detectada en tabla (folio 116, 2026-03-20)
17:28:28 [FILTRADOR]   W5 5528: Acta detectada folio 116. Descargando PDF...
17:28:29 [FILTRADOR]   PDF descargado: acta_5528_2023.pdf (177170 bytes)
17:28:29 [FILTRADOR]   W5 5528: PDF analizado: cargo=True, monto=60000000, texto=$60.000.000
17:28:30 [FILTRADOR]     OCR exitoso: 6134 chars extraidos
17:28:30 [FILTRADOR]   W2 2470: PDF analizado: cargo=False, monto=71000000, texto=$71.000.000.-
17:28:30 [FILTRADOR]   [W4] REAUDIT 7/7: 7366-2024
17:28:30 [FILTRADOR]   W4 [REAUDIT] Buscando 7366-2024 en OJV...
  -> Buscando C-7366-2024...
17:28:31 [FILTRADOR]   [W5] REAUDIT 7/8: 867-2024
17:28:31 [FILTRADOR]   W5 [REAUDIT] Buscando 867-2024 en OJV...
  -> Buscando C-867-2024...
    Buscando 'C.A. de Rancagua' en #conCorte... ✓ 'C.A. de Rancagua' (100.0%)
    Buscando 'C.A. de Temuco' en #conCorte... ✓ 'C.A. de Temuco' (100.0%)
    Buscando '2º Juzgado Civil de Rancagua' en #conTribunal... ✓ '2º Juzgado Civil de Rancagua' (100.0%)
17:28:33 [FILTRADOR]   [W2] REAUDIT 7/9: 3601-2020
17:28:33 [FILTRADOR]   W2 [REAUDIT] Buscando 3601-2020 en OJV...
  -> Buscando C-3601-2020...
    Buscando 'Juzgado de Letras de Villarrica' en #conTribunal... ✓ 'Juzgado de Letras de Villarrica' (100.0%)
    Buscando 'C.A. de Valparaíso' en #conCorte... ✓ 'C.A. de Valparaíso' (100.0%)
    Buscando '2º Juzgado Civil de Viña del Mar' en #conTribunal... ✓ '2º Juzgado Civil de Viña del Mar' (100.0%)
  ✓ 146 resultado(s)
  ✓ 45 resultado(s)
  ✓ 783 resultado(s)
  ✓ Detalle abierto
    Buscando 'Apremio' en #selCuaderno....  ✓ Detalle abierto
    Buscando 'Apremio' en #selCuaderno.... ✓ '2 - Apremio Ejecutivo Obligación de Dar' (100.0%)
..  ✓ Detalle abierto
    Buscando 'Apremio' en #selCuaderno.... ✓ '2 - Apremio Ejecutivo Obligación de Dar' (100.0%)
...17:28:47 [FILTRADOR]   #historiaCiv (reaudit): 55 filas leidas (sin filtro fecha)
17:28:47 [FILTRADOR]   W2 HTML guardado: PENDIENTE_ACTA_C-3601-2020_2º_Juzgado_Civil_de_Viña_del_M.html
17:28:47 [FILTRADOR]   W2 [REAUDIT] 3601 -> sin senales
....17:28:49 [FILTRADOR]   #historiaCiv (reaudit): 83 filas leidas (sin filtro fecha)
17:28:49 [FILTRADOR]   W4 HTML guardado: PENDIENTE_ACTA_C-7366-2024_2º_Juzgado_Civil_de_Rancagua.html
17:28:49 [FILTRADOR]   W4 [REAUDIT] 7366 -> PENDIENTE_LIQUIDACION: Senal 4: "Pone en conocimiento liquidación de crédito" (folio 69, 2026-02-12) -> directo a Filtro 3
.17:28:49 [FILTRADOR]   [W2] REAUDIT 8/9: 549-2025
17:28:49 [FILTRADOR]   W2 [REAUDIT] Buscando 549-2025 en OJV...
  -> Buscando C-549-2025...
..    Buscando 'C.A. de Valparaíso' en #conCorte... ✓ 'C.A. de Valparaíso' (100.0%)
. ✗ no encontrado (mejor score: 37.0%, umbral: 80%)
17:28:51 [FILTRADOR]   [W4] Reaudit completado: 7 causas en 2 min 12 seg
17:28:51 [FILTRADOR] [W4] Worker finalizado. Resultados escritos en D:\Remates\temp_workers\result_4.json
    Buscando '2º Juzgado Civil de Viña del Mar' en #conTribunal... ✓ '2º Juzgado Civil de Viña del Mar' (100.0%)
17:28:56 [FILTRADOR]   #historiaCiv (reaudit): 228 filas leidas (sin filtro fecha)
17:28:56 [FILTRADOR]   W5 HTML guardado: PENDIENTE_ACTA_C-867-2024_Juzgado_de_Letras_de_Villarric.html
17:28:56 [FILTRADOR]   W5 [REAUDIT] 867 -> PENDIENTE_LIQUIDACION: Senal 4: "Pone en conocimiento liquidación de crédito" (folio 204, 2026-02-20) -> directo a Filtro 3
  ✓ 70 resultado(s)
17:28:59 [FILTRADOR]   [W5] REAUDIT 8/8: 102-2025
17:28:59 [FILTRADOR]   W5 [REAUDIT] Buscando 102-2025 en OJV...
  -> Buscando C-102-2025...
    Buscando 'C.A. de Temuco' en #conCorte... ✓ 'C.A. de Temuco' (100.0%)
  ✓ Detalle abierto
    Buscando 'Apremio' en #selCuaderno... ✓ '2 - Apremio Ejecutivo Obligación de Dar' (100.0%)
    Buscando 'Juzgado de Letras y Gar.de Carahue' en #conTribunal... ✓ 'Juzgado de Letras y Gar.de Carahue' (100.0%)
17:29:04 [FILTRADOR]   #historiaCiv (reaudit): 82 filas leidas (sin filtro fecha)
17:29:04 [FILTRADOR]   W2 HTML guardado: PENDIENTE_ACTA_C-549-2025_2º_Juzgado_Civil_de_Viña_del_M.html
17:29:04 [FILTRADOR]   W2 [REAUDIT] 549 -> NECESITA_PDF_ACTA: Acta de remate detectada en tabla (folio 32, 2026-03-04)
17:29:04 [FILTRADOR]   W2 549: Acta detectada folio 32. Descargando PDF...
17:29:05 [FILTRADOR]   PDF descargado: acta_549_2025.pdf (224151 bytes)
17:29:05 [FILTRADOR]   W2 549: PDF analizado: cargo=False, monto=135000000, texto=$135.000.000.-
17:29:08 [FILTRADOR]   [W2] REAUDIT 9/9: 1563-2025
17:29:08 [FILTRADOR]   W2 [REAUDIT] Buscando 1563-2025 en OJV...
  -> Buscando C-1563-2025...
    Buscando 'C.A. de Valparaíso' en #conCorte... ✓ 'C.A. de Valparaíso' (100.0%)
  ✓ 567 resultado(s)
    Buscando '4º Juzgado Civil de Valparaíso' en #conTribunal... ✓ '4º Juzgado Civil de Valparaíso' (100.0%)
  ✓ Detalle abierto
    Buscando 'Apremio' en #selCuaderno... ✓ '2 - Apremio Ejecutivo Obligación de Dar' (100.0%)
17:29:16 [FILTRADOR]   #historiaCiv (reaudit): 37 filas leidas (sin filtro fecha)
17:29:16 [FILTRADOR]   W5 HTML guardado: PENDIENTE_ACTA_C-102-2025_Juzgado_de_Letras_y_Gar.de_Car.html
17:29:16 [FILTRADOR]   W5 [REAUDIT] 102 -> sin senales
  ✓ 105 resultado(s)
17:29:18 [FILTRADOR]   [W5] Reaudit completado: 8 causas en 2 min 39 seg
17:29:18 [FILTRADOR] [W5] Worker finalizado. Resultados escritos en D:\Remates\temp_workers\result_5.json
  ✓ Detalle abierto
    Buscando 'Apremio' en #selCuaderno... ✓ '2 - Apremio Ejecutivo Obligación de Dar' (100.0%)
17:29:23 [FILTRADOR]   #historiaCiv (reaudit): 87 filas leidas (sin filtro fecha)
17:29:23 [FILTRADOR]   W2 HTML guardado: PENDIENTE_ACTA_C-1563-2025_4º_Juzgado_Civil_de_Valparaíso.html
17:29:23 [FILTRADOR]   W2 [REAUDIT] 1563 -> NECESITA_PDF_ACTA: Acta de remate detectada en tabla (folio 58, 2026-03-10)
17:29:23 [FILTRADOR]   W2 1563: Acta detectada folio 58. Descargando PDF...
17:29:23 [FILTRADOR]   PDF descargado: acta_1563_2025.pdf (168106 bytes)
17:29:23 [FILTRADOR]   W2 1563: PDF analizado: cargo=False, monto=110000000, texto=$110.000.000.-
17:29:26 [FILTRADOR]   [W2] Reaudit completado: 9 causas en 2 min 47 seg
17:29:26 [FILTRADOR] [W2] Worker finalizado. Resultados escritos en D:\Remates\temp_workers\result_2.json
