23:10:22 [FILTRADOR] === FILTRADOR DE SALDOS ===
23:10:22 [FILTRADOR] *** MODO SOLO FILTRO 3: Descarga de liquidaciones ***
23:10:22 [FILTRADOR] *** Workers: 5 procesos paralelos ***
23:10:22 [FILTRADOR] === PASO 0: Merge de Reportes ===
23:10:22 [FILTRADOR] Excel madre cargado: 168 causas existentes
23:10:22 [FILTRADOR]   Saltando Reporte_2026-03-07.xlsx (ya importado)
23:10:22 [FILTRADOR]   Saltando Reporte_2026-03-13.xlsx (ya importado)
23:10:22 [FILTRADOR]   Saltando Reporte_2026-03-20.1.xlsx (ya importado)
23:10:22 [FILTRADOR]   Saltando Reporte_2026-03-20.xlsx (ya importado)
23:10:22 [FILTRADOR]   Saltando Reporte_2026-03-21.xlsx (ya importado)
23:10:22 [FILTRADOR]   Saltando Reporte_2026-03-26.xlsx (ya importado)
23:10:22 [FILTRADOR] Total causas nuevas importadas: 0
23:10:22 [FILTRADOR] Total causas en Excel madre: 168
23:10:22 [FILTRADOR] [F3] Procesando 17 causas PENDIENTE_LIQUIDACION
  -> Cargando OJV...
  ✓ Formulario listo
23:10:27 [FILTRADOR] [F3] C-1381-2025 (2º Juzgado Civil de Talcahuano)...
  -> Buscando C-1381-2025...
    Buscando 'C.A. de Concepción' en #conCorte... ✓ 'C.A. de Concepción' (100.0%)
    Buscando '2º Juzgado Civil de Talcahuano' en #conTribunal... ✓ '2º Juzgado Civil de Talcahuano' (100.0%)
  ✓ 2 resultado(s)
  ✓ Detalle abierto
    Buscando 'Apremio' en #selCuaderno... ✓ '2 - Apremio Ejecutivo Obligación de Dar' (100.0%)
23:10:41 [FILTRADOR]   [F3] C-1381-2025: Buscando Liquidacion (Credito) en tabla...
23:10:43 [FILTRADOR]   [F3] C-1381-2025: Liquidacion (Credito) no encontrada en tabla. Pendiente.
23:10:43 [FILTRADOR] [F3] C-2601-2023 (4º Juzgado Civil de Valparaíso)...
  -> Buscando C-2601-2023...
    Buscando 'C.A. de Valparaíso' en #conCorte... ✓ 'C.A. de Valparaíso' (100.0%)
    Buscando '4º Juzgado Civil de Valparaíso' en #conTribunal... ✓ '4º Juzgado Civil de Valparaíso' (100.0%)
  ✓ 116 resultado(s)
  ✓ Detalle abierto
    Buscando 'Apremio' en #selCuaderno... ✓ '2 - Apremio Ejecutivo Obligación de Dar' (100.0%)
23:10:57 [FILTRADOR]   [F3] C-2601-2023: Buscando Liquidacion (Credito) en tabla...
23:11:00 [FILTRADOR]   [F3] C-2601-2023: Liquidacion (Credito) no encontrada en tabla. Pendiente.
23:11:00 [FILTRADOR] [F3] C-1563-2025 (4º Juzgado Civil de Valparaíso)...
  -> Buscando C-1563-2025...
    Buscando 'C.A. de Valparaíso' en #conCorte... ✓ 'C.A. de Valparaíso' (100.0%)
    Buscando '4º Juzgado Civil de Valparaíso' en #conTribunal... ✓ '4º Juzgado Civil de Valparaíso' (100.0%)
  ✓ 182 resultado(s)
  ✓ Detalle abierto
    Buscando 'Apremio' en #selCuaderno... ✓ '2 - Apremio Ejecutivo Obligación de Dar' (100.0%)
23:11:14 [FILTRADOR]   [F3] C-1563-2025: Buscando Liquidacion (Credito) en tabla...
23:11:16 [FILTRADOR]   [F3] C-1563-2025: Liquidacion (Credito) no encontrada en tabla. Pendiente.
23:11:16 [FILTRADOR] [F3] C-2543-2025 (1º Juzgado de Letras de Iquique)...
  -> Buscando C-2543-2025...
    Buscando 'C.A. de Iquique' en #conCorte... ✓ 'C.A. de Iquique' (100.0%)
    Buscando '1º Juzgado de Letras de Iquique' en #conTribunal... ✓ '1º Juzgado de Letras de Iquique' (100.0%)
  ✓ 137 resultado(s)
  ✓ Detalle abierto
    Buscando 'Apremio' en #selCuaderno... ✓ '2 - Apremio Ejecutivo Obligación de Dar' (100.0%)
23:11:30 [FILTRADOR]   [F3] C-2543-2025: Buscando Liquidacion (Credito) en tabla...
23:11:31 [FILTRADOR]   [F3] C-2543-2025: Liquidacion (Credito) no encontrada en tabla. Pendiente.
23:11:32 [FILTRADOR] [F3] C-1833-2025 (1º Juzgado de Letras de la Serena)...
  -> Buscando C-1833-2025...
    Buscando 'C.A. de La Serena' en #conCorte... ✓ 'C.A. de La Serena' (100.0%)
    Buscando '1º Juzgado de Letras de la Serena' en #conTribunal... ✓ '1º Juzgado de Letras de la Serena' (100.0%)
  ✓ 63 resultado(s)
  ✓ Detalle abierto
    Buscando 'Apremio' en #selCuaderno... ✓ '2 - Apremio Ejecutivo Obligación de Dar' (100.0%)
23:11:45 [FILTRADOR]   [F3] C-1833-2025: Buscando Liquidacion (Credito) en tabla...
23:11:46 [FILTRADOR]   [F3] C-1833-2025: Liquidacion (Credito) no encontrada en tabla. Pendiente.
23:11:46 [FILTRADOR] [F3] C-4885-2023 (1º Juzgado Civil de Puerto Montt)...
  -> Buscando C-4885-2023...
    Buscando 'C.A. de Puerto Montt' en #conCorte... ✓ 'C.A. de Puerto Montt' (100.0%)
    Buscando '1º Juzgado Civil de Puerto Montt' en #conTribunal... ✓ '1º Juzgado Civil de Puerto Montt' (100.0%)
  ✓ 36 resultado(s)
  ✓ Detalle abierto
    Buscando 'Apremio' en #selCuaderno... ✓ '2 - Apremio Ejecutivo Obligación de Dar' (100.0%)
23:12:00 [FILTRADOR]   [F3] C-4885-2023: Buscando Liquidacion (Credito) en tabla...
23:12:02 [FILTRADOR]   [F3] C-4885-2023: Liquidacion (Credito) no encontrada en tabla. Pendiente.
23:12:03 [FILTRADOR] [F3] C-7205-2024 (3º Juzgado Civil de Concepción)...
  -> Buscando C-7205-2024...
    Buscando 'C.A. de Concepción' en #conCorte... ✓ 'C.A. de Concepción' (100.0%)
    Buscando '3º Juzgado Civil de Concepción' en #conTribunal... ✓ '3º Juzgado Civil de Concepción' (100.0%)
  ✓ 179 resultado(s)
  ✓ Detalle abierto
    Buscando 'Apremio' en #selCuaderno... ✓ '2 - Apremio Ejecutivo Obligación de Dar' (100.0%)
23:12:17 [FILTRADOR]   [F3] C-7205-2024: Buscando Liquidacion (Credito) en tabla...
23:12:19 [FILTRADOR]   [F3] C-7205-2024: Liquidacion (Credito) no encontrada en tabla. Pendiente.
23:12:20 [FILTRADOR] [F3] C-857-2025 (1º Juzgado de Letras de Coyhaique)...
  -> Buscando C-857-2025...
    Buscando 'C.A. de Coyhaique' en #conCorte... ✓ 'C.A. de Coyhaique' (100.0%)
    Buscando '1º Juzgado de Letras de Coyhaique' en #conTribunal... ✓ '1º Juzgado de Letras de Coyhaique' (100.0%)
  ✓ 84 resultado(s)
  ✓ Detalle abierto
    Buscando 'Apremio' en #selCuaderno... ✓ '2 - Apremio Ejecutivo Obligación de Dar' (100.0%)
23:12:33 [FILTRADOR]   [F3] C-857-2025: Buscando Liquidacion (Credito) en tabla...
23:12:34 [FILTRADOR]   [F3] C-857-2025: Liquidacion (Credito) no encontrada en tabla. Pendiente.
23:12:35 [FILTRADOR] [F3] C-862-2021 (3º Juzgado de Letras de la Serena)...
  -> Buscando C-862-2021...
    Buscando 'C.A. de La Serena' en #conCorte... ✓ 'C.A. de La Serena' (100.0%)
    Buscando '3º Juzgado de Letras de la Serena' en #conTribunal... ✓ '3º Juzgado de Letras de la Serena' (100.0%)
  ✓ 58 resultado(s)
  ✓ Detalle abierto
    Buscando 'Apremio' en #selCuaderno... ✓ '2 - Apremio de desposeimiento' (100.0%)
23:12:48 [FILTRADOR]   [F3] C-862-2021: Buscando Liquidacion (Credito) en tabla...
23:12:51 [FILTRADOR]   [F3] C-862-2021: Liquidacion (Credito) no encontrada en tabla. Pendiente.
23:12:51 [FILTRADOR] [F3] C-1810-2025 (4° Juzgado de Letras Civil de Antofagasta)...
  -> Buscando C-1810-2025...
    Buscando 'C.A. de Antofagasta' en #conCorte... ✓ 'C.A. de Antofagasta' (100.0%)
    Buscando '4° Juzgado de Letras Civil de Antofagasta' en #conTribunal... ✓ '4 ° Juzgado de Letras Civil de Antofagasta' (100.0%)
  ✓ 158 resultado(s)
  ✓ Detalle abierto
    Buscando 'Apremio' en #selCuaderno... ✓ '2 - Apremio Ejecutivo Obligación de Dar' (100.0%)
23:13:05 [FILTRADOR]   [F3] C-1810-2025: Buscando Liquidacion (Credito) en tabla...
23:13:07 [FILTRADOR]   [F3] C-1810-2025: Liquidacion (Credito) no encontrada en tabla. Pendiente.
23:13:07 [FILTRADOR] [F3] C-4837-2024 (3º Juzgado de Letras de Iquique)...
  -> Buscando C-4837-2024...
    Buscando 'C.A. de Iquique' en #conCorte... ✓ 'C.A. de Iquique' (100.0%)
    Buscando '3º Juzgado de Letras de Iquique' en #conTribunal... ✓ '3º Juzgado de Letras de Iquique' (100.0%)
  ✓ 74 resultado(s)
  ✓ Detalle abierto
    Buscando 'Apremio' en #selCuaderno... ✓ '2 - Apremio Ejecutivo Obligación de Dar' (100.0%)
23:13:21 [FILTRADOR]   [F3] C-4837-2024: Buscando Liquidacion (Credito) en tabla...
23:13:23 [FILTRADOR]   [F3] C-4837-2024: Liquidacion (Credito) no encontrada en tabla. Pendiente.
23:13:23 [FILTRADOR] [F3] C-5950-2020 (3º Juzgado Civil de Concepción)...
  -> Buscando C-5950-2020...
    Buscando 'C.A. de Concepción' en #conCorte... ✓ 'C.A. de Concepción' (100.0%)
    Buscando '3º Juzgado Civil de Concepción' en #conTribunal... ✓ '3º Juzgado Civil de Concepción' (100.0%)
  ✓ 154 resultado(s)
  ✓ Detalle abierto
    Buscando 'Apremio' en #selCuaderno... ✓ '2 - Apremio Ejecutivo Obligación de Dar' (100.0%)
23:13:38 [FILTRADOR]   [F3] C-5950-2020: Buscando Liquidacion (Credito) en tabla...
23:13:40 [FILTRADOR]   [F3] C-5950-2020: Liquidacion (Credito) no encontrada en tabla. Pendiente.
23:13:40 [FILTRADOR] [F3] C-1467-2025 (2º Juzgado Civil de Valparaíso)...
  -> Buscando C-1467-2025...
    Buscando 'C.A. de Valparaíso' en #conCorte... ✓ 'C.A. de Valparaíso' (100.0%)
    Buscando '2º Juzgado Civil de Valparaíso' en #conTribunal... ✓ '2º Juzgado Civil de Valparaíso' (100.0%)
  ✓ 122 resultado(s)
  ✓ Detalle abierto
    Buscando 'Apremio' en #selCuaderno... ✓ '2 - Apremio Ejecutivo Obligación de Dar' (100.0%)
23:13:54 [FILTRADOR]   [F3] C-1467-2025: Buscando Liquidacion (Credito) en tabla...
23:13:56 [FILTRADOR]   [F3] C-1467-2025: Liquidacion (Credito) no encontrada en tabla. Pendiente.
23:13:56 [FILTRADOR] [F3] C-3276-2025 (3º Juzgado de Letras Civil de Antofagasta)...
  -> Buscando C-3276-2025...
    Buscando 'C.A. de Antofagasta' en #conCorte... ✓ 'C.A. de Antofagasta' (100.0%)
    Buscando '3º Juzgado de Letras Civil de Antofagasta' en #conTribunal... ✓ '3º Juzgado de Letras Civil de Antofagasta' (100.0%)
  ✓ 69 resultado(s)
  ✓ Detalle abierto
    Buscando 'Apremio' en #selCuaderno... ✓ '2 - Apremio Ejecutivo Obligación de Dar' (100.0%)
23:14:10 [FILTRADOR]   [F3] C-3276-2025: Buscando Liquidacion (Credito) en tabla...
23:14:10 [FILTRADOR]   [F3] C-3276-2025: Liquidacion (Credito) no encontrada en tabla. Pendiente.
23:14:11 [FILTRADOR] [F3] C-2431-2024 (3º Juzgado Civil de Viña del Mar)...
  -> Buscando C-2431-2024...
    Buscando 'C.A. de Valparaíso' en #conCorte... ✓ 'C.A. de Valparaíso' (100.0%)
    Buscando '3º Juzgado Civil de Viña del Mar' en #conTribunal... ✓ '3º Juzgado Civil de Viña del Mar' (100.0%)
  ✓ 45 resultado(s)
  ✓ Detalle abierto
    Buscando 'Apremio' en #selCuaderno... ✓ '2 - Apremio de desposeimiento' (100.0%)
23:14:25 [FILTRADOR]   [F3] C-2431-2024: Buscando Liquidacion (Credito) en tabla...
23:14:26 [FILTRADOR]   [F3] C-2431-2024: Liquidacion (Credito) no encontrada en tabla. Pendiente.
23:14:26 [FILTRADOR] [F3] C-755-2024 (1º Juzgado de Letras de Quilpue)...
  -> Buscando C-755-2024...
    Buscando 'C.A. de Valparaíso' en #conCorte... ✓ 'C.A. de Valparaíso' (100.0%)
    Buscando '1º Juzgado de Letras de Quilpue' en #conTribunal... ✓ '1º Juzgado de Letras de Quilpue' (100.0%)
  ✓ 92 resultado(s)
  ✓ Detalle abierto
    Buscando 'Apremio' en #selCuaderno... ✓ '2 - Apremio Ejecutivo Obligación de Dar' (100.0%)
23:14:40 [FILTRADOR]   [F3] C-755-2024: Buscando Liquidacion (Credito) en tabla...
23:14:41 [FILTRADOR]   [F3] C-755-2024: Liquidacion (Credito) no encontrada en tabla. Pendiente.
23:14:41 [FILTRADOR] [F3] C-817-2023 (3º Juzgado de Letras de Calama)...
  -> Buscando C-817-2023...
    Buscando 'C.A. de Antofagasta' en #conCorte... ✓ 'C.A. de Antofagasta' (100.0%)
    Buscando '3º Juzgado de Letras de Calama' en #conTribunal... ✓ '3º Juzgado de Letras de Calama' (100.0%)
  ✓ 48 resultado(s)
  ✓ Detalle abierto
    Buscando 'Apremio' en #selCuaderno... ✓ '2 - Apremio Ejecutivo Obligación de Dar' (100.0%)
23:14:55 [FILTRADOR]   [F3] C-817-2023: Buscando Liquidacion (Credito) en tabla...
23:14:56 [FILTRADOR]   [F3] C-817-2023: Liquidacion (Credito) no encontrada en tabla. Pendiente.
23:14:57 [FILTRADOR] Generando Excel formateado...
23:14:57 [FILTRADOR]   Pestana 'Revision Manual': 6 causas
23:14:57 [FILTRADOR] Excel madre guardado: D:\Remates\Causas con liq\Causas_posible_saldo.xlsx
23:14:57 [FILTRADOR] [F3] Pestana 'Excedentes Confirmados': 4 causas
23:14:57 [FILTRADOR] [F3] Pestana 'Revision Manual': 5 causas Tipo B
23:14:57 [FILTRADOR] [F3] Excel de liquidaciones guardado: D:\Remates\Causas con liq\Causas_con_liquidacion.xlsx
23:14:57 [FILTRADOR] 
23:14:57 [FILTRADOR] ====================================================
23:14:57 [FILTRADOR]   RESUMEN FILTRO 3
23:14:57 [FILTRADOR] ====================================================
23:14:57 [FILTRADOR]   Causas procesadas:          17
23:14:57 [FILTRADOR]   Excedentes confirmados:     0
23:14:57 [FILTRADOR]   Eliminadas (sin excedente): 0
23:14:57 [FILTRADOR]   Revision manual:            0
23:14:57 [FILTRADOR]   Pendientes (sin cambio):    17
23:14:57 [FILTRADOR] ====================================================
23:14:57 [FILTRADOR] Excel madre guardado: D:\Remates\Causas con liq\Causas_posible_saldo.xlsx
