21:45:17 [FILTRADOR] === FILTRADOR DE SALDOS ===
21:45:17 [FILTRADOR] *** MODO SOLO FILTRO 3: Descarga de liquidaciones ***
21:45:17 [FILTRADOR] *** Workers: 5 procesos paralelos ***
21:45:17 [FILTRADOR] === PASO 0: Merge de Reportes ===
21:45:17 [FILTRADOR] Excel madre cargado: 168 causas existentes
21:45:17 [FILTRADOR]   Saltando Reporte_2026-03-07.xlsx (ya importado)
21:45:17 [FILTRADOR]   Saltando Reporte_2026-03-13.xlsx (ya importado)
21:45:17 [FILTRADOR]   Saltando Reporte_2026-03-20.1.xlsx (ya importado)
21:45:17 [FILTRADOR]   Saltando Reporte_2026-03-20.xlsx (ya importado)
21:45:17 [FILTRADOR]   Saltando Reporte_2026-03-21.xlsx (ya importado)
21:45:17 [FILTRADOR]   Saltando Reporte_2026-03-26.xlsx (ya importado)
21:45:17 [FILTRADOR] Total causas nuevas importadas: 0
21:45:17 [FILTRADOR] Total causas en Excel madre: 168
21:45:17 [FILTRADOR] [F3] Procesando 22 causas PENDIENTE_LIQUIDACION
  -> Cargando OJV...
  ✓ Formulario listo
21:45:21 [FILTRADOR] [F3] C-1381-2025 (2º Juzgado Civil de Talcahuano)...
  -> Buscando C-1381-2025...
    Buscando 'C.A. de Concepción' en #conCorte... ✓ 'C.A. de Concepción' (100.0%)
    Buscando '2º Juzgado Civil de Talcahuano' en #conTribunal... ✓ '2º Juzgado Civil de Talcahuano' (100.0%)
  ✓ 2 resultado(s)
  ✓ Detalle abierto
    Buscando 'Apremio' en #selCuaderno... ✓ '2 - Apremio Ejecutivo Obligación de Dar' (100.0%)
21:45:35 [FILTRADOR]   [F3] C-1381-2025: Buscando Liquidacion (Credito) en tabla...
21:45:37 [FILTRADOR]   [F3] C-1381-2025: Liquidacion (Credito) no encontrada en tabla. Pendiente.
21:45:37 [FILTRADOR] [F3] C-2601-2023 (4º Juzgado Civil de Valparaíso)...
  -> Buscando C-2601-2023...
    Buscando 'C.A. de Valparaíso' en #conCorte... ✓ 'C.A. de Valparaíso' (100.0%)
    Buscando '4º Juzgado Civil de Valparaíso' en #conTribunal... ✓ '4º Juzgado Civil de Valparaíso' (100.0%)
  ✓ 116 resultado(s)
  ✓ Detalle abierto
    Buscando 'Apremio' en #selCuaderno... ✓ '2 - Apremio Ejecutivo Obligación de Dar' (100.0%)
21:45:51 [FILTRADOR]   [F3] C-2601-2023: Buscando Liquidacion (Credito) en tabla...
21:45:54 [FILTRADOR]   [F3] C-2601-2023: Liquidacion (Credito) no encontrada en tabla. Pendiente.
21:45:54 [FILTRADOR] [F3] C-1563-2025 (4º Juzgado Civil de Valparaíso)...
  -> Buscando C-1563-2025...
    Buscando 'C.A. de Valparaíso' en #conCorte... ✓ 'C.A. de Valparaíso' (100.0%)
    Buscando '4º Juzgado Civil de Valparaíso' en #conTribunal... ✓ '4º Juzgado Civil de Valparaíso' (100.0%)
  ✓ 182 resultado(s)
  ✓ Detalle abierto
    Buscando 'Apremio' en #selCuaderno... ✓ '2 - Apremio Ejecutivo Obligación de Dar' (100.0%)
21:46:07 [FILTRADOR]   [F3] C-1563-2025: Buscando Liquidacion (Credito) en tabla...
21:46:09 [FILTRADOR]   [F3] C-1563-2025: Liquidacion (Credito) no encontrada en tabla. Pendiente.
21:46:10 [FILTRADOR] [F3] C-2543-2025 (1º Juzgado de Letras de Iquique)...
  -> Buscando C-2543-2025...
    Buscando 'C.A. de Iquique' en #conCorte... ✓ 'C.A. de Iquique' (100.0%)
    Buscando '1º Juzgado de Letras de Iquique' en #conTribunal... ✓ '1º Juzgado de Letras de Iquique' (100.0%)
  ✓ 137 resultado(s)
  ✓ Detalle abierto
    Buscando 'Apremio' en #selCuaderno... ✓ '2 - Apremio Ejecutivo Obligación de Dar' (100.0%)
21:46:24 [FILTRADOR]   [F3] C-2543-2025: Buscando Liquidacion (Credito) en tabla...
21:46:25 [FILTRADOR]   [F3] C-2543-2025: Liquidacion (Credito) no encontrada en tabla. Pendiente.
21:46:25 [FILTRADOR] [F3] C-1833-2025 (1º Juzgado de Letras de la Serena)...
  -> Buscando C-1833-2025...
    Buscando 'C.A. de La Serena' en #conCorte... ✓ 'C.A. de La Serena' (100.0%)
    Buscando '1º Juzgado de Letras de la Serena' en #conTribunal... ✓ '1º Juzgado de Letras de la Serena' (100.0%)
  ✓ 63 resultado(s)
  ✓ Detalle abierto
    Buscando 'Apremio' en #selCuaderno... ✓ '2 - Apremio Ejecutivo Obligación de Dar' (100.0%)
21:46:39 [FILTRADOR]   [F3] C-1833-2025: Buscando Liquidacion (Credito) en tabla...
21:46:40 [FILTRADOR]   [F3] C-1833-2025: Liquidacion (Credito) no encontrada en tabla. Pendiente.
21:46:40 [FILTRADOR] [F3] C-549-2025 (2º Juzgado Civil de Viña del Mar)...
  -> Buscando C-549-2025...
    Buscando 'C.A. de Valparaíso' en #conCorte... ✓ 'C.A. de Valparaíso' (100.0%)
    Buscando '2º Juzgado Civil de Viña del Mar' en #conTribunal... ✓ '2º Juzgado Civil de Viña del Mar' (100.0%)
  ✓ 36 resultado(s)
  ✓ Detalle abierto
    Buscando 'Apremio' en #selCuaderno... ✓ '2 - Apremio Ejecutivo Obligación de Dar' (100.0%)
21:46:54 [FILTRADOR]   [F3] C-549-2025: Buscando Liquidacion (Credito) en tabla...
21:46:54 [FILTRADOR]   [F3] C-549-2025: Liquidacion (Credito) encontrada en folio 68. Descargando...
21:46:55 [FILTRADOR]   PDF descargado: 549-2025_liquidacion.pdf (344446 bytes)
21:46:55 [FILTRADOR]   [F3] C-549-2025: PDF descargado. Analizando...
21:46:55 [FILTRADOR]   [F3] C-549-2025: Texto extraido (7687 chars, OCR)
21:46:55 [FILTRADOR]   [F3] C-549-2025: Liquidacion Tipo B (solo deuda). Credito adeudado: $149,572,929
21:46:55 [FILTRADOR]   [F3] C-549-2025: Tipo B + acta: delta $-14,572,929 -> ELIMINAR
21:46:56 [FILTRADOR] [F3] C-93-2024 (Juzgado de Letras y Gar. de Chanco)...
  -> Buscando C-93-2024...
    Buscando 'C.A. de Talca' en #conCorte... ✓ 'C.A. de Talca' (100.0%)
    Buscando 'Juzgado de Letras y Gar. de Chanco' en #conTribunal... ✓ 'Juzgado de Letras y Gar. de Chanco' (100.0%)
  ✓ 105 resultado(s)
  ✓ Detalle abierto
    Buscando 'Apremio' en #selCuaderno... ✓ '2 - Apremio de desposeimiento' (100.0%)
21:47:10 [FILTRADOR]   [F3] C-93-2024: Buscando Liquidacion (Credito) en tabla...
21:47:11 [FILTRADOR]   [F3] C-93-2024: Liquidacion (Credito) encontrada en folio 78. Descargando...
21:47:11 [FILTRADOR]   PDF descargado: 93-2024_liquidacion.pdf (287200 bytes)
21:47:11 [FILTRADOR]   [F3] C-93-2024: PDF descargado. Analizando...
21:47:11 [FILTRADOR]   [F3] C-93-2024: Texto extraido (5666 chars, OCR)
21:47:11 [FILTRADOR]   [F3] C-93-2024: Liquidacion Tipo B (solo deuda). Credito adeudado: $4,809,783
21:47:11 [FILTRADOR]   [F3] C-93-2024: Tipo B + acta: $215,000,000 - $4,809,783 = $210,190,217 -> EXCEDENTE_CONFIRMADO
21:47:12 [FILTRADOR] [F3] C-4885-2023 (1º Juzgado Civil de Puerto Montt)...
  -> Buscando C-4885-2023...
    Buscando 'C.A. de Puerto Montt' en #conCorte... ✓ 'C.A. de Puerto Montt' (100.0%)
    Buscando '1º Juzgado Civil de Puerto Montt' en #conTribunal... ✓ '1º Juzgado Civil de Puerto Montt' (100.0%)
  ✓ 103 resultado(s)
  ✓ Detalle abierto
    Buscando 'Apremio' en #selCuaderno... ✓ '2 - Apremio Ejecutivo Obligación de Dar' (100.0%)
21:47:26 [FILTRADOR]   [F3] C-4885-2023: Buscando Liquidacion (Credito) en tabla...
21:47:28 [FILTRADOR]   [F3] C-4885-2023: Liquidacion (Credito) no encontrada en tabla. Pendiente.
21:47:29 [FILTRADOR] [F3] C-7205-2024 (3º Juzgado Civil de Concepción)...
  -> Buscando C-7205-2024...
    Buscando 'C.A. de Concepción' en #conCorte... ✓ 'C.A. de Concepción' (100.0%)
    Buscando '3º Juzgado Civil de Concepción' en #conTribunal... ✓ '3º Juzgado Civil de Concepción' (100.0%)
  ✓ 179 resultado(s)
  ✓ Detalle abierto
    Buscando 'Apremio' en #selCuaderno... ✓ '2 - Apremio Ejecutivo Obligación de Dar' (100.0%)
21:47:43 [FILTRADOR]   [F3] C-7205-2024: Buscando Liquidacion (Credito) en tabla...
21:47:45 [FILTRADOR]   [F3] C-7205-2024: Liquidacion (Credito) no encontrada en tabla. Pendiente.
21:47:46 [FILTRADOR] [F3] C-2609-2025 (1º Juzgado Civil de Rancagua)...
  -> Buscando C-2609-2025...
    Buscando 'C.A. de Rancagua' en #conCorte... ✓ 'C.A. de Rancagua' (100.0%)
    Buscando '1º Juzgado Civil de Rancagua' en #conTribunal... ✓ '1º Juzgado Civil de Rancagua' (100.0%)
  ✓ 84 resultado(s)
  ✓ Detalle abierto
    Buscando 'Apremio' en #selCuaderno... ✓ '2 - Apremio Ejecutivo Obligación de Dar' (100.0%)
21:47:59 [FILTRADOR]   [F3] C-2609-2025: Buscando Liquidacion (Credito) en tabla...
21:48:00 [FILTRADOR]   [F3] C-2609-2025: Liquidacion (Credito) encontrada en folio 44. Descargando...
21:48:01 [FILTRADOR]   PDF descargado: 2609-2025_liquidacion.pdf (688763 bytes)
21:48:01 [FILTRADOR]   [F3] C-2609-2025: PDF descargado. Analizando...
21:48:01 [FILTRADOR]   [F3] C-2609-2025: Texto extraido (7776 chars, OCR)
21:48:01 [FILTRADOR]   [F3] C-2609-2025: Liquidacion Tipo B (solo deuda). Credito adeudado: $1,189,999
21:48:01 [FILTRADOR]   [F3] C-2609-2025: Tipo B + acta: $180,000,000 - $1,189,999 = $178,810,001 -> EXCEDENTE_CONFIRMADO
21:48:01 [FILTRADOR] [F3] C-857-2025 (1º Juzgado de Letras de Coyhaique)...
  -> Buscando C-857-2025...
    Buscando 'C.A. de Coyhaique' en #conCorte... ✓ 'C.A. de Coyhaique' (100.0%)
    Buscando '1º Juzgado de Letras de Coyhaique' en #conTribunal... ✓ '1º Juzgado de Letras de Coyhaique' (100.0%)
  ✓ 82 resultado(s)
  ✓ Detalle abierto
    Buscando 'Apremio' en #selCuaderno... ✓ '2 - Apremio Ejecutivo Obligación de Dar' (100.0%)
21:48:15 [FILTRADOR]   [F3] C-857-2025: Buscando Liquidacion (Credito) en tabla...
21:48:16 [FILTRADOR]   [F3] C-857-2025: Liquidacion (Credito) no encontrada en tabla. Pendiente.
21:48:17 [FILTRADOR] [F3] C-862-2021 (3º Juzgado de Letras de la Serena)...
  -> Buscando C-862-2021...
    Buscando 'C.A. de La Serena' en #conCorte... ✓ 'C.A. de La Serena' (100.0%)
    Buscando '3º Juzgado de Letras de la Serena' en #conTribunal... ✓ '3º Juzgado de Letras de la Serena' (100.0%)
  ✓ 58 resultado(s)
  ✓ Detalle abierto
    Buscando 'Apremio' en #selCuaderno... ✓ '2 - Apremio de desposeimiento' (100.0%)
21:48:30 [FILTRADOR]   [F3] C-862-2021: Buscando Liquidacion (Credito) en tabla...
21:48:33 [FILTRADOR]   [F3] C-862-2021: Liquidacion (Credito) no encontrada en tabla. Pendiente.
21:48:33 [FILTRADOR] [F3] C-1810-2025 (4° Juzgado de Letras Civil de Antofagasta)...
  -> Buscando C-1810-2025...
    Buscando 'C.A. de Antofagasta' en #conCorte... ✓ 'C.A. de Antofagasta' (100.0%)
    Buscando '4° Juzgado de Letras Civil de Antofagasta' en #conTribunal... ✓ '4 ° Juzgado de Letras Civil de Antofagasta' (100.0%)
  ✓ 158 resultado(s)
  ✓ Detalle abierto
    Buscando 'Apremio' en #selCuaderno... ✓ '2 - Apremio Ejecutivo Obligación de Dar' (100.0%)
21:48:47 [FILTRADOR]   [F3] C-1810-2025: Buscando Liquidacion (Credito) en tabla...
21:48:49 [FILTRADOR]   [F3] C-1810-2025: Liquidacion (Credito) no encontrada en tabla. Pendiente.
21:48:49 [FILTRADOR] [F3] C-4837-2024 (3º Juzgado de Letras de Iquique)...
  -> Buscando C-4837-2024...
    Buscando 'C.A. de Iquique' en #conCorte... ✓ 'C.A. de Iquique' (100.0%)
    Buscando '3º Juzgado de Letras de Iquique' en #conTribunal... ✓ '3º Juzgado de Letras de Iquique' (100.0%)
  ✓ 74 resultado(s)
  ✓ Detalle abierto
    Buscando 'Apremio' en #selCuaderno... ✓ '2 - Apremio Ejecutivo Obligación de Dar' (100.0%)
21:49:03 [FILTRADOR]   [F3] C-4837-2024: Buscando Liquidacion (Credito) en tabla...
21:49:05 [FILTRADOR]   [F3] C-4837-2024: Liquidacion (Credito) no encontrada en tabla. Pendiente.
21:49:05 [FILTRADOR] [F3] C-5950-2020 (3º Juzgado Civil de Concepción)...
  -> Buscando C-5950-2020...
    Buscando 'C.A. de Concepción' en #conCorte... ✓ 'C.A. de Concepción' (100.0%)
    Buscando '3º Juzgado Civil de Concepción' en #conTribunal... ✓ '3º Juzgado Civil de Concepción' (100.0%)
  ✓ 154 resultado(s)
  ✓ Detalle abierto
    Buscando 'Apremio' en #selCuaderno... ✓ '2 - Apremio Ejecutivo Obligación de Dar' (100.0%)
21:49:20 [FILTRADOR]   [F3] C-5950-2020: Buscando Liquidacion (Credito) en tabla...
21:49:22 [FILTRADOR]   [F3] C-5950-2020: Liquidacion (Credito) no encontrada en tabla. Pendiente.
21:49:22 [FILTRADOR] [F3] C-1467-2025 (2º Juzgado Civil de Valparaíso)...
  -> Buscando C-1467-2025...
    Buscando 'C.A. de Valparaíso' en #conCorte... ✓ 'C.A. de Valparaíso' (100.0%)
    Buscando '2º Juzgado Civil de Valparaíso' en #conTribunal... ✓ '2º Juzgado Civil de Valparaíso' (100.0%)
  ✓ 122 resultado(s)
  ✓ Detalle abierto
    Buscando 'Apremio' en #selCuaderno... ✓ '2 - Apremio Ejecutivo Obligación de Dar' (100.0%)
21:49:36 [FILTRADOR]   [F3] C-1467-2025: Buscando Liquidacion (Credito) en tabla...
21:49:38 [FILTRADOR]   [F3] C-1467-2025: Liquidacion (Credito) no encontrada en tabla. Pendiente.
21:49:38 [FILTRADOR] [F3] C-2540-2025 (1º Juzgado Civil de Temuco)...
  -> Buscando C-2540-2025...
    Buscando 'C.A. de Temuco' en #conCorte... ✓ 'C.A. de Temuco' (100.0%)
    Buscando '1º Juzgado Civil de Temuco' en #conTribunal... ✓ '1º Juzgado Civil de Temuco' (100.0%)
  ✓ 69 resultado(s)
  ✓ Detalle abierto
    Buscando 'Apremio' en #selCuaderno... ✓ '2 - Apremio Ejecutivo Obligación de Dar' (100.0%)
21:49:52 [FILTRADOR]   [F3] C-2540-2025: Buscando Liquidacion (Credito) en tabla...
21:49:52 [FILTRADOR]   [F3] C-2540-2025: Liquidacion (Credito) encontrada en folio 30. Descargando...
21:49:53 [FILTRADOR]   PDF descargado: 2540-2025_liquidacion.pdf (589885 bytes)
21:49:53 [FILTRADOR]   [F3] C-2540-2025: PDF descargado. Analizando...
21:49:53 [FILTRADOR]   [F3] C-2540-2025: Texto extraido (4030 chars, OCR)
21:49:53 [FILTRADOR]   [F3] C-2540-2025: Liquidacion Tipo B (solo deuda). Credito adeudado: $38,814,021
21:49:53 [FILTRADOR]   [F3] C-2540-2025: Tipo B + acta: $61,200,000 - $38,814,021 = $22,385,979 -> EXCEDENTE_CONFIRMADO
21:49:54 [FILTRADOR] [F3] C-3323-2024 (3º Juzgado de Letras de Iquique)...
  -> Buscando C-3323-2024...
    Buscando 'C.A. de Iquique' en #conCorte... ✓ 'C.A. de Iquique' (100.0%)
    Buscando '3º Juzgado de Letras de Iquique' en #conTribunal... ✓ '3º Juzgado de Letras de Iquique' (100.0%)
  ✓ 62 resultado(s)
  ✓ Detalle abierto
    Buscando 'Apremio' en #selCuaderno... ✓ '2 - Apremio Ejecutivo Obligación de Dar' (100.0%)
21:50:07 [FILTRADOR]   [F3] C-3323-2024: Buscando Liquidacion (Credito) en tabla...
21:50:08 [FILTRADOR]   [F3] C-3323-2024: Liquidacion (Credito) encontrada en folio 38. Descargando...
21:50:09 [FILTRADOR]   PDF descargado: 3323-2024_liquidacion.pdf (160733 bytes)
21:50:09 [FILTRADOR]   [F3] C-3323-2024: PDF descargado. Analizando...
21:50:09 [FILTRADOR]   [F3] C-3323-2024: Texto extraido (2888 chars, nativo)
21:50:09 [FILTRADOR]   [F3] C-3323-2024: Liquidacion Tipo B (solo deuda). Credito adeudado: $56,667,615
21:50:09 [FILTRADOR]   [F3] C-3323-2024: Tipo B + acta: $106,333,000 - $56,667,615 = $49,665,385 -> EXCEDENTE_CONFIRMADO
21:50:09 [FILTRADOR] [F3] C-3276-2025 (3º Juzgado de Letras Civil de Antofagasta)...
  -> Buscando C-3276-2025...
    Buscando 'C.A. de Antofagasta' en #conCorte... ✓ 'C.A. de Antofagasta' (100.0%)
    Buscando '3º Juzgado de Letras Civil de Antofagasta' en #conTribunal... ✓ '3º Juzgado de Letras Civil de Antofagasta' (100.0%)
  ✓ 153 resultado(s)
  ✓ Detalle abierto
    Buscando 'Apremio' en #selCuaderno... ✓ '2 - Apremio Ejecutivo Obligación de Dar' (100.0%)
21:50:23 [FILTRADOR]   [F3] C-3276-2025: Buscando Liquidacion (Credito) en tabla...
21:50:24 [FILTRADOR]   [F3] C-3276-2025: Liquidacion (Credito) no encontrada en tabla. Pendiente.
21:50:24 [FILTRADOR] [F3] C-2431-2024 (3º Juzgado Civil de Viña del Mar)...
  -> Buscando C-2431-2024...
    Buscando 'C.A. de Valparaíso' en #conCorte.... ✓ 'C.A. de Valparaíso' (100.0%)
    Buscando '3º Juzgado Civil de Viña del Mar' en #conTribunal... ✓ '3º Juzgado Civil de Viña del Mar' (100.0%)
  ✓ 45 resultado(s)
  ✓ Detalle abierto
    Buscando 'Apremio' en #selCuaderno... ✓ '2 - Apremio de desposeimiento' (100.0%)
21:50:39 [FILTRADOR]   [F3] C-2431-2024: Buscando Liquidacion (Credito) en tabla...
21:50:40 [FILTRADOR]   [F3] C-2431-2024: Liquidacion (Credito) no encontrada en tabla. Pendiente.
21:50:40 [FILTRADOR] [F3] C-755-2024 (1º Juzgado de Letras de Quilpue)...
  -> Buscando C-755-2024...
    Buscando 'C.A. de Valparaíso' en #conCorte... ✓ 'C.A. de Valparaíso' (100.0%)
    Buscando '1º Juzgado de Letras de Quilpue' en #conTribunal... ✓ '1º Juzgado de Letras de Quilpue' (100.0%)
  ✓ 92 resultado(s)
  ✓ Detalle abierto
    Buscando 'Apremio' en #selCuaderno... ✓ '2 - Apremio Ejecutivo Obligación de Dar' (100.0%)
21:50:54 [FILTRADOR]   [F3] C-755-2024: Buscando Liquidacion (Credito) en tabla...
21:50:55 [FILTRADOR]   [F3] C-755-2024: Liquidacion (Credito) no encontrada en tabla. Pendiente.
21:50:55 [FILTRADOR] [F3] C-817-2023 (3º Juzgado de Letras de Calama)...
  -> Buscando C-817-2023...
    Buscando 'C.A. de Antofagasta' en #conCorte... ✓ 'C.A. de Antofagasta' (100.0%)
    Buscando '3º Juzgado de Letras de Calama' en #conTribunal... ✓ '3º Juzgado de Letras de Calama' (100.0%)
  ✓ 48 resultado(s)
  ✓ Detalle abierto
    Buscando 'Apremio' en #selCuaderno... ✓ '2 - Apremio Ejecutivo Obligación de Dar' (100.0%)
21:51:09 [FILTRADOR]   [F3] C-817-2023: Buscando Liquidacion (Credito) en tabla...
21:51:10 [FILTRADOR]   [F3] C-817-2023: Liquidacion (Credito) no encontrada en tabla. Pendiente.
21:51:11 [FILTRADOR] Generando Excel formateado...
21:51:11 [FILTRADOR]   Pestana 'Revision Manual': 6 causas
21:51:11 [FILTRADOR] Excel madre guardado: D:\Remates\Causas con liq\Causas_posible_saldo.xlsx
21:51:11 [FILTRADOR] [F3] Pestana 'Excedentes Confirmados': 5 causas
21:51:11 [FILTRADOR] [F3] Pestana 'Revision Manual': 5 causas Tipo B
21:51:11 [FILTRADOR] [F3] Excel de liquidaciones guardado: D:\Remates\Causas con liq\Causas_con_liquidacion.xlsx
21:51:11 [FILTRADOR] 
21:51:11 [FILTRADOR] ====================================================
21:51:11 [FILTRADOR]   RESUMEN FILTRO 3
21:51:11 [FILTRADOR] ====================================================
21:51:11 [FILTRADOR]   Causas procesadas:          22
21:51:11 [FILTRADOR]   Excedentes confirmados:     4
21:51:11 [FILTRADOR]   Eliminadas (sin excedente): 1
21:51:11 [FILTRADOR]   Revision manual:            0
21:51:11 [FILTRADOR]   Pendientes (sin cambio):    17
21:51:11 [FILTRADOR] ====================================================
21:51:11 [FILTRADOR] Excel madre guardado: D:\Remates\Causas con liq\Causas_posible_saldo.xlsx
